<html>
<body>
<pre>
<h1>µVision Build Log</h1>
<h2>Tool Versions:</h2>
IDE-Version: ¦ÌVision V5.14.2.1
Copyright (C) 2015 ARM Ltd and ARM Germany GmbH. All rights reserved.
License Information: zhang yang, swjtu, LIC=8VRJ7-ERI84-631MB-25YZQ-2CWLL-49JCW
 
Tool Versions:
Toolchain:       MDK-ARM Standard  Version: 5.36.0.0
Toolchain Path:  E:\keil5\ARM\ARMCC\Bin
C Compiler:      Armcc.exe V5.06 update 7 (build 960)
Assembler:       Armasm.exe V5.06 update 7 (build 960)
Linker/Locator:  ArmLink.exe V5.06 update 7 (build 960)
Library Manager: ArmAr.exe V5.06 update 7 (build 960)
Hex Converter:   FromElf.exe V5.06 update 7 (build 960)
CPU DLL:         SARMCM3.DLL V5.36.0.0
Dialog DLL:      DCM.DLL V1.17.3.0
Target DLL:      UL2CM3.DLL V1.164.0.0
Dialog DLL:      TCM.DLL V1.53.0.0
 
<h2>Project:</h2>
e:\STM32CubeMX\projects\freertos\TEMP\MDK-ARM\TEMP.uvprojx
Project File Date:  10/08/2024

<h2>Output:</h2>
*** Using Compiler 'V5.06 update 7 (build 960)', folder: 'E:\keil5\ARM\ARMCC\Bin'
Rebuild target 'TEMP'
assembling startup_stm32f407xx.s...
compiling main.c...
compiling gpio.c...
compiling freertos.c...
compiling can.c...
compiling stm32f4xx_it.c...
compiling stm32f4xx_hal_msp.c...
compiling stm32f4xx_hal_timebase_tim.c...
compiling stm32f4xx_hal_can.c...
compiling stm32f4xx_hal_rcc.c...
compiling stm32f4xx_hal_rcc_ex.c...
compiling stm32f4xx_hal_flash.c...
compiling stm32f4xx_hal_flash_ex.c...
compiling stm32f4xx_hal_flash_ramfunc.c...
compiling stm32f4xx_hal_gpio.c...
compiling stm32f4xx_hal_dma_ex.c...
compiling stm32f4xx_hal_dma.c...
compiling stm32f4xx_hal_pwr.c...
compiling stm32f4xx_hal_pwr_ex.c...
compiling stm32f4xx_hal_cortex.c...
compiling stm32f4xx_hal.c...
compiling stm32f4xx_hal_exti.c...
compiling stm32f4xx_hal_tim.c...
compiling stm32f4xx_hal_tim_ex.c...
compiling system_stm32f4xx.c...
compiling croutine.c...
compiling event_groups.c...
compiling list.c...
compiling queue.c...
compiling stream_buffer.c...
compiling tasks.c...
compiling timers.c...
compiling cmsis_os2.c...
compiling heap_4.c...
compiling port.c...
compiling calculate.c...
..\TASK\calculate.c(7): warning:  #177-D: variable "current_time"  was declared but never referenced
  uint32_t current_time;
..\TASK\calculate.c(9): warning:  #550-D: variable "i0"  was set but never used
        double i0,i1,i2,L,aj;
..\TASK\calculate.c(9): warning:  #550-D: variable "i1"  was set but never used
        double i0,i1,i2,L,aj;
..\TASK\calculate.c(9): warning:  #550-D: variable "i2"  was set but never used
        double i0,i1,i2,L,aj;
..\TASK\calculate.c: 4 warnings, 0 errors
compiling TX.c...
compiling pid.c...
compiling can_rec.c...
linking...
Program Size: Code=31556 RO-data=1100 RW-data=180 ZI-data=24820  
FromELF: creating hex file...
"TEMP\TEMP.axf" - 0 Error(s), 4 Warning(s).

<h2>Software Packages used:</h2>

Package Vendor: ARM
                http://www.keil.com/pack/ARM.CMSIS.5.8.0.pack
                ARM::CMSIS:CORE:5.5.0
                CMSIS (Common Microcontroller Software Interface Standard)
   * Component: CORE Version: 5.5.0

<h2>Collection of Component include folders:</h2>
  e:\STM32CubeMX\projects\freertos\TEMP\MDK-ARM\RTE
  E:\keil5\ARM\CMSIS\5.8.0\CMSIS\Core\Include
  E:\keil5\Keil\STM32F4xx_DFP\2.16.0\Drivers\CMSIS\Device\ST\STM32F4xx\Include

<h2>Collection of Component Files used:</h2>

   * Component: ARM::CMSIS:CORE:5.5.0
      Source file:   CMSIS\Core\Template\ARMv8-M\tz_context.c
      Include file:  CMSIS\Core\Include\tz_context.h
      Source file:   CMSIS\Core\Template\ARMv8-M\main_s.c
</pre>
</body>
</html>
