Component: ARM Compiler 5.06 update 7 (build 960) Tool: armlink [4d3601]

==============================================================================

Section Cross References

    startup_stm32f407xx.o(RESET) refers to startup_stm32f407xx.o(STACK) for __initial_sp
    startup_stm32f407xx.o(RESET) refers to startup_stm32f407xx.o(.text) for Reset_Handler
    startup_stm32f407xx.o(RESET) refers to stm32f4xx_it.o(i.NMI_Handler) for NMI_Handler
    startup_stm32f407xx.o(RESET) refers to stm32f4xx_it.o(i.HardFault_Handler) for HardFault_Handler
    startup_stm32f407xx.o(RESET) refers to stm32f4xx_it.o(i.MemManage_Handler) for MemManage_Handler
    startup_stm32f407xx.o(RESET) refers to stm32f4xx_it.o(i.BusFault_Handler) for BusFault_Handler
    startup_stm32f407xx.o(RESET) refers to stm32f4xx_it.o(i.UsageFault_Handler) for UsageFault_Handler
    startup_stm32f407xx.o(RESET) refers to port.o(.emb_text) for SVC_Handler
    startup_stm32f407xx.o(RESET) refers to stm32f4xx_it.o(i.DebugMon_Handler) for DebugMon_Handler
    startup_stm32f407xx.o(RESET) refers to cmsis_os2.o(i.SysTick_Handler) for SysTick_Handler
    startup_stm32f407xx.o(RESET) refers to stm32f4xx_it.o(i.CAN1_TX_IRQHandler) for CAN1_TX_IRQHandler
    startup_stm32f407xx.o(RESET) refers to stm32f4xx_it.o(i.CAN1_RX0_IRQHandler) for CAN1_RX0_IRQHandler
    startup_stm32f407xx.o(RESET) refers to stm32f4xx_it.o(i.TIM1_UP_TIM10_IRQHandler) for TIM1_UP_TIM10_IRQHandler
    startup_stm32f407xx.o(RESET) refers to stm32f4xx_it.o(i.CAN2_TX_IRQHandler) for CAN2_TX_IRQHandler
    startup_stm32f407xx.o(RESET) refers to stm32f4xx_it.o(i.CAN2_RX0_IRQHandler) for CAN2_RX0_IRQHandler
    startup_stm32f407xx.o(.text) refers to system_stm32f4xx.o(i.SystemInit) for SystemInit
    startup_stm32f407xx.o(.text) refers to entry.o(.ARM.Collect$$$$00000000) for __main
    main.o(i.HAL_TIM_PeriodElapsedCallback) refers to stm32f4xx_hal.o(i.HAL_IncTick) for HAL_IncTick
    main.o(i.SystemClock_Config) refers to memseta.o(.text) for __aeabi_memclr4
    main.o(i.SystemClock_Config) refers to stm32f4xx_hal_rcc.o(i.HAL_RCC_OscConfig) for HAL_RCC_OscConfig
    main.o(i.SystemClock_Config) refers to main.o(i.Error_Handler) for Error_Handler
    main.o(i.SystemClock_Config) refers to stm32f4xx_hal_rcc.o(i.HAL_RCC_ClockConfig) for HAL_RCC_ClockConfig
    main.o(i.main) refers to stm32f4xx_hal.o(i.HAL_Init) for HAL_Init
    main.o(i.main) refers to main.o(i.SystemClock_Config) for SystemClock_Config
    main.o(i.main) refers to gpio.o(i.MX_GPIO_Init) for MX_GPIO_Init
    main.o(i.main) refers to can.o(i.MX_CAN1_Init) for MX_CAN1_Init
    main.o(i.main) refers to can.o(i.MX_CAN2_Init) for MX_CAN2_Init
    main.o(i.main) refers to can_rec.o(i.my_can_filter_init_recv_all) for my_can_filter_init_recv_all
    main.o(i.main) refers to cmsis_os2.o(i.osKernelInitialize) for osKernelInitialize
    main.o(i.main) refers to freertos.o(i.MX_FREERTOS_Init) for MX_FREERTOS_Init
    main.o(i.main) refers to cmsis_os2.o(i.osKernelStart) for osKernelStart
    main.o(i.main) refers to can.o(.bss) for hcan1
    freertos.o(i.MX_FREERTOS_Init) refers to cmsis_os2.o(i.osThreadNew) for osThreadNew
    freertos.o(i.MX_FREERTOS_Init) refers to freertos.o(.constdata) for defaultTask_attributes
    freertos.o(i.MX_FREERTOS_Init) refers to freertos.o(i.StartDefaultTask) for StartDefaultTask
    freertos.o(i.MX_FREERTOS_Init) refers to freertos.o(.data) for defaultTaskHandle
    freertos.o(i.MX_FREERTOS_Init) refers to tx.o(i.TX) for TX
    freertos.o(i.MX_FREERTOS_Init) refers to calculate.o(i.CALCULATE) for CALCULATE
    freertos.o(i.MX_FREERTOS_Init) refers to freertos.o(i.StartTask04) for StartTask04
    freertos.o(i.StartDefaultTask) refers to cmsis_os2.o(i.osDelay) for osDelay
    freertos.o(i.StartTask04) refers to cmsis_os2.o(i.osDelay) for osDelay
    freertos.o(.constdata) refers to freertos.o(.conststring) for .conststring
    can.o(i.HAL_CAN_MspDeInit) refers to stm32f4xx_hal_gpio.o(i.HAL_GPIO_DeInit) for HAL_GPIO_DeInit
    can.o(i.HAL_CAN_MspDeInit) refers to stm32f4xx_hal_cortex.o(i.HAL_NVIC_DisableIRQ) for HAL_NVIC_DisableIRQ
    can.o(i.HAL_CAN_MspDeInit) refers to can.o(.data) for HAL_RCC_CAN1_CLK_ENABLED
    can.o(i.HAL_CAN_MspInit) refers to memseta.o(.text) for __aeabi_memclr4
    can.o(i.HAL_CAN_MspInit) refers to stm32f4xx_hal_gpio.o(i.HAL_GPIO_Init) for HAL_GPIO_Init
    can.o(i.HAL_CAN_MspInit) refers to stm32f4xx_hal_cortex.o(i.HAL_NVIC_SetPriority) for HAL_NVIC_SetPriority
    can.o(i.HAL_CAN_MspInit) refers to stm32f4xx_hal_cortex.o(i.HAL_NVIC_EnableIRQ) for HAL_NVIC_EnableIRQ
    can.o(i.HAL_CAN_MspInit) refers to can.o(.data) for HAL_RCC_CAN1_CLK_ENABLED
    can.o(i.MX_CAN1_Init) refers to stm32f4xx_hal_can.o(i.HAL_CAN_Init) for HAL_CAN_Init
    can.o(i.MX_CAN1_Init) refers to main.o(i.Error_Handler) for Error_Handler
    can.o(i.MX_CAN1_Init) refers to can.o(.bss) for hcan1
    can.o(i.MX_CAN2_Init) refers to stm32f4xx_hal_can.o(i.HAL_CAN_Init) for HAL_CAN_Init
[...]
    i.HAL_CAN_AddTxMessage                   0x080010c2   Section        0  stm32f4xx_hal_can.o(i.HAL_CAN_AddTxMessage)
    i.HAL_CAN_ConfigFilter                   0x08001218   Section        0  stm32f4xx_hal_can.o(i.HAL_CAN_ConfigFilter)
    i.HAL_CAN_ErrorCallback                  0x0800133c   Section        0  stm32f4xx_hal_can.o(i.HAL_CAN_ErrorCallback)
    i.HAL_CAN_GetRxMessage                   0x0800133e   Section        0  stm32f4xx_hal_can.o(i.HAL_CAN_GetRxMessage)
    i.HAL_CAN_GetTxMailboxesFreeLevel        0x080014b8   Section        0  stm32f4xx_hal_can.o(i.HAL_CAN_GetTxMailboxesFreeLevel)
    i.HAL_CAN_IRQHandler                     0x080014ee   Section        0  stm32f4xx_hal_can.o(i.HAL_CAN_IRQHandler)
    i.HAL_CAN_Init                           0x0800173c   Section        0  stm32f4xx_hal_can.o(i.HAL_CAN_Init)
    i.HAL_CAN_MspInit                        0x080018b0   Section        0  can.o(i.HAL_CAN_MspInit)
    i.HAL_CAN_RxFifo0FullCallback            0x08001a34   Section        0  stm32f4xx_hal_can.o(i.HAL_CAN_RxFifo0FullCallback)
    i.HAL_CAN_RxFifo0MsgPendingCallback      0x08001a38   Section        0  can_rec.o(i.HAL_CAN_RxFifo0MsgPendingCallback)
    i.HAL_CAN_RxFifo1FullCallback            0x08001ba8   Section        0  stm32f4xx_hal_can.o(i.HAL_CAN_RxFifo1FullCallback)
    i.HAL_CAN_RxFifo1MsgPendingCallback      0x08001baa   Section        0  stm32f4xx_hal_can.o(i.HAL_CAN_RxFifo1MsgPendingCallback)
    i.HAL_CAN_SleepCallback                  0x08001bac   Section        0  stm32f4xx_hal_can.o(i.HAL_CAN_SleepCallback)
    i.HAL_CAN_Start                          0x08001bae   Section        0  stm32f4xx_hal_can.o(i.HAL_CAN_Start)
    i.HAL_CAN_TxMailbox0AbortCallback        0x08001c0c   Section        0  stm32f4xx_hal_can.o(i.HAL_CAN_TxMailbox0AbortCallback)
    i.HAL_CAN_TxMailbox0CompleteCallback     0x08001c0e   Section        0  stm32f4xx_hal_can.o(i.HAL_CAN_TxMailbox0CompleteCallback)
    i.HAL_CAN_TxMailbox1AbortCallback        0x08001c10   Section        0  stm32f4xx_hal_can.o(i.HAL_CAN_TxMailbox1AbortCallback)
    i.HAL_CAN_TxMailbox1CompleteCallback     0x08001c12   Section        0  stm32f4xx_hal_can.o(i.HAL_CAN_TxMailbox1CompleteCallback)
    i.HAL_CAN_TxMailbox2AbortCallback        0x08001c14   Section        0  stm32f4xx_hal_can.o(i.HAL_CAN_TxMailbox2AbortCallback)
    i.HAL_CAN_TxMailbox2CompleteCallback     0x08001c16   Section        0  stm32f4xx_hal_can.o(i.HAL_CAN_TxMailbox2CompleteCallback)
    i.HAL_CAN_WakeUpFromRxMsgCallback        0x08001c18   Section        0  stm32f4xx_hal_can.o(i.HAL_CAN_WakeUpFromRxMsgCallback)
    i.HAL_GPIO_Init                          0x08001c1c   Section        0  stm32f4xx_hal_gpio.o(i.HAL_GPIO_Init)
    i.HAL_GetTick                            0x08001e10   Section        0  stm32f4xx_hal.o(i.HAL_GetTick)
    i.HAL_IncTick                            0x08001e1c   Section        0  stm32f4xx_hal.o(i.HAL_IncTick)
    i.HAL_Init                               0x08001e34   Section        0  stm32f4xx_hal.o(i.HAL_Init)
    i.HAL_InitTick                           0x08001e70   Section        0  stm32f4xx_hal_timebase_tim.o(i.HAL_InitTick)
    i.HAL_MspInit                            0x08001f10   Section        0  stm32f4xx_hal_msp.o(i.HAL_MspInit)
    i.HAL_NVIC_EnableIRQ                     0x08001f64   Section        0  stm32f4xx_hal_cortex.o(i.HAL_NVIC_EnableIRQ)
    i.HAL_NVIC_SetPriority                   0x08001f84   Section        0  stm32f4xx_hal_cortex.o(i.HAL_NVIC_SetPriority)
    i.HAL_NVIC_SetPriorityGrouping           0x08002000   Section        0  stm32f4xx_hal_cortex.o(i.HAL_NVIC_SetPriorityGrouping)
    i.HAL_RCC_ClockConfig                    0x08002028   Section        0  stm32f4xx_hal_rcc.o(i.HAL_RCC_ClockConfig)
    i.HAL_RCC_GetClockConfig                 0x080021ac   Section        0  stm32f4xx_hal_rcc.o(i.HAL_RCC_GetClockConfig)
    i.HAL_RCC_GetHCLKFreq                    0x080021f0   Section        0  stm32f4xx_hal_rcc.o(i.HAL_RCC_GetHCLKFreq)
    i.HAL_RCC_GetPCLK2Freq                   0x080021fc   Section        0  stm32f4xx_hal_rcc.o(i.HAL_RCC_GetPCLK2Freq)
    i.HAL_RCC_GetSysClockFreq                0x0800221c   Section        0  stm32f4xx_hal_rcc.o(i.HAL_RCC_GetSysClockFreq)
    i.HAL_RCC_OscConfig                      0x080022cc   Section        0  stm32f4xx_hal_rcc.o(i.HAL_RCC_OscConfig)
    i.HAL_TIMEx_BreakCallback                0x08002768   Section        0  stm32f4xx_hal_tim_ex.o(i.HAL_TIMEx_BreakCallback)
    i.HAL_TIMEx_CommutCallback               0x0800276a   Section        0  stm32f4xx_hal_tim_ex.o(i.HAL_TIMEx_CommutCallback)
    i.HAL_TIM_Base_Init                      0x0800276c   Section        0  stm32f4xx_hal_tim.o(i.HAL_TIM_Base_Init)
    i.HAL_TIM_Base_MspInit                   0x080027d2   Section        0  stm32f4xx_hal_tim.o(i.HAL_TIM_Base_MspInit)
    i.HAL_TIM_Base_Start_IT                  0x080027d4   Section        0  stm32f4xx_hal_tim.o(i.HAL_TIM_Base_Start_IT)
    i.HAL_TIM_IC_CaptureCallback             0x0800287c   Section        0  stm32f4xx_hal_tim.o(i.HAL_TIM_IC_CaptureCallback)
    i.HAL_TIM_IRQHandler                     0x0800287e   Section        0  stm32f4xx_hal_tim.o(i.HAL_TIM_IRQHandler)
    i.HAL_TIM_OC_DelayElapsedCallback        0x08002a14   Section        0  stm32f4xx_hal_tim.o(i.HAL_TIM_OC_DelayElapsedCallback)
    i.HAL_TIM_PWM_PulseFinishedCallback      0x08002a16   Section        0  stm32f4xx_hal_tim.o(i.HAL_TIM_PWM_PulseFinishedCallback)
    i.HAL_TIM_PeriodElapsedCallback          0x08002a18   Section        0  main.o(i.HAL_TIM_PeriodElapsedCallback)
    i.HAL_TIM_TriggerCallback                0x08002a30   Section        0  stm32f4xx_hal_tim.o(i.HAL_TIM_TriggerCallback)
    i.HardFault_Handler                      0x08002a32   Section        0  stm32f4xx_it.o(i.HardFault_Handler)
    i.MX_CAN1_Init                           0x08002a38   Section        0  can.o(i.MX_CAN1_Init)
    i.MX_CAN2_Init                           0x08002a7c   Section        0  can.o(i.MX_CAN2_Init)
    i.MX_FREERTOS_Init                       0x08002ac0   Section        0  freertos.o(i.MX_FREERTOS_Init)
    i.MX_GPIO_Init                           0x08002b2c   Section        0  gpio.o(i.MX_GPIO_Init)
    i.MemManage_Handler                      0x08002b90   Section        0  stm32f4xx_it.o(i.MemManage_Handler)
    i.NMI_Handler                            0x08002b94   Section        0  stm32f4xx_it.o(i.NMI_Handler)
    i.StartDefaultTask                       0x08002b98   Section        0  freertos.o(i.StartDefaultTask)
    i.StartTask04                            0x08002ba2   Section        0  freertos.o(i.StartTask04)
    i.SysTick_Handler                        0x08002bac   Section        0  cmsis_os2.o(i.SysTick_Handler)
    i.SystemClock_Config                     0x08002bc4   Section        0  main.o(i.SystemClock_Config)
    i.SystemInit                             0x08002c78   Section        0  system_stm32f4xx.o(i.SystemInit)
    i.TIM1_UP_TIM10_IRQHandler               0x08002c8c   Section        0  stm32f4xx_it.o(i.TIM1_UP_TIM10_IRQHandler)
    i.TIM_Base_SetConfig                     0x08002c9c   Section        0  stm32f4xx_hal_tim.o(i.TIM_Base_SetConfig)
    i.TX                                     0x08002d74   Section        0  tx.o(i.TX)
    i.UsageFault_Handler                     0x08002dcc   Section        0  stm32f4xx_it.o(i.UsageFault_Handler)
    i.__ARM_fpclassify                       0x08002dd0   Section        0  fpclassify.o(i.__ARM_fpclassify)
    i.__NVIC_GetPriorityGrouping             0x08002e00   Section        0  stm32f4xx_hal_cortex.o(i.__NVIC_GetPriorityGrouping)
    __NVIC_GetPriorityGrouping               0x08002e01   Thumb Code    10  stm32f4xx_hal_cortex.o(i.__NVIC_GetPriorityGrouping)
    i.__NVIC_SetPriority                     0x08002e10   Section        0  stm32f4xx_hal_cortex.o(i.__NVIC_SetPriority)
    __NVIC_SetPriority                       0x08002e11   Thumb Code    32  stm32f4xx_hal_cortex.o(i.__NVIC_SetPriority)
    i.__get_IPSR                             0x08002e38   Section        0  cmsis_os2.o(i.__get_IPSR)
    __get_IPSR                               0x08002e39   Thumb Code     6  cmsis_os2.o(i.__get_IPSR)
    i.__hardfp_cos                           0x08002e40   Section        0  cos.o(i.__hardfp_cos)
    i.__hardfp_pow                           0x08002f08   Section        0  pow.o(i.__hardfp_pow)
    i.__hardfp_sin                           0x08003b58   Section        0  sin.o(i.__hardfp_sin)
    i.__hardfp_sqrt                          0x08003c20   Section        0  sqrt.o(i.__hardfp_sqrt)
    i.__ieee754_rem_pio2                     0x08003ca0   Section        0  rred.o(i.__ieee754_rem_pio2)
    i.__kernel_cos                           0x080040d8   Section        0  cos_i.o(i.__kernel_cos)
    i.__kernel_poly                          0x08004248   Section        0  poly.o(i.__kernel_poly)
    i.__kernel_sin                           0x08004340   Section        0  sin_i.o(i.__kernel_sin)
    i.__mathlib_dbl_divzero                  0x08004470   Section        0  dunder.o(i.__mathlib_dbl_divzero)
    i.__mathlib_dbl_infnan                   0x080044a0   Section        0  dunder.o(i.__mathlib_dbl_infnan)
    i.__mathlib_dbl_infnan2                  0x080044b4   Section        0  dunder.o(i.__mathlib_dbl_infnan2)
    i.__mathlib_dbl_invalid                  0x080044c8   Section        0  dunder.o(i.__mathlib_dbl_invalid)
    i.__mathlib_dbl_overflow                 0x080044e8   Section        0  dunder.o(i.__mathlib_dbl_overflow)
    i.__mathlib_dbl_underflow                0x08004508   Section        0  dunder.o(i.__mathlib_dbl_underflow)
    i.__scatterload_copy                     0x08004528   Section       14  handlers.o(i.__scatterload_copy)
    i.__scatterload_null                     0x08004536   Section        2  handlers.o(i.__scatterload_null)
    i.__scatterload_zeroinit                 0x08004538   Section       14  handlers.o(i.__scatterload_zeroinit)
    i.__set_errno                            0x08004548   Section        0  errno.o(i.__set_errno)
    i.fabs                                   0x08004554   Section        0  fabs.o(i.fabs)
    i.get_moto_measure                       0x0800456c   Section        0  can_rec.o(i.get_moto_measure)
    i.main                                   0x08004628   Section        0  main.o(i.main)
    i.moto_set                               0x08004680   Section        0  calculate.o(i.moto_set)
    i.my_can_filter_init_recv_all            0x08005990   Section        0  can_rec.o(i.my_can_filter_init_recv_all)
    i.osDelay                                0x08005a0c   Section        0  cmsis_os2.o(i.osDelay)
    i.osKernelInitialize                     0x08005a2c   Section        0  cmsis_os2.o(i.osKernelInitialize)
    i.osKernelStart                          0x08005a58   Section        0  cmsis_os2.o(i.osKernelStart)
    i.osThreadNew                            0x08005ab8   Section        0  cmsis_os2.o(i.osThreadNew)
    i.pid_culate                             0x08005b70   Section        0  pid.o(i.pid_culate)
    i.pid_init                               0x08005c5c   Section        0  calculate.o(i.pid_init)
    i.prvAddCurrentTaskToDelayedList         0x08005c74   Section        0  tasks.o(i.prvAddCurrentTaskToDelayedList)
    prvAddCurrentTaskToDelayedList           0x08005c75   Thumb Code   100  tasks.o(i.prvAddCurrentTaskToDelayedList)
    i.prvAddNewTaskToReadyList               0x08005cf0   Section        0  tasks.o(i.prvAddNewTaskToReadyList)
    prvAddNewTaskToReadyList                 0x08005cf1   Thumb Code   154  tasks.o(i.prvAddNewTaskToReadyList)
    i.prvCheckForValidListAndQueue           0x08005da8   Section        0  timers.o(i.prvCheckForValidListAndQueue)
    prvCheckForValidListAndQueue             0x08005da9   Thumb Code    78  timers.o(i.prvCheckForValidListAndQueue)
    i.prvCheckTasksWaitingTermination        0x08005e1c   Section        0  tasks.o(i.prvCheckTasksWaitingTermination)
    prvCheckTasksWaitingTermination          0x08005e1d   Thumb Code    60  tasks.o(i.prvCheckTasksWaitingTermination)
    i.prvCopyDataFromQueue                   0x08005e64   Section        0  queue.o(i.prvCopyDataFromQueue)
    prvCopyDataFromQueue                     0x08005e65   Thumb Code    42  queue.o(i.prvCopyDataFromQueue)
    i.prvCopyDataToQueue                     0x08005e8e   Section        0  queue.o(i.prvCopyDataToQueue)
    prvCopyDataToQueue                       0x08005e8f   Thumb Code   126  queue.o(i.prvCopyDataToQueue)
    i.prvDeleteTCB                           0x08005f0c   Section        0  tasks.o(i.prvDeleteTCB)
    prvDeleteTCB                             0x08005f0d   Thumb Code    80  tasks.o(i.prvDeleteTCB)
    i.prvGetNextExpireTime                   0x08005f5c   Section        0  timers.o(i.prvGetNextExpireTime)
    prvGetNextExpireTime                     0x08005f5d   Thumb Code    36  timers.o(i.prvGetNextExpireTime)
    i.prvHeapInit                            0x08005f84   Section        0  heap_4.o(i.prvHeapInit)
    prvHeapInit                              0x08005f85   Thumb Code    98  heap_4.o(i.prvHeapInit)
    i.prvIdleTask                            0x08006000   Section        0  tasks.o(i.prvIdleTask)
    prvIdleTask                              0x08006001   Thumb Code    32  tasks.o(i.prvIdleTask)
    i.prvInitialiseNewQueue                  0x08006028   Section        0  queue.o(i.prvInitialiseNewQueue)
    prvInitialiseNewQueue                    0x08006029   Thumb Code    42  queue.o(i.prvInitialiseNewQueue)
    i.prvInitialiseNewTask                   0x08006052   Section        0  tasks.o(i.prvInitialiseNewTask)
    prvInitialiseNewTask                     0x08006053   Thumb Code   190  tasks.o(i.prvInitialiseNewTask)
    i.prvInitialiseTaskLists                 0x08006110   Section        0  tasks.o(i.prvInitialiseTaskLists)
    prvInitialiseTaskLists                   0x08006111   Thumb Code    70  tasks.o(i.prvInitialiseTaskLists)
    i.prvInsertBlockIntoFreeList             0x08006178   Section        0  heap_4.o(i.prvInsertBlockIntoFreeList)
    prvInsertBlockIntoFreeList               0x08006179   Thumb Code    96  heap_4.o(i.prvInsertBlockIntoFreeList)
    i.prvInsertTimerInActiveList             0x080061e0   Section        0  timers.o(i.prvInsertTimerInActiveList)
    prvInsertTimerInActiveList               0x080061e1   Thumb Code    80  timers.o(i.prvInsertTimerInActiveList)
    i.prvIsQueueEmpty                        0x08006238   Section        0  queue.o(i.prvIsQueueEmpty)
    prvIsQueueEmpty                          0x08006239   Thumb Code    26  queue.o(i.prvIsQueueEmpty)
    i.prvIsQueueFull                         0x08006252   Section        0  queue.o(i.prvIsQueueFull)
    prvIsQueueFull                           0x08006253   Thumb Code    30  queue.o(i.prvIsQueueFull)
    i.prvProcessExpiredTimer                 0x08006270   Section        0  timers.o(i.prvProcessExpiredTimer)
    prvProcessExpiredTimer                   0x08006271   Thumb Code   110  timers.o(i.prvProcessExpiredTimer)
    i.prvProcessReceivedCommands             0x080062e4   Section        0  timers.o(i.prvProcessReceivedCommands)
    prvProcessReceivedCommands               0x080062e5   Thumb Code   350  timers.o(i.prvProcessReceivedCommands)
    i.prvProcessTimerOrBlockTask             0x08006448   Section        0  timers.o(i.prvProcessTimerOrBlockTask)
    prvProcessTimerOrBlockTask               0x08006449   Thumb Code   102  timers.o(i.prvProcessTimerOrBlockTask)
    i.prvResetNextTaskUnblockTime            0x080064bc   Section        0  tasks.o(i.prvResetNextTaskUnblockTime)
    prvResetNextTaskUnblockTime              0x080064bd   Thumb Code    42  tasks.o(i.prvResetNextTaskUnblockTime)
    i.prvSampleTimeNow                       0x080064f0   Section        0  timers.o(i.prvSampleTimeNow)
    prvSampleTimeNow                         0x080064f1   Thumb Code    40  timers.o(i.prvSampleTimeNow)
    i.prvSwitchTimerLists                    0x0800651c   Section        0  timers.o(i.prvSwitchTimerLists)
    prvSwitchTimerLists                      0x0800651d   Thumb Code   154  timers.o(i.prvSwitchTimerLists)
    i.prvTaskExitError                       0x080065c0   Section        0  port.o(i.prvTaskExitError)
    prvTaskExitError                         0x080065c1   Thumb Code    60  port.o(i.prvTaskExitError)
    i.prvTimerTask                           0x08006600   Section        0  timers.o(i.prvTimerTask)
    prvTimerTask                             0x08006601   Thumb Code    26  timers.o(i.prvTimerTask)
    i.prvUnlockQueue                         0x0800661a   Section        0  queue.o(i.prvUnlockQueue)
    prvUnlockQueue                           0x0800661b   Thumb Code   126  queue.o(i.prvUnlockQueue)
    i.pvPortMalloc                           0x08006698   Section        0  heap_4.o(i.pvPortMalloc)
    i.pxPortInitialiseStack                  0x080067e4   Section        0  port.o(i.pxPortInitialiseStack)
    i.set_moto_current_all                   0x08006810   Section        0  can_rec.o(i.set_moto_current_all)
    i.sqrt                                   0x080068b0   Section        0  sqrt.o(i.sqrt)
    i.uxListRemove                           0x0800691e   Section        0  list.o(i.uxListRemove)
    i.vApplicationGetIdleTaskMemory          0x08006948   Section        0  cmsis_os2.o(i.vApplicationGetIdleTaskMemory)
    i.vApplicationGetTimerTaskMemory         0x08006960   Section        0  cmsis_os2.o(i.vApplicationGetTimerTaskMemory)
    i.vListInitialise                        0x08006978   Section        0  list.o(i.vListInitialise)
    i.vListInitialiseItem                    0x08006992   Section        0  list.o(i.vListInitialiseItem)
    i.vListInsert                            0x08006998   Section        0  list.o(i.vListInsert)
    i.vListInsertEnd                         0x080069cc   Section        0  list.o(i.vListInsertEnd)
    i.vPortEnterCritical                     0x080069e4   Section        0  port.o(i.vPortEnterCritical)
    i.vPortExitCritical                      0x08006a38   Section        0  port.o(i.vPortExitCritical)
    i.vPortFree                              0x08006a74   Section        0  heap_4.o(i.vPortFree)
    i.vPortSetupTimerInterrupt               0x08006b18   Section        0  port.o(i.vPortSetupTimerInterrupt)
    i.vPortValidateInterruptPriority         0x08006b40   Section        0  port.o(i.vPortValidateInterruptPriority)
    i.vQueueAddToRegistry                    0x08006bb8   Section        0  queue.o(i.vQueueAddToRegistry)
    i.vQueueWaitForMessageRestricted         0x08006be4   Section        0  queue.o(i.vQueueWaitForMessageRestricted)
    i.vTaskDelay                             0x08006c30   Section        0  tasks.o(i.vTaskDelay)
    i.vTaskDelayUntil                        0x08006c8c   Section        0  tasks.o(i.vTaskDelayUntil)
    i.vTaskInternalSetTimeOutState           0x08006d60   Section        0  tasks.o(i.vTaskInternalSetTimeOutState)
    i.vTaskMissedYield                       0x08006d78   Section        0  tasks.o(i.vTaskMissedYield)
    i.vTaskPlaceOnEventList                  0x08006d84   Section        0  tasks.o(i.vTaskPlaceOnEventList)
    i.vTaskPlaceOnEventListRestricted        0x08006dbc   Section        0  tasks.o(i.vTaskPlaceOnEventListRestricted)
    i.vTaskStartScheduler                    0x08006dfc   Section        0  tasks.o(i.vTaskStartScheduler)
    i.vTaskSuspendAll                        0x08006eb4   Section        0  tasks.o(i.vTaskSuspendAll)
    i.vTaskSwitchContext                     0x08006ec4   Section        0  tasks.o(i.vTaskSwitchContext)
    i.xPortStartScheduler                    0x08006f54   Section        0  port.o(i.xPortStartScheduler)
    i.xPortSysTickHandler                    0x080070bc   Section        0  port.o(i.xPortSysTickHandler)
    i.xQueueGenericCreateStatic              0x080070f0   Section        0  queue.o(i.xQueueGenericCreateStatic)
    i.xQueueGenericReset                     0x080071d0   Section        0  queue.o(i.xQueueGenericReset)
    i.xQueueGenericSend                      0x08007268   Section        0  queue.o(i.xQueueGenericSend)
    i.xQueueGenericSendFromISR               0x08007410   Section        0  queue.o(i.xQueueGenericSendFromISR)
    i.xQueueReceive                          0x0800750c   Section        0  queue.o(i.xQueueReceive)
    i.xTaskCheckForTimeOut                   0x08007674   Section        0  tasks.o(i.xTaskCheckForTimeOut)
    i.xTaskCreate                            0x08007700   Section        0  tasks.o(i.xTaskCreate)
    i.xTaskCreateStatic                      0x08007764   Section        0  tasks.o(i.xTaskCreateStatic)
    i.xTaskGetSchedulerState                 0x08007820   Section        0  tasks.o(i.xTaskGetSchedulerState)
    i.xTaskGetTickCount                      0x08007840   Section        0  tasks.o(i.xTaskGetTickCount)
    i.xTaskIncrementTick                     0x0800784c   Section        0  tasks.o(i.xTaskIncrementTick)
    i.xTaskPriorityDisinherit                0x08007990   Section        0  tasks.o(i.xTaskPriorityDisinherit)
    i.xTaskRemoveFromEventList               0x08007a34   Section        0  tasks.o(i.xTaskRemoveFromEventList)
    i.xTaskResumeAll                         0x08007acc   Section        0  tasks.o(i.xTaskResumeAll)
    i.xTimerCreateTimerTask                  0x08007bd0   Section        0  timers.o(i.xTimerCreateTimerTask)
    i.xTimerGenericCommand                   0x08007c48   Section        0  timers.o(i.xTimerGenericCommand)
    .constdata                               0x08007ccc   Section      144  freertos.o(.constdata)
    .constdata                               0x08007d5c   Section       24  system_stm32f4xx.o(.constdata)
    .constdata                               0x08007d78   Section       24  calculate.o(.constdata)
    .constdata                               0x08007d90   Section      136  pow.o(.constdata)
    bp                                       0x08007d90   Data          16  pow.o(.constdata)
    dp_h                                     0x08007da0   Data          16  pow.o(.constdata)
    dp_l                                     0x08007db0   Data          16  pow.o(.constdata)
    L                                        0x08007dc0   Data          48  pow.o(.constdata)
    P                                        0x08007df0   Data          40  pow.o(.constdata)
    .constdata                               0x08007e18   Section       48  cos_i.o(.constdata)
    C                                        0x08007e18   Data          48  cos_i.o(.constdata)
    .constdata                               0x08007e48   Section        8  qnan.o(.constdata)
    .constdata                               0x08007e50   Section      200  rred.o(.constdata)
    pio2s                                    0x08007e50   Data          48  rred.o(.constdata)
    twooverpi                                0x08007e80   Data         152  rred.o(.constdata)
    .constdata                               0x08007f18   Section       40  sin_i.o(.constdata)
    S                                        0x08007f18   Data          40  sin_i.o(.constdata)
    .conststring                             0x08007f40   Section       48  freertos.o(.conststring)
    .data                                    0x20000000   Section       16  freertos.o(.data)
    .data                                    0x20000010   Section        4  can.o(.data)
    HAL_RCC_CAN1_CLK_ENABLED                 0x20000010   Data           4  can.o(.data)
    .data                                    0x20000014   Section        9  stm32f4xx_hal.o(.data)
    .data                                    0x20000020   Section        4  system_stm32f4xx.o(.data)
    .data                                    0x20000024   Section       60  tasks.o(.data)
    pxDelayedTaskList                        0x20000028   Data           4  tasks.o(.data)
    pxOverflowDelayedTaskList                0x2000002c   Data           4  tasks.o(.data)
    uxDeletedTasksWaitingCleanUp             0x20000030   Data           4  tasks.o(.data)
    uxCurrentNumberOfTasks                   0x20000034   Data           4  tasks.o(.data)
    xTickCount                               0x20000038   Data           4  tasks.o(.data)
    uxTopReadyPriority                       0x2000003c   Data           4  tasks.o(.data)
    xSchedulerRunning                        0x20000040   Data           4  tasks.o(.data)
    xPendedTicks                             0x20000044   Data           4  tasks.o(.data)
    xYieldPending                            0x20000048   Data           4  tasks.o(.data)
    xNumOfOverflows                          0x2000004c   Data           4  tasks.o(.data)
    uxTaskNumber                             0x20000050   Data           4  tasks.o(.data)
    xNextTaskUnblockTime                     0x20000054   Data           4  tasks.o(.data)
    xIdleTaskHandle                          0x20000058   Data           4  tasks.o(.data)
    uxSchedulerSuspended                     0x2000005c   Data           4  tasks.o(.data)
    .data                                    0x20000060   Section       20  timers.o(.data)
    pxCurrentTimerList                       0x20000060   Data           4  timers.o(.data)
    pxOverflowTimerList                      0x20000064   Data           4  timers.o(.data)
    xTimerQueue                              0x20000068   Data           4  timers.o(.data)
    xTimerTaskHandle                         0x2000006c   Data           4  timers.o(.data)
    xLastTime                                0x20000070   Data           4  timers.o(.data)
    .data                                    0x20000074   Section        4  cmsis_os2.o(.data)
    KernelState                              0x20000074   Data           4  cmsis_os2.o(.data)
    .data                                    0x20000078   Section       32  heap_4.o(.data)
    xStart                                   0x20000078   Data           8  heap_4.o(.data)
    pxEnd                                    0x20000080   Data           4  heap_4.o(.data)
    xFreeBytesRemaining                      0x20000084   Data           4  heap_4.o(.data)
    xMinimumEverFreeBytesRemaining           0x20000088   Data           4  heap_4.o(.data)
    xNumberOfSuccessfulAllocations           0x2000008c   Data           4  heap_4.o(.data)
    xNumberOfSuccessfulFrees                 0x20000090   Data           4  heap_4.o(.data)
    xBlockAllocatedBit                       0x20000094   Data           4  heap_4.o(.data)
    .data                                    0x20000098   Section       12  port.o(.data)
    uxCriticalNesting                        0x20000098   Data           4  port.o(.data)
    ucMaxSysCallPriority                     0x2000009c   Data           1  port.o(.data)
    ulMaxPRIGROUPValue                       0x200000a0   Data           4  port.o(.data)
    .data                                    0x200000a4   Section        2  tx.o(.data)
    .data                                    0x200000a8   Section        6  can_rec.o(.data)
    i                                        0x200000ac   Data           1  can_rec.o(.data)
    i                                        0x200000ad   Data           1  can_rec.o(.data)
    .data                                    0x200000b0   Section        4  errno.o(.data)
    _errno                                   0x200000b0   Data           4  errno.o(.data)
    .bss                                     0x200000b4   Section       80  can.o(.bss)
    .bss                                     0x20000104   Section       72  stm32f4xx_hal_timebase_tim.o(.bss)
    .bss                                     0x2000014c   Section       64  queue.o(.bss)
    .bss                                     0x2000018c   Section     1220  tasks.o(.bss)
    pxReadyTasksLists                        0x2000018c   Data        1120  tasks.o(.bss)
    xDelayedTaskList1                        0x200005ec   Data          20  tasks.o(.bss)
    xDelayedTaskList2                        0x20000600   Data          20  tasks.o(.bss)
    xPendingReadyList                        0x20000614   Data          20  tasks.o(.bss)
    xTasksWaitingTermination                 0x20000628   Data          20  tasks.o(.bss)
    xSuspendedTaskList                       0x2000063c   Data          20  tasks.o(.bss)
    .bss                                     0x20000650   Section      280  timers.o(.bss)
    xActiveTimerList1                        0x20000650   Data          20  timers.o(.bss)
    xActiveTimerList2                        0x20000664   Data          20  timers.o(.bss)
    xStaticTimerQueue                        0x20000678   Data          80  timers.o(.bss)
    ucStaticTimerQueueStorage                0x200006c8   Data         160  timers.o(.bss)
    .bss                                     0x20000768   Section     1720  cmsis_os2.o(.bss)
    Idle_TCB                                 0x20000768   Data          92  cmsis_os2.o(.bss)
    Idle_Stack                               0x200007c4   Data         512  cmsis_os2.o(.bss)
    Timer_TCB                                0x200009c4   Data          92  cmsis_os2.o(.bss)
    Timer_Stack                              0x20000a20   Data        1024  cmsis_os2.o(.bss)
    .bss                                     0x20000e20   Section    15360  heap_4.o(.bss)
    ucHeap                                   0x20000e20   Data       15360  heap_4.o(.bss)
    .bss                                     0x20004a20   Section     4996  can_rec.o(.bss)
    STACK                                    0x20005da8   Section     1024  startup_stm32f407xx.o(STACK)

    Global Symbols

    Symbol Name                              Value     Ov Type        Size  Object(Section)

    BuildAttributes$$THM_ISAv4$E$P$D$K$B$S$7EM$VFPi3$EXTD16$VFPS$VFMA$PE$A:L22UL41UL21$X:L11$S22US41US21$IEEE1$IW$USESV6$~STKCKD$USESV7$~SHL$OTIME$ROPI$IEEEX$EBA8$MICROLIB$REQ8$PRES8$EABIv2 0x00000000   Number         0  anon$$obj.o ABSOLUTE
    __ARM_use_no_argv                        0x00000000   Number         0  main.o ABSOLUTE
    __arm_fini_                               - Undefined Weak Reference
    __cpp_initialize__aeabi_                  - Undefined Weak Reference
    __cxa_finalize                            - Undefined Weak Reference
    __decompress                              - Undefined Weak Reference
    _clock_init                               - Undefined Weak Reference
    _microlib_exit                            - Undefined Weak Reference
    __Vectors_Size                           0x00000188   Number         0  startup_stm32f407xx.o ABSOLUTE
    __Vectors                                0x08000000   Data           4  startup_stm32f407xx.o(RESET)
    __Vectors_End                            0x08000188   Data           0  startup_stm32f407xx.o(RESET)
    __main                                   0x08000189   Thumb Code     0  entry.o(.ARM.Collect$$$$00000000)
    _main_stk                                0x08000189   Thumb Code     0  entry2.o(.ARM.Collect$$$$00000001)
    _main_scatterload                        0x0800018d   Thumb Code     0  entry5.o(.ARM.Collect$$$$00000004)
    __main_after_scatterload                 0x08000191   Thumb Code     0  entry5.o(.ARM.Collect$$$$00000004)
    _main_clock                              0x08000191   Thumb Code     0  entry7b.o(.ARM.Collect$$$$00000008)
    _main_cpp_init                           0x08000191   Thumb Code     0  entry8b.o(.ARM.Collect$$$$0000000A)
    _main_init                               0x08000191   Thumb Code     0  entry9a.o(.ARM.Collect$$$$0000000B)
    __rt_lib_shutdown_fini                   0x08000199   Thumb Code     0  entry12b.o(.ARM.Collect$$$$0000000E)
    __rt_final_cpp                           0x0800019d   Thumb Code     0  entry10a.o(.ARM.Collect$$$$0000000F)
    __rt_final_exit                          0x0800019d   Thumb Code     0  entry11a.o(.ARM.Collect$$$$00000011)
    SVC_Handler                              0x080001a1   Thumb Code    28  port.o(.emb_text)
    __asm___6_port_c_39a90d8d__prvStartFirstTask 0x080001c1   Thumb Code    36  port.o(.emb_text)
    __asm___6_port_c_39a90d8d__prvEnableVFP  0x080001e9   Thumb Code    16  port.o(.emb_text)
    PendSV_Handler                           0x080001fd   Thumb Code    88  port.o(.emb_text)
    vPortGetIPSR                             0x08000259   Thumb Code     6  port.o(.emb_text)
    Reset_Handler                            0x08000261   Thumb Code     8  startup_stm32f407xx.o(.text)
    ADC_IRQHandler                           0x0800027b   Thumb Code     0  startup_stm32f407xx.o(.text)
    CAN1_RX1_IRQHandler                      0x0800027b   Thumb Code     0  startup_stm32f407xx.o(.text)
    CAN1_SCE_IRQHandler                      0x0800027b   Thumb Code     0  startup_stm32f407xx.o(.text)
    CAN2_RX1_IRQHandler                      0x0800027b   Thumb Code     0  startup_stm32f407xx.o(.text)
    CAN2_SCE_IRQHandler                      0x0800027b   Thumb Code     0  startup_stm32f407xx.o(.text)
    DCMI_IRQHandler                          0x0800027b   Thumb Code     0  startup_stm32f407xx.o(.text)
    DMA1_Stream0_IRQHandler                  0x0800027b   Thumb Code     0  startup_stm32f407xx.o(.text)
    DMA1_Stream1_IRQHandler                  0x0800027b   Thumb Code     0  startup_stm32f407xx.o(.text)
    DMA1_Stream2_IRQHandler                  0x0800027b   Thumb Code     0  startup_stm32f407xx.o(.text)
    DMA1_Stream3_IRQHandler                  0x0800027b   Thumb Code     0  startup_stm32f407xx.o(.text)
    DMA1_Stream4_IRQHandler                  0x0800027b   Thumb Code     0  startup_stm32f407xx.o(.text)
    DMA1_Stream5_IRQHandler                  0x0800027b   Thumb Code     0  startup_stm32f407xx.o(.text)
    DMA1_Stream6_IRQHandler                  0x0800027b   Thumb Code     0  startup_stm32f407xx.o(.text)
    DMA1_Stream7_IRQHandler                  0x0800027b   Thumb Code     0  startup_stm32f407xx.o(.text)
    DMA2_Stream0_IRQHandler                  0x0800027b   Thumb Code     0  startup_stm32f407xx.o(.text)
    DMA2_Stream1_IRQHandler                  0x0800027b   Thumb Code     0  startup_stm32f407xx.o(.text)
    DMA2_Stream2_IRQHandler                  0x0800027b   Thumb Code     0  startup_stm32f407xx.o(.text)
    DMA2_Stream3_IRQHandler                  0x0800027b   Thumb Code     0  startup_stm32f407xx.o(.text)
    DMA2_Stream4_IRQHandler                  0x0800027b   Thumb Code     0  startup_stm32f407xx.o(.text)
    DMA2_Stream5_IRQHandler                  0x0800027b   Thumb Code     0  startup_stm32f407xx.o(.text)
    DMA2_Stream6_IRQHandler                  0x0800027b   Thumb Code     0  startup_stm32f407xx.o(.text)
    DMA2_Stream7_IRQHandler                  0x0800027b   Thumb Code     0  startup_stm32f407xx.o(.text)
    ETH_IRQHandler                           0x0800027b   Thumb Code     0  startup_stm32f407xx.o(.text)
    ETH_WKUP_IRQHandler                      0x0800027b   Thumb Code     0  startup_stm32f407xx.o(.text)
    EXTI0_IRQHandler                         0x0800027b   Thumb Code     0  startup_stm32f407xx.o(.text)
    EXTI15_10_IRQHandler                     0x0800027b   Thumb Code     0  startup_stm32f407xx.o(.text)
    EXTI1_IRQHandler                         0x0800027b   Thumb Code     0  startup_stm32f407xx.o(.text)
    EXTI2_IRQHandler                         0x0800027b   Thumb Code     0  startup_stm32f407xx.o(.text)
    EXTI3_IRQHandler                         0x0800027b   Thumb Code     0  startup_stm32f407xx.o(.text)
    EXTI4_IRQHandler                         0x0800027b   Thumb Code     0  startup_stm32f407xx.o(.text)
    EXTI9_5_IRQHandler                       0x0800027b   Thumb Code     0  startup_stm32f407xx.o(.text)
    FLASH_IRQHandler                         0x0800027b   Thumb Code     0  startup_stm32f407xx.o(.text)
    FMC_IRQHandler                           0x0800027b   Thumb Code     0  startup_stm32f407xx.o(.text)
    FPU_IRQHandler                           0x0800027b   Thumb Code     0  startup_stm32f407xx.o(.text)
    HASH_RNG_IRQHandler                      0x0800027b   Thumb Code     0  startup_stm32f407xx.o(.text)
    I2C1_ER_IRQHandler                       0x0800027b   Thumb Code     0  startup_stm32f407xx.o(.text)
    I2C1_EV_IRQHandler                       0x0800027b   Thumb Code     0  startup_stm32f407xx.o(.text)
    I2C2_ER_IRQHandler                       0x0800027b   Thumb Code     0  startup_stm32f407xx.o(.text)
    I2C2_EV_IRQHandler                       0x0800027b   Thumb Code     0  startup_stm32f407xx.o(.text)
    I2C3_ER_IRQHandler                       0x0800027b   Thumb Code     0  startup_stm32f407xx.o(.text)
    I2C3_EV_IRQHandler                       0x0800027b   Thumb Code     0  startup_stm32f407xx.o(.text)
    OTG_FS_IRQHandler                        0x0800027b   Thumb Code     0  startup_stm32f407xx.o(.text)
    OTG_FS_WKUP_IRQHandler                   0x0800027b   Thumb Code     0  startup_stm32f407xx.o(.text)
    OTG_HS_EP1_IN_IRQHandler                 0x0800027b   Thumb Code     0  startup_stm32f407xx.o(.text)
    OTG_HS_EP1_OUT_IRQHandler                0x0800027b   Thumb Code     0  startup_stm32f407xx.o(.text)
    OTG_HS_IRQHandler                        0x0800027b   Thumb Code     0  startup_stm32f407xx.o(.text)
    OTG_HS_WKUP_IRQHandler                   0x0800027b   Thumb Code     0  startup_stm32f407xx.o(.text)
    PVD_IRQHandler                           0x0800027b   Thumb Code     0  startup_stm32f407xx.o(.text)
    RCC_IRQHandler                           0x0800027b   Thumb Code     0  startup_stm32f407xx.o(.text)
    RTC_Alarm_IRQHandler                     0x0800027b   Thumb Code     0  startup_stm32f407xx.o(.text)
    RTC_WKUP_IRQHandler                      0x0800027b   Thumb Code     0  startup_stm32f407xx.o(.text)
    SDIO_IRQHandler                          0x0800027b   Thumb Code     0  startup_stm32f407xx.o(.text)
    SPI1_IRQHandler                          0x0800027b   Thumb Code     0  startup_stm32f407xx.o(.text)
    SPI2_IRQHandler                          0x0800027b   Thumb Code     0  startup_stm32f407xx.o(.text)
    SPI3_IRQHandler                          0x0800027b   Thumb Code     0  startup_stm32f407xx.o(.text)
    TAMP_STAMP_IRQHandler                    0x0800027b   Thumb Code     0  startup_stm32f407xx.o(.text)
    TIM1_BRK_TIM9_IRQHandler                 0x0800027b   Thumb Code     0  startup_stm32f407xx.o(.text)
    TIM1_CC_IRQHandler                       0x0800027b   Thumb Code     0  startup_stm32f407xx.o(.text)
    TIM1_TRG_COM_TIM11_IRQHandler            0x0800027b   Thumb Code     0  startup_stm32f407xx.o(.text)
    TIM2_IRQHandler                          0x0800027b   Thumb Code     0  startup_stm32f407xx.o(.text)
    TIM3_IRQHandler                          0x0800027b   Thumb Code     0  startup_stm32f407xx.o(.text)
    TIM4_IRQHandler                          0x0800027b   Thumb Code     0  startup_stm32f407xx.o(.text)
    TIM5_IRQHandler                          0x0800027b   Thumb Code     0  startup_stm32f407xx.o(.text)
    TIM6_DAC_IRQHandler                      0x0800027b   Thumb Code     0  startup_stm32f407xx.o(.text)
    TIM7_IRQHandler                          0x0800027b   Thumb Code     0  startup_stm32f407xx.o(.text)
    TIM8_BRK_TIM12_IRQHandler                0x0800027b   Thumb Code     0  startup_stm32f407xx.o(.text)
    TIM8_CC_IRQHandler                       0x0800027b   Thumb Code     0  startup_stm32f407xx.o(.text)
    TIM8_TRG_COM_TIM14_IRQHandler            0x0800027b   Thumb Code     0  startup_stm32f407xx.o(.text)
    TIM8_UP_TIM13_IRQHandler                 0x0800027b   Thumb Code     0  startup_stm32f407xx.o(.text)
    UART4_IRQHandler                         0x0800027b   Thumb Code     0  startup_stm32f407xx.o(.text)
    UART5_IRQHandler                         0x0800027b   Thumb Code     0  startup_stm32f407xx.o(.text)
    USART1_IRQHandler                        0x0800027b   Thumb Code     0  startup_stm32f407xx.o(.text)
    USART2_IRQHandler                        0x0800027b   Thumb Code     0  startup_stm32f407xx.o(.text)
    USART3_IRQHandler                        0x0800027b   Thumb Code     0  startup_stm32f407xx.o(.text)
    USART6_IRQHandler                        0x0800027b   Thumb Code     0  startup_stm32f407xx.o(.text)
    WWDG_IRQHandler                          0x0800027b   Thumb Code     0  startup_stm32f407xx.o(.text)
    __aeabi_uldivmod                         0x08000285   Thumb Code    98  uldiv.o(.text)
    __aeabi_memcpy                           0x080002e7   Thumb Code    36  memcpya.o(.text)
    __aeabi_memcpy4                          0x080002e7   Thumb Code     0  memcpya.o(.text)
    __aeabi_memcpy8                          0x080002e7   Thumb Code     0  memcpya.o(.text)
    __aeabi_memset                           0x0800030b   Thumb Code    14  memseta.o(.text)
    __aeabi_memset4                          0x0800030b   Thumb Code     0  memseta.o(.text)
    __aeabi_memset8                          0x0800030b   Thumb Code     0  memseta.o(.text)
    __aeabi_memclr                           0x08000319   Thumb Code     4  memseta.o(.text)
    __aeabi_memclr4                          0x08000319   Thumb Code     0  memseta.o(.text)
    __aeabi_memclr8                          0x08000319   Thumb Code     0  memseta.o(.text)
    memset                                   0x0800031d   Thumb Code    18  memseta.o(.text)
    __aeabi_dadd                             0x0800032f   Thumb Code   322  dadd.o(.text)
    __aeabi_dsub                             0x08000471   Thumb Code     6  dadd.o(.text)
    __aeabi_drsub                            0x08000477   Thumb Code     6  dadd.o(.text)
    __aeabi_dmul                             0x0800047d   Thumb Code   228  dmul.o(.text)
    __aeabi_ddiv                             0x08000561   Thumb Code   222  ddiv.o(.text)
    __aeabi_l2f                              0x0800063f   Thumb Code    44  ffltl.o(.text)
    __aeabi_llsl                             0x0800066b   Thumb Code    30  llshl.o(.text)
    _ll_shift_l                              0x0800066b   Thumb Code     0  llshl.o(.text)
    __aeabi_llsr                             0x08000689   Thumb Code    32  llushr.o(.text)
    _ll_ushift_r                             0x08000689   Thumb Code     0  llushr.o(.text)
    __aeabi_lasr                             0x080006a9   Thumb Code    36  llsshr.o(.text)
    _ll_sshift_r                             0x080006a9   Thumb Code     0  llsshr.o(.text)
    __I$use$fp                               0x080006cd   Thumb Code     0  iusefp.o(.text)
    _float_round                             0x080006cd   Thumb Code    18  fepilogue.o(.text)
    _float_epilogue                          0x080006df   Thumb Code    92  fepilogue.o(.text)
    _double_round                            0x0800073b   Thumb Code    30  depilogue.o(.text)
    _double_epilogue                         0x08000759   Thumb Code   156  depilogue.o(.text)
    __ARM_scalbn                             0x080007f5   Thumb Code    46  dscalb.o(.text)
    scalbn                                   0x080007f5   Thumb Code     0  dscalb.o(.text)
    _dsqrt                                   0x08000823   Thumb Code   162  dsqrt.o(.text)
    __aeabi_i2d                              0x080008c5   Thumb Code    34  dflti.o(.text)
    __aeabi_cdrcmple                         0x080008e9   Thumb Code    48  cdrcmple.o(.text)
    __scatterload                            0x08000919   Thumb Code    28  init.o(.text)
    __scatterload_rt2                        0x08000919   Thumb Code     0  init.o(.text)
    __aeabi_ui2d                             0x0800093d   Thumb Code    26  dfltui.o(.text)
    __aeabi_d2iz                             0x08000957   Thumb Code    62  dfixi.o(.text)
    BusFault_Handler                         0x08000995   Thumb Code     4  stm32f4xx_it.o(i.BusFault_Handler)
    CALCULATE                                0x08000999   Thumb Code  1710  calculate.o(i.CALCULATE)
    CAN1_RX0_IRQHandler                      0x08001051   Thumb Code    10  stm32f4xx_it.o(i.CAN1_RX0_IRQHandler)
    CAN1_TX_IRQHandler                       0x08001061   Thumb Code    10  stm32f4xx_it.o(i.CAN1_TX_IRQHandler)
    CAN2_RX0_IRQHandler                      0x08001071   Thumb Code    10  stm32f4xx_it.o(i.CAN2_RX0_IRQHandler)
    CAN2_TX_IRQHandler                       0x08001081   Thumb Code    10  stm32f4xx_it.o(i.CAN2_TX_IRQHandler)
    DebugMon_Handler                         0x08001091   Thumb Code     2  stm32f4xx_it.o(i.DebugMon_Handler)
    Error_Handler                            0x08001093   Thumb Code     6  main.o(i.Error_Handler)
    HAL_CAN_ActivateNotification             0x08001099   Thumb Code    42  stm32f4xx_hal_can.o(i.HAL_CAN_ActivateNotification)
    HAL_CAN_AddTxMessage                     0x080010c3   Thumb Code   342  stm32f4xx_hal_can.o(i.HAL_CAN_AddTxMessage)
    HAL_CAN_ConfigFilter                     0x08001219   Thumb Code   286  stm32f4xx_hal_can.o(i.HAL_CAN_ConfigFilter)
    HAL_CAN_ErrorCallback                    0x0800133d   Thumb Code     2  stm32f4xx_hal_can.o(i.HAL_CAN_ErrorCallback)
    HAL_CAN_GetRxMessage                     0x0800133f   Thumb Code   378  stm32f4xx_hal_can.o(i.HAL_CAN_GetRxMessage)
    HAL_CAN_GetTxMailboxesFreeLevel          0x080014b9   Thumb Code    54  stm32f4xx_hal_can.o(i.HAL_CAN_GetTxMailboxesFreeLevel)
    HAL_CAN_IRQHandler                       0x080014ef   Thumb Code   590  stm32f4xx_hal_can.o(i.HAL_CAN_IRQHandler)
    HAL_CAN_Init                             0x0800173d   Thumb Code   372  stm32f4xx_hal_can.o(i.HAL_CAN_Init)
    HAL_CAN_MspInit                          0x080018b1   Thumb Code   364  can.o(i.HAL_CAN_MspInit)
    HAL_CAN_RxFifo0FullCallback              0x08001a35   Thumb Code     2  stm32f4xx_hal_can.o(i.HAL_CAN_RxFifo0FullCallback)
    HAL_CAN_RxFifo0MsgPendingCallback        0x08001a39   Thumb Code   340  can_rec.o(i.HAL_CAN_RxFifo0MsgPendingCallback)
    HAL_CAN_RxFifo1FullCallback              0x08001ba9   Thumb Code     2  stm32f4xx_hal_can.o(i.HAL_CAN_RxFifo1FullCallback)
    HAL_CAN_RxFifo1MsgPendingCallback        0x08001bab   Thumb Code     2  stm32f4xx_hal_can.o(i.HAL_CAN_RxFifo1MsgPendingCallback)
    HAL_CAN_SleepCallback                    0x08001bad   Thumb Code     2  stm32f4xx_hal_can.o(i.HAL_CAN_SleepCallback)
    HAL_CAN_Start                            0x08001baf   Thumb Code    94  stm32f4xx_hal_can.o(i.HAL_CAN_Start)
    HAL_CAN_TxMailbox0AbortCallback          0x08001c0d   Thumb Code     2  stm32f4xx_hal_can.o(i.HAL_CAN_TxMailbox0AbortCallback)
    HAL_CAN_TxMailbox0CompleteCallback       0x08001c0f   Thumb Code     2  stm32f4xx_hal_can.o(i.HAL_CAN_TxMailbox0CompleteCallback)
    HAL_CAN_TxMailbox1AbortCallback          0x08001c11   Thumb Code     2  stm32f4xx_hal_can.o(i.HAL_CAN_TxMailbox1AbortCallback)
    HAL_CAN_TxMailbox1CompleteCallback       0x08001c13   Thumb Code     2  stm32f4xx_hal_can.o(i.HAL_CAN_TxMailbox1CompleteCallback)
    HAL_CAN_TxMailbox2AbortCallback          0x08001c15   Thumb Code     2  stm32f4xx_hal_can.o(i.HAL_CAN_TxMailbox2AbortCallback)
    HAL_CAN_TxMailbox2CompleteCallback       0x08001c17   Thumb Code     2  stm32f4xx_hal_can.o(i.HAL_CAN_TxMailbox2CompleteCallback)
    HAL_CAN_WakeUpFromRxMsgCallback          0x08001c19   Thumb Code     2  stm32f4xx_hal_can.o(i.HAL_CAN_WakeUpFromRxMsgCallback)
    HAL_GPIO_Init                            0x08001c1d   Thumb Code   454  stm32f4xx_hal_gpio.o(i.HAL_GPIO_Init)
    HAL_GetTick                              0x08001e11   Thumb Code     6  stm32f4xx_hal.o(i.HAL_GetTick)
    HAL_IncTick                              0x08001e1d   Thumb Code    16  stm32f4xx_hal.o(i.HAL_IncTick)
    HAL_Init                                 0x08001e35   Thumb Code    54  stm32f4xx_hal.o(i.HAL_Init)
    HAL_InitTick                             0x08001e71   Thumb Code   140  stm32f4xx_hal_timebase_tim.o(i.HAL_InitTick)
    HAL_MspInit                              0x08001f11   Thumb Code    78  stm32f4xx_hal_msp.o(i.HAL_MspInit)
    HAL_NVIC_EnableIRQ                       0x08001f65   Thumb Code    32  stm32f4xx_hal_cortex.o(i.HAL_NVIC_EnableIRQ)
    HAL_NVIC_SetPriority                     0x08001f85   Thumb Code   124  stm32f4xx_hal_cortex.o(i.HAL_NVIC_SetPriority)
    HAL_NVIC_SetPriorityGrouping             0x08002001   Thumb Code    32  stm32f4xx_hal_cortex.o(i.HAL_NVIC_SetPriorityGrouping)
    HAL_RCC_ClockConfig                      0x08002029   Thumb Code   368  stm32f4xx_hal_rcc.o(i.HAL_RCC_ClockConfig)
    HAL_RCC_GetClockConfig                   0x080021ad   Thumb Code    58  stm32f4xx_hal_rcc.o(i.HAL_RCC_GetClockConfig)
    HAL_RCC_GetHCLKFreq                      0x080021f1   Thumb Code     6  stm32f4xx_hal_rcc.o(i.HAL_RCC_GetHCLKFreq)
    HAL_RCC_GetPCLK2Freq                     0x080021fd   Thumb Code    22  stm32f4xx_hal_rcc.o(i.HAL_RCC_GetPCLK2Freq)
    HAL_RCC_GetSysClockFreq                  0x0800221d   Thumb Code   162  stm32f4xx_hal_rcc.o(i.HAL_RCC_GetSysClockFreq)
    HAL_RCC_OscConfig                        0x080022cd   Thumb Code  1172  stm32f4xx_hal_rcc.o(i.HAL_RCC_OscConfig)
    HAL_TIMEx_BreakCallback                  0x08002769   Thumb Code     2  stm32f4xx_hal_tim_ex.o(i.HAL_TIMEx_BreakCallback)
    HAL_TIMEx_CommutCallback                 0x0800276b   Thumb Code     2  stm32f4xx_hal_tim_ex.o(i.HAL_TIMEx_CommutCallback)
    HAL_TIM_Base_Init                        0x0800276d   Thumb Code   102  stm32f4xx_hal_tim.o(i.HAL_TIM_Base_Init)
    HAL_TIM_Base_MspInit                     0x080027d3   Thumb Code     2  stm32f4xx_hal_tim.o(i.HAL_TIM_Base_MspInit)
    HAL_TIM_Base_Start_IT                    0x080027d5   Thumb Code   138  stm32f4xx_hal_tim.o(i.HAL_TIM_Base_Start_IT)
    HAL_TIM_IC_CaptureCallback               0x0800287d   Thumb Code     2  stm32f4xx_hal_tim.o(i.HAL_TIM_IC_CaptureCallback)
    HAL_TIM_IRQHandler                       0x0800287f   Thumb Code   406  stm32f4xx_hal_tim.o(i.HAL_TIM_IRQHandler)
    HAL_TIM_OC_DelayElapsedCallback          0x08002a15   Thumb Code     2  stm32f4xx_hal_tim.o(i.HAL_TIM_OC_DelayElapsedCallback)
    HAL_TIM_PWM_PulseFinishedCallback        0x08002a17   Thumb Code     2  stm32f4xx_hal_tim.o(i.HAL_TIM_PWM_PulseFinishedCallback)
    HAL_TIM_PeriodElapsedCallback            0x08002a19   Thumb Code    18  main.o(i.HAL_TIM_PeriodElapsedCallback)
    HAL_TIM_TriggerCallback                  0x08002a31   Thumb Code     2  stm32f4xx_hal_tim.o(i.HAL_TIM_TriggerCallback)
    HardFault_Handler                        0x08002a33   Thumb Code     4  stm32f4xx_it.o(i.HardFault_Handler)
    MX_CAN1_Init                             0x08002a39   Thumb Code    60  can.o(i.MX_CAN1_Init)
    MX_CAN2_Init                             0x08002a7d   Thumb Code    60  can.o(i.MX_CAN2_Init)
    MX_FREERTOS_Init                         0x08002ac1   Thumb Code    60  freertos.o(i.MX_FREERTOS_Init)
    MX_GPIO_Init                             0x08002b2d   Thumb Code    96  gpio.o(i.MX_GPIO_Init)
    MemManage_Handler                        0x08002b91   Thumb Code     4  stm32f4xx_it.o(i.MemManage_Handler)
    NMI_Handler                              0x08002b95   Thumb Code     4  stm32f4xx_it.o(i.NMI_Handler)
    StartDefaultTask                         0x08002b99   Thumb Code    10  freertos.o(i.StartDefaultTask)
    StartTask04                              0x08002ba3   Thumb Code    10  freertos.o(i.StartTask04)
    SysTick_Handler                          0x08002bad   Thumb Code    22  cmsis_os2.o(i.SysTick_Handler)
    SystemClock_Config                       0x08002bc5   Thumb Code   170  main.o(i.SystemClock_Config)
    SystemInit                               0x08002c79   Thumb Code    14  system_stm32f4xx.o(i.SystemInit)
    TIM1_UP_TIM10_IRQHandler                 0x08002c8d   Thumb Code    10  stm32f4xx_it.o(i.TIM1_UP_TIM10_IRQHandler)
    TIM_Base_SetConfig                       0x08002c9d   Thumb Code   170  stm32f4xx_hal_tim.o(i.TIM_Base_SetConfig)
    TX                                       0x08002d75   Thumb Code    76  tx.o(i.TX)
    UsageFault_Handler                       0x08002dcd   Thumb Code     4  stm32f4xx_it.o(i.UsageFault_Handler)
    __ARM_fpclassify                         0x08002dd1   Thumb Code    48  fpclassify.o(i.__ARM_fpclassify)
    __hardfp_cos                             0x08002e41   Thumb Code   180  cos.o(i.__hardfp_cos)
    __hardfp_pow                             0x08002f09   Thumb Code  3072  pow.o(i.__hardfp_pow)
    __hardfp_sin                             0x08003b59   Thumb Code   180  sin.o(i.__hardfp_sin)
    __hardfp_sqrt                            0x08003c21   Thumb Code   122  sqrt.o(i.__hardfp_sqrt)
    __ieee754_rem_pio2                       0x08003ca1   Thumb Code   938  rred.o(i.__ieee754_rem_pio2)
    __kernel_cos                             0x080040d9   Thumb Code   322  cos_i.o(i.__kernel_cos)
    __kernel_poly                            0x08004249   Thumb Code   248  poly.o(i.__kernel_poly)
    __kernel_sin                             0x08004341   Thumb Code   280  sin_i.o(i.__kernel_sin)
    __mathlib_dbl_divzero                    0x08004471   Thumb Code    28  dunder.o(i.__mathlib_dbl_divzero)
    __mathlib_dbl_infnan                     0x080044a1   Thumb Code    20  dunder.o(i.__mathlib_dbl_infnan)
    __mathlib_dbl_infnan2                    0x080044b5   Thumb Code    20  dunder.o(i.__mathlib_dbl_infnan2)
    __mathlib_dbl_invalid                    0x080044c9   Thumb Code    24  dunder.o(i.__mathlib_dbl_invalid)
    __mathlib_dbl_overflow                   0x080044e9   Thumb Code    24  dunder.o(i.__mathlib_dbl_overflow)
    __mathlib_dbl_underflow                  0x08004509   Thumb Code    24  dunder.o(i.__mathlib_dbl_underflow)
    __scatterload_copy                       0x08004529   Thumb Code    14  handlers.o(i.__scatterload_copy)
    __scatterload_null                       0x08004537   Thumb Code     2  handlers.o(i.__scatterload_null)
    __scatterload_zeroinit                   0x08004539   Thumb Code    14  handlers.o(i.__scatterload_zeroinit)
    __set_errno                              0x08004549   Thumb Code     6  errno.o(i.__set_errno)
    fabs                                     0x08004555   Thumb Code    24  fabs.o(i.fabs)
    get_moto_measure                         0x0800456d   Thumb Code   186  can_rec.o(i.get_moto_measure)
    main                                     0x08004629   Thumb Code    80  main.o(i.main)
    moto_set                                 0x08004681   Thumb Code  4880  calculate.o(i.moto_set)
    my_can_filter_init_recv_all              0x08005991   Thumb Code   114  can_rec.o(i.my_can_filter_init_recv_all)
    osDelay                                  0x08005a0d   Thumb Code    30  cmsis_os2.o(i.osDelay)
    osKernelInitialize                       0x08005a2d   Thumb Code    38  cmsis_os2.o(i.osKernelInitialize)
    osKernelStart                            0x08005a59   Thumb Code    82  cmsis_os2.o(i.osKernelStart)
    osThreadNew                              0x08005ab9   Thumb Code   184  cmsis_os2.o(i.osThreadNew)
    pid_culate                               0x08005b71   Thumb Code   236  pid.o(i.pid_culate)
    pid_init                                 0x08005c5d   Thumb Code    22  calculate.o(i.pid_init)
    pvPortMalloc                             0x08006699   Thumb Code   306  heap_4.o(i.pvPortMalloc)
    pxPortInitialiseStack                    0x080067e5   Thumb Code    38  port.o(i.pxPortInitialiseStack)
    set_moto_current_all                     0x08006811   Thumb Code   160  can_rec.o(i.set_moto_current_all)
    sqrt                                     0x080068b1   Thumb Code   110  sqrt.o(i.sqrt)
    uxListRemove                             0x0800691f   Thumb Code    40  list.o(i.uxListRemove)
    vApplicationGetIdleTaskMemory            0x08006949   Thumb Code    14  cmsis_os2.o(i.vApplicationGetIdleTaskMemory)
    vApplicationGetTimerTaskMemory           0x08006961   Thumb Code    16  cmsis_os2.o(i.vApplicationGetTimerTaskMemory)
    vListInitialise                          0x08006979   Thumb Code    26  list.o(i.vListInitialise)
    vListInitialiseItem                      0x08006993   Thumb Code     6  list.o(i.vListInitialiseItem)
    vListInsert                              0x08006999   Thumb Code    52  list.o(i.vListInsert)
    vListInsertEnd                           0x080069cd   Thumb Code    24  list.o(i.vListInsertEnd)
    vPortEnterCritical                       0x080069e5   Thumb Code    76  port.o(i.vPortEnterCritical)
    vPortExitCritical                        0x08006a39   Thumb Code    56  port.o(i.vPortExitCritical)
    vPortFree                                0x08006a75   Thumb Code   150  heap_4.o(i.vPortFree)
    vPortSetupTimerInterrupt                 0x08006b19   Thumb Code    36  port.o(i.vPortSetupTimerInterrupt)
    vPortValidateInterruptPriority           0x08006b41   Thumb Code   106  port.o(i.vPortValidateInterruptPriority)
    vQueueAddToRegistry                      0x08006bb9   Thumb Code    38  queue.o(i.vQueueAddToRegistry)
    vQueueWaitForMessageRestricted           0x08006be5   Thumb Code    74  queue.o(i.vQueueWaitForMessageRestricted)
    vTaskDelay                               0x08006c31   Thumb Code    82  tasks.o(i.vTaskDelay)
    vTaskDelayUntil                          0x08006c8d   Thumb Code   200  tasks.o(i.vTaskDelayUntil)
    vTaskInternalSetTimeOutState             0x08006d61   Thumb Code    14  tasks.o(i.vTaskInternalSetTimeOutState)
    vTaskMissedYield                         0x08006d79   Thumb Code     8  tasks.o(i.vTaskMissedYield)
    vTaskPlaceOnEventList                    0x08006d85   Thumb Code    52  tasks.o(i.vTaskPlaceOnEventList)
    vTaskPlaceOnEventListRestricted          0x08006dbd   Thumb Code    60  tasks.o(i.vTaskPlaceOnEventListRestricted)
    vTaskStartScheduler                      0x08006dfd   Thumb Code   156  tasks.o(i.vTaskStartScheduler)
    vTaskSuspendAll                          0x08006eb5   Thumb Code    12  tasks.o(i.vTaskSuspendAll)
    vTaskSwitchContext                       0x08006ec5   Thumb Code   122  tasks.o(i.vTaskSwitchContext)
    xPortStartScheduler                      0x08006f55   Thumb Code   330  port.o(i.xPortStartScheduler)
    xPortSysTickHandler                      0x080070bd   Thumb Code    46  port.o(i.xPortSysTickHandler)
    xQueueGenericCreateStatic                0x080070f1   Thumb Code   224  queue.o(i.xQueueGenericCreateStatic)
    xQueueGenericReset                       0x080071d1   Thumb Code   146  queue.o(i.xQueueGenericReset)
    xQueueGenericSend                        0x08007269   Thumb Code   420  queue.o(i.xQueueGenericSend)
    xQueueGenericSendFromISR                 0x08007411   Thumb Code   252  queue.o(i.xQueueGenericSendFromISR)
    xQueueReceive                            0x0800750d   Thumb Code   356  queue.o(i.xQueueReceive)
    xTaskCheckForTimeOut                     0x08007675   Thumb Code   132  tasks.o(i.xTaskCheckForTimeOut)
    xTaskCreate                              0x08007701   Thumb Code   100  tasks.o(i.xTaskCreate)
    xTaskCreateStatic                        0x08007765   Thumb Code   186  tasks.o(i.xTaskCreateStatic)
    xTaskGetSchedulerState                   0x08007821   Thumb Code    24  tasks.o(i.xTaskGetSchedulerState)
    xTaskGetTickCount                        0x08007841   Thumb Code     6  tasks.o(i.xTaskGetTickCount)
    xTaskIncrementTick                       0x0800784d   Thumb Code   280  tasks.o(i.xTaskIncrementTick)
    xTaskPriorityDisinherit                  0x08007991   Thumb Code   152  tasks.o(i.xTaskPriorityDisinherit)
    xTaskRemoveFromEventList                 0x08007a35   Thumb Code   126  tasks.o(i.xTaskRemoveFromEventList)
    xTaskResumeAll                           0x08007acd   Thumb Code   222  tasks.o(i.xTaskResumeAll)
    xTimerCreateTimerTask                    0x08007bd1   Thumb Code   100  timers.o(i.xTimerCreateTimerTask)
    xTimerGenericCommand                     0x08007c49   Thumb Code   128  timers.o(i.xTimerGenericCommand)
    defaultTask_attributes                   0x08007ccc   Data          36  freertos.o(.constdata)
    myTask02_attributes                      0x08007cf0   Data          36  freertos.o(.constdata)
    myTask03_attributes                      0x08007d14   Data          36  freertos.o(.constdata)
    myTask04_attributes                      0x08007d38   Data          36  freertos.o(.constdata)
    AHBPrescTable                            0x08007d5c   Data          16  system_stm32f4xx.o(.constdata)
    APBPrescTable                            0x08007d6c   Data           8  system_stm32f4xx.o(.constdata)
    __mathlib_zero                           0x08007e48   Data           8  qnan.o(.constdata)
    Region$$Table$$Base                      0x08007f70   Number         0  anon$$obj.o(Region$$Table)
    Region$$Table$$Limit                     0x08007f90   Number         0  anon$$obj.o(Region$$Table)
    defaultTaskHandle                        0x20000000   Data           4  freertos.o(.data)
    myTask02Handle                           0x20000004   Data           4  freertos.o(.data)
    myTask03Handle                           0x20000008   Data           4  freertos.o(.data)
    myTask04Handle                           0x2000000c   Data           4  freertos.o(.data)
    uwTick                                   0x20000014   Data           4  stm32f4xx_hal.o(.data)
    uwTickPrio                               0x20000018   Data           4  stm32f4xx_hal.o(.data)
    uwTickFreq                               0x2000001c   Data           1  stm32f4xx_hal.o(.data)
    SystemCoreClock                          0x20000020   Data           4  system_stm32f4xx.o(.data)
    pxCurrentTCB                             0x20000024   Data           4  tasks.o(.data)
    time_count                               0x200000a4   Data           2  tx.o(.data)
    zya_cnt                                  0x200000a8   Data           4  can_rec.o(.data)
    hcan1                                    0x200000b4   Data          40  can.o(.bss)
    hcan2                                    0x200000dc   Data          40  can.o(.bss)
    htim1                                    0x20000104   Data          72  stm32f4xx_hal_timebase_tim.o(.bss)
    xQueueRegistry                           0x2000014c   Data          64  queue.o(.bss)
    moto_base1                               0x20004a20   Data        2376  can_rec.o(.bss)
    moto_base2                               0x20005368   Data        2376  can_rec.o(.bss)
    yaw_moto_9025                            0x20005cb0   Data         216  can_rec.o(.bss)
    RxHeader                                 0x20005d88   Data          28  can_rec.o(.bss)
    __initial_sp                             0x200061a8   Data           0  startup_stm32f407xx.o(STACK)



==============================================================================

Memory Map of the image

  Image Entry point : 0x08000189

  Load Region LR_IROM1 (Base: 0x08000000, Size: 0x00008044, Max: 0x00100000, ABSOLUTE)

    Execution Region ER_IROM1 (Base: 0x08000000, Size: 0x00007f90, Max: 0x00100000, ABSOLUTE)

    Base Addr    Size         Type   Attr      Idx    E Section Name        Object

    0x08000000   0x00000188   Data   RO            3    RESET               startup_stm32f407xx.o
    0x08000188   0x00000000   Code   RO         4919  * .ARM.Collect$$$$00000000  mc_w.l(entry.o)
    0x08000188   0x00000004   Code   RO         4981    .ARM.Collect$$$$00000001  mc_w.l(entry2.o)
    0x0800018c   0x00000004   Code   RO         4984    .ARM.Collect$$$$00000004  mc_w.l(entry5.o)
    0x08000190   0x00000000   Code   RO         4986    .ARM.Collect$$$$00000008  mc_w.l(entry7b.o)
    0x08000190   0x00000000   Code   RO         4988    .ARM.Collect$$$$0000000A  mc_w.l(entry8b.o)
    0x08000190   0x00000008   Code   RO         4989    .ARM.Collect$$$$0000000B  mc_w.l(entry9a.o)
    0x08000198   0x00000004   Code   RO         4996    .ARM.Collect$$$$0000000E  mc_w.l(entry12b.o)
    0x0800019c   0x00000000   Code   RO         4991    .ARM.Collect$$$$0000000F  mc_w.l(entry10a.o)
    0x0800019c   0x00000000   Code   RO         4993    .ARM.Collect$$$$00000011  mc_w.l(entry11a.o)
    0x0800019c   0x00000004   Code   RO         4982    .ARM.Collect$$$$00002712  mc_w.l(entry2.o)
    0x080001a0   0x000000be   Code   RO         4642    .emb_text           port.o
    0x0800025e   0x00000002   PAD
    0x08000260   0x00000024   Code   RO            4    .text               startup_stm32f407xx.o
    0x08000284   0x00000062   Code   RO         4922    .text               mc_w.l(uldiv.o)
    0x080002e6   0x00000024   Code   RO         4924    .text               mc_w.l(memcpya.o)
    0x0800030a   0x00000024   Code   RO         4928    .text               mc_w.l(memseta.o)
    0x0800032e   0x0000014e   Code   RO         4932    .text               mf_w.l(dadd.o)
    0x0800047c   0x000000e4   Code   RO         4934    .text               mf_w.l(dmul.o)
    0x08000560   0x000000de   Code   RO         4936    .text               mf_w.l(ddiv.o)
    0x0800063e   0x0000002c   Code   RO         4940    .text               mf_w.l(ffltl.o)
    0x0800066a   0x0000001e   Code   RO         4997    .text               mc_w.l(llshl.o)
    0x08000688   0x00000020   Code   RO         4999    .text               mc_w.l(llushr.o)
    0x080006a8   0x00000024   Code   RO         5001    .text               mc_w.l(llsshr.o)
    0x080006cc   0x00000000   Code   RO         5010    .text               mc_w.l(iusefp.o)
    0x080006cc   0x0000006e   Code   RO         5011    .text               mf_w.l(fepilogue.o)
    0x0800073a   0x000000ba   Code   RO         5013    .text               mf_w.l(depilogue.o)
    0x080007f4   0x0000002e   Code   RO         5015    .text               mf_w.l(dscalb.o)
    0x08000822   0x000000a2   Code   RO         5017    .text               mf_w.l(dsqrt.o)
    0x080008c4   0x00000022   Code   RO         5019    .text               mf_w.l(dflti.o)
    0x080008e6   0x00000002   PAD
    0x080008e8   0x00000030   Code   RO         5023    .text               mf_w.l(cdrcmple.o)
    0x08000918   0x00000024   Code   RO         5025    .text               mc_w.l(init.o)
    0x0800093c   0x0000001a   Code   RO         5027    .text               mf_w.l(dfltui.o)
    0x08000956   0x0000003e   Code   RO         5029    .text               mf_w.l(dfixi.o)
    0x08000994   0x00000004   Code   RO          325    i.BusFault_Handler  stm32f4xx_it.o
    0x08000998   0x000006b8   Code   RO         4722    i.CALCULATE         calculate.o
    0x08001050   0x00000010   Code   RO          326    i.CAN1_RX0_IRQHandler  stm32f4xx_it.o
    0x08001060   0x00000010   Code   RO          327    i.CAN1_TX_IRQHandler  stm32f4xx_it.o
    0x08001070   0x00000010   Code   RO          328    i.CAN2_RX0_IRQHandler  stm32f4xx_it.o
    0x08001080   0x00000010   Code   RO          329    i.CAN2_TX_IRQHandler  stm32f4xx_it.o
    0x08001090   0x00000002   Code   RO          330    i.DebugMon_Handler  stm32f4xx_it.o
    0x08001092   0x00000006   Code   RO           13    i.Error_Handler     main.o
    0x08001098   0x0000002a   Code   RO          477    i.HAL_CAN_ActivateNotification  stm32f4xx_hal_can.o
    0x080010c2   0x00000156   Code   RO          478    i.HAL_CAN_AddTxMessage  stm32f4xx_hal_can.o
    0x08001218   0x00000124   Code   RO          479    i.HAL_CAN_ConfigFilter  stm32f4xx_hal_can.o
    0x0800133c   0x00000002   Code   RO          482    i.HAL_CAN_ErrorCallback  stm32f4xx_hal_can.o
    0x0800133e   0x0000017a   Code   RO          485    i.HAL_CAN_GetRxMessage  stm32f4xx_hal_can.o
    0x080014b8   0x00000036   Code   RO          487    i.HAL_CAN_GetTxMailboxesFreeLevel  stm32f4xx_hal_can.o
    0x080014ee   0x0000024e   Code   RO          489    i.HAL_CAN_IRQHandler  stm32f4xx_hal_can.o
    0x0800173c   0x00000174   Code   RO          490    i.HAL_CAN_Init      stm32f4xx_hal_can.o
    0x080018b0   0x00000184   Code   RO          277    i.HAL_CAN_MspInit   can.o
    0x08001a34   0x00000002   Code   RO          497    i.HAL_CAN_RxFifo0FullCallback  stm32f4xx_hal_can.o
    0x08001a36   0x00000002   PAD
    0x08001a38   0x00000170   Code   RO         4823    i.HAL_CAN_RxFifo0MsgPendingCallback  can_rec.o
    0x08001ba8   0x00000002   Code   RO          499    i.HAL_CAN_RxFifo1FullCallback  stm32f4xx_hal_can.o
    0x08001baa   0x00000002   Code   RO          500    i.HAL_CAN_RxFifo1MsgPendingCallback  stm32f4xx_hal_can.o
    0x08001bac   0x00000002   Code   RO          501    i.HAL_CAN_SleepCallback  stm32f4xx_hal_can.o
    0x08001bae   0x0000005e   Code   RO          502    i.HAL_CAN_Start     stm32f4xx_hal_can.o
    0x08001c0c   0x00000002   Code   RO          504    i.HAL_CAN_TxMailbox0AbortCallback  stm32f4xx_hal_can.o
    0x08001c0e   0x00000002   Code   RO          505    i.HAL_CAN_TxMailbox0CompleteCallback  stm32f4xx_hal_can.o
    0x08001c10   0x00000002   Code   RO          506    i.HAL_CAN_TxMailbox1AbortCallback  stm32f4xx_hal_can.o
    0x08001c12   0x00000002   Code   RO          507    i.HAL_CAN_TxMailbox1CompleteCallback  stm32f4xx_hal_can.o
    0x08001c14   0x00000002   Code   RO          508    i.HAL_CAN_TxMailbox2AbortCallback  stm32f4xx_hal_can.o
    0x08001c16   0x00000002   Code   RO          509    i.HAL_CAN_TxMailbox2CompleteCallback  stm32f4xx_hal_can.o
    0x08001c18   0x00000002   Code   RO          511    i.HAL_CAN_WakeUpFromRxMsgCallback  stm32f4xx_hal_can.o
    0x08001c1a   0x00000002   PAD
    0x08001c1c   0x000001f4   Code   RO         1110    i.HAL_GPIO_Init     stm32f4xx_hal_gpio.o
    0x08001e10   0x0000000c   Code   RO         1647    i.HAL_GetTick       stm32f4xx_hal.o
    0x08001e1c   0x00000018   Code   RO         1653    i.HAL_IncTick       stm32f4xx_hal.o
    0x08001e34   0x0000003c   Code   RO         1654    i.HAL_Init          stm32f4xx_hal.o
    0x08001e70   0x000000a0   Code   RO          437    i.HAL_InitTick      stm32f4xx_hal_timebase_tim.o
    0x08001f10   0x00000054   Code   RO          413    i.HAL_MspInit       stm32f4xx_hal_msp.o
    0x08001f64   0x00000020   Code   RO         1499    i.HAL_NVIC_EnableIRQ  stm32f4xx_hal_cortex.o
    0x08001f84   0x0000007c   Code   RO         1505    i.HAL_NVIC_SetPriority  stm32f4xx_hal_cortex.o
    0x08002000   0x00000028   Code   RO         1506    i.HAL_NVIC_SetPriorityGrouping  stm32f4xx_hal_cortex.o
    0x08002028   0x00000184   Code   RO          711    i.HAL_RCC_ClockConfig  stm32f4xx_hal_rcc.o
    0x080021ac   0x00000044   Code   RO          715    i.HAL_RCC_GetClockConfig  stm32f4xx_hal_rcc.o
    0x080021f0   0x0000000c   Code   RO          716    i.HAL_RCC_GetHCLKFreq  stm32f4xx_hal_rcc.o
    0x080021fc   0x00000020   Code   RO          719    i.HAL_RCC_GetPCLK2Freq  stm32f4xx_hal_rcc.o
    0x0800221c   0x000000b0   Code   RO          720    i.HAL_RCC_GetSysClockFreq  stm32f4xx_hal_rcc.o
    0x080022cc   0x0000049c   Code   RO          723    i.HAL_RCC_OscConfig  stm32f4xx_hal_rcc.o
    0x08002768   0x00000002   Code   RO         2609    i.HAL_TIMEx_BreakCallback  stm32f4xx_hal_tim_ex.o
    0x0800276a   0x00000002   Code   RO         2610    i.HAL_TIMEx_CommutCallback  stm32f4xx_hal_tim_ex.o
    0x0800276c   0x00000066   Code   RO         1894    i.HAL_TIM_Base_Init  stm32f4xx_hal_tim.o
    0x080027d2   0x00000002   Code   RO         1896    i.HAL_TIM_Base_MspInit  stm32f4xx_hal_tim.o
    0x080027d4   0x000000a8   Code   RO         1899    i.HAL_TIM_Base_Start_IT  stm32f4xx_hal_tim.o
    0x0800287c   0x00000002   Code   RO         1928    i.HAL_TIM_IC_CaptureCallback  stm32f4xx_hal_tim.o
    0x0800287e   0x00000196   Code   RO         1942    i.HAL_TIM_IRQHandler  stm32f4xx_hal_tim.o
    0x08002a14   0x00000002   Code   RO         1945    i.HAL_TIM_OC_DelayElapsedCallback  stm32f4xx_hal_tim.o
    0x08002a16   0x00000002   Code   RO         1972    i.HAL_TIM_PWM_PulseFinishedCallback  stm32f4xx_hal_tim.o
    0x08002a18   0x00000018   Code   RO           14    i.HAL_TIM_PeriodElapsedCallback  main.o
    0x08002a30   0x00000002   Code   RO         1985    i.HAL_TIM_TriggerCallback  stm32f4xx_hal_tim.o
    0x08002a32   0x00000004   Code   RO          331    i.HardFault_Handler  stm32f4xx_it.o
    0x08002a36   0x00000002   PAD
    0x08002a38   0x00000044   Code   RO          278    i.MX_CAN1_Init      can.o
    0x08002a7c   0x00000044   Code   RO          279    i.MX_CAN2_Init      can.o
    0x08002ac0   0x0000006c   Code   RO          227    i.MX_FREERTOS_Init  freertos.o
    0x08002b2c   0x00000064   Code   RO          203    i.MX_GPIO_Init      gpio.o
    0x08002b90   0x00000004   Code   RO          332    i.MemManage_Handler  stm32f4xx_it.o
    0x08002b94   0x00000004   Code   RO          333    i.NMI_Handler       stm32f4xx_it.o
    0x08002b98   0x0000000a   Code   RO          228    i.StartDefaultTask  freertos.o
    0x08002ba2   0x0000000a   Code   RO          229    i.StartTask04       freertos.o
    0x08002bac   0x00000016   Code   RO         4057    i.SysTick_Handler   cmsis_os2.o
    0x08002bc2   0x00000002   PAD
    0x08002bc4   0x000000b4   Code   RO           15    i.SystemClock_Config  main.o
    0x08002c78   0x00000014   Code   RO         2877    i.SystemInit        system_stm32f4xx.o
    0x08002c8c   0x00000010   Code   RO          334    i.TIM1_UP_TIM10_IRQHandler  stm32f4xx_it.o
    0x08002c9c   0x000000d8   Code   RO         1987    i.TIM_Base_SetConfig  stm32f4xx_hal_tim.o
    0x08002d74   0x00000058   Code   RO         4769    i.TX                tx.o
    0x08002dcc   0x00000004   Code   RO          335    i.UsageFault_Handler  stm32f4xx_it.o
    0x08002dd0   0x00000030   Code   RO         4965    i.__ARM_fpclassify  m_wm.l(fpclassify.o)
    0x08002e00   0x00000010   Code   RO         1512    i.__NVIC_GetPriorityGrouping  stm32f4xx_hal_cortex.o
    0x08002e10   0x00000028   Code   RO         1513    i.__NVIC_SetPriority  stm32f4xx_hal_cortex.o
    0x08002e38   0x00000006   Code   RO         4059    i.__get_IPSR        cmsis_os2.o
    0x08002e3e   0x00000002   PAD
    0x08002e40   0x000000c8   Code   RO         4869    i.__hardfp_cos      m_wm.l(cos.o)
    0x08002f08   0x00000c50   Code   RO         4881    i.__hardfp_pow      m_wm.l(pow.o)
    0x08003b58   0x000000c8   Code   RO         4895    i.__hardfp_sin      m_wm.l(sin.o)
    0x08003c20   0x0000007a   Code   RO         4907    i.__hardfp_sqrt     m_wm.l(sqrt.o)
    0x08003c9a   0x00000006   PAD
    0x08003ca0   0x00000438   Code   RO         4970    i.__ieee754_rem_pio2  m_wm.l(rred.o)
    0x080040d8   0x00000170   Code   RO         4942    i.__kernel_cos      m_wm.l(cos_i.o)
    0x08004248   0x000000f8   Code   RO         4967    i.__kernel_poly     m_wm.l(poly.o)
    0x08004340   0x00000130   Code   RO         4975    i.__kernel_sin      m_wm.l(sin_i.o)
    0x08004470   0x00000030   Code   RO         4945    i.__mathlib_dbl_divzero  m_wm.l(dunder.o)
    0x080044a0   0x00000014   Code   RO         4946    i.__mathlib_dbl_infnan  m_wm.l(dunder.o)
    0x080044b4   0x00000014   Code   RO         4947    i.__mathlib_dbl_infnan2  m_wm.l(dunder.o)
    0x080044c8   0x00000020   Code   RO         4948    i.__mathlib_dbl_invalid  m_wm.l(dunder.o)
    0x080044e8   0x00000020   Code   RO         4949    i.__mathlib_dbl_overflow  m_wm.l(dunder.o)
    0x08004508   0x00000020   Code   RO         4951    i.__mathlib_dbl_underflow  m_wm.l(dunder.o)
    0x08004528   0x0000000e   Code   RO         5033    i.__scatterload_copy  mc_w.l(handlers.o)
    0x08004536   0x00000002   Code   RO         5034    i.__scatterload_null  mc_w.l(handlers.o)
    0x08004538   0x0000000e   Code   RO         5035    i.__scatterload_zeroinit  mc_w.l(handlers.o)
    0x08004546   0x00000002   PAD
    0x08004548   0x0000000c   Code   RO         5005    i.__set_errno       mc_w.l(errno.o)
    0x08004554   0x00000018   Code   RO         4961    i.fabs              m_wm.l(fabs.o)
    0x0800456c   0x000000ba   Code   RO         4824    i.get_moto_measure  can_rec.o
    0x08004626   0x00000002   PAD
    0x08004628   0x00000058   Code   RO           16    i.main              main.o
    0x08004680   0x00001310   Code   RO         4723    i.moto_set          calculate.o
    0x08005990   0x0000007c   Code   RO         4825    i.my_can_filter_init_recv_all  can_rec.o
    0x08005a0c   0x0000001e   Code   RO         4060    i.osDelay           cmsis_os2.o
    0x08005a2a   0x00000002   PAD
    0x08005a2c   0x0000002c   Code   RO         4074    i.osKernelInitialize  cmsis_os2.o
    0x08005a58   0x00000060   Code   RO         4077    i.osKernelStart     cmsis_os2.o
    0x08005ab8   0x000000b8   Code   RO         4119    i.osThreadNew       cmsis_os2.o
    0x08005b70   0x000000ec   Code   RO         4799    i.pid_culate        pid.o
    0x08005c5c   0x00000016   Code   RO         4724    i.pid_init          calculate.o
    0x08005c72   0x00000002   PAD
    0x08005c74   0x0000007c   Code   RO         3494    i.prvAddCurrentTaskToDelayedList  tasks.o
    0x08005cf0   0x000000b8   Code   RO         3495    i.prvAddNewTaskToReadyList  tasks.o
    0x08005da8   0x00000074   Code   RO         3870    i.prvCheckForValidListAndQueue  timers.o
    0x08005e1c   0x00000048   Code   RO         3496    i.prvCheckTasksWaitingTermination  tasks.o
    0x08005e64   0x0000002a   Code   RO         3081    i.prvCopyDataFromQueue  queue.o
    0x08005e8e   0x0000007e   Code   RO         3082    i.prvCopyDataToQueue  queue.o
    0x08005f0c   0x00000050   Code   RO         3497    i.prvDeleteTCB      tasks.o
    0x08005f5c   0x00000028   Code   RO         3871    i.prvGetNextExpireTime  timers.o
    0x08005f84   0x0000007c   Code   RO         4587    i.prvHeapInit       heap_4.o
    0x08006000   0x00000028   Code   RO         3498    i.prvIdleTask       tasks.o
    0x08006028   0x0000002a   Code   RO         3085    i.prvInitialiseNewQueue  queue.o
    0x08006052   0x000000be   Code   RO         3499    i.prvInitialiseNewTask  tasks.o
    0x08006110   0x00000068   Code   RO         3500    i.prvInitialiseTaskLists  tasks.o
    0x08006178   0x00000068   Code   RO         4588    i.prvInsertBlockIntoFreeList  heap_4.o
    0x080061e0   0x00000058   Code   RO         3873    i.prvInsertTimerInActiveList  timers.o
    0x08006238   0x0000001a   Code   RO         3086    i.prvIsQueueEmpty   queue.o
    0x08006252   0x0000001e   Code   RO         3087    i.prvIsQueueFull    queue.o
    0x08006270   0x00000074   Code   RO         3874    i.prvProcessExpiredTimer  timers.o
    0x080062e4   0x00000164   Code   RO         3875    i.prvProcessReceivedCommands  timers.o
    0x08006448   0x00000074   Code   RO         3876    i.prvProcessTimerOrBlockTask  timers.o
    0x080064bc   0x00000034   Code   RO         3502    i.prvResetNextTaskUnblockTime  tasks.o
    0x080064f0   0x0000002c   Code   RO         3877    i.prvSampleTimeNow  timers.o
    0x0800651c   0x000000a4   Code   RO         3878    i.prvSwitchTimerLists  timers.o
    0x080065c0   0x00000040   Code   RO         4643    i.prvTaskExitError  port.o
    0x08006600   0x0000001a   Code   RO         3879    i.prvTimerTask      timers.o
    0x0800661a   0x0000007e   Code   RO         3088    i.prvUnlockQueue    queue.o
    0x08006698   0x0000014c   Code   RO         4589    i.pvPortMalloc      heap_4.o
    0x080067e4   0x0000002c   Code   RO         4644    i.pxPortInitialiseStack  port.o
    0x08006810   0x000000a0   Code   RO         4826    i.set_moto_current_all  can_rec.o
    0x080068b0   0x0000006e   Code   RO         4909    i.sqrt              m_wm.l(sqrt.o)
    0x0800691e   0x00000028   Code   RO         3041    i.uxListRemove      list.o
    0x08006946   0x00000002   PAD
    0x08006948   0x00000018   Code   RO         4131    i.vApplicationGetIdleTaskMemory  cmsis_os2.o
    0x08006960   0x00000018   Code   RO         4132    i.vApplicationGetTimerTaskMemory  cmsis_os2.o
    0x08006978   0x0000001a   Code   RO         3042    i.vListInitialise   list.o
    0x08006992   0x00000006   Code   RO         3043    i.vListInitialiseItem  list.o
    0x08006998   0x00000034   Code   RO         3044    i.vListInsert       list.o
    0x080069cc   0x00000018   Code   RO         3045    i.vListInsertEnd    list.o
    0x080069e4   0x00000054   Code   RO         4646    i.vPortEnterCritical  port.o
    0x08006a38   0x0000003c   Code   RO         4647    i.vPortExitCritical  port.o
    0x08006a74   0x000000a4   Code   RO         4590    i.vPortFree         heap_4.o
    0x08006b18   0x00000028   Code   RO         4648    i.vPortSetupTimerInterrupt  port.o
    0x08006b40   0x00000078   Code   RO         4649    i.vPortValidateInterruptPriority  port.o
    0x08006bb8   0x0000002c   Code   RO         3094    i.vQueueAddToRegistry  queue.o
    0x08006be4   0x0000004a   Code   RO         3098    i.vQueueWaitForMessageRestricted  queue.o
    0x08006c2e   0x00000002   PAD
    0x08006c30   0x0000005c   Code   RO         3515    i.vTaskDelay        tasks.o
    0x08006c8c   0x000000d4   Code   RO         3516    i.vTaskDelayUntil   tasks.o
    0x08006d60   0x00000018   Code   RO         3520    i.vTaskInternalSetTimeOutState  tasks.o
    0x08006d78   0x0000000c   Code   RO         3521    i.vTaskMissedYield  tasks.o
    0x08006d84   0x00000038   Code   RO         3523    i.vTaskPlaceOnEventList  tasks.o
    0x08006dbc   0x00000040   Code   RO         3524    i.vTaskPlaceOnEventListRestricted  tasks.o
    0x08006dfc   0x000000b8   Code   RO         3532    i.vTaskStartScheduler  tasks.o
    0x08006eb4   0x00000010   Code   RO         3534    i.vTaskSuspendAll   tasks.o
    0x08006ec4   0x00000090   Code   RO         3535    i.vTaskSwitchContext  tasks.o
    0x08006f54   0x00000168   Code   RO         4650    i.xPortStartScheduler  port.o
    0x080070bc   0x00000034   Code   RO         4651    i.xPortSysTickHandler  port.o
    0x080070f0   0x000000e0   Code   RO         3104    i.xQueueGenericCreateStatic  queue.o
    0x080071d0   0x00000098   Code   RO         3105    i.xQueueGenericReset  queue.o
    0x08007268   0x000001a8   Code   RO         3106    i.xQueueGenericSend  queue.o
    0x08007410   0x000000fc   Code   RO         3107    i.xQueueGenericSendFromISR  queue.o
    0x0800750c   0x00000168   Code   RO         3116    i.xQueueReceive     queue.o
    0x08007674   0x0000008c   Code   RO         3537    i.xTaskCheckForTimeOut  tasks.o
    0x08007700   0x00000064   Code   RO         3538    i.xTaskCreate       tasks.o
    0x08007764   0x000000ba   Code   RO         3539    i.xTaskCreateStatic  tasks.o
    0x0800781e   0x00000002   PAD
    0x08007820   0x00000020   Code   RO         3543    i.xTaskGetSchedulerState  tasks.o
    0x08007840   0x0000000c   Code   RO         3544    i.xTaskGetTickCount  tasks.o
    0x0800784c   0x00000144   Code   RO         3546    i.xTaskIncrementTick  tasks.o
    0x08007990   0x000000a4   Code   RO         3549    i.xTaskPriorityDisinherit  tasks.o
    0x08007a34   0x00000098   Code   RO         3551    i.xTaskRemoveFromEventList  tasks.o
    0x08007acc   0x00000104   Code   RO         3552    i.xTaskResumeAll    tasks.o
    0x08007bd0   0x00000078   Code   RO         3888    i.xTimerCreateTimerTask  timers.o
    0x08007c48   0x00000084   Code   RO         3889    i.xTimerGenericCommand  timers.o
    0x08007ccc   0x00000090   Data   RO          230    .constdata          freertos.o
    0x08007d5c   0x00000018   Data   RO         2878    .constdata          system_stm32f4xx.o
    0x08007d74   0x00000004   PAD
    0x08007d78   0x00000018   Data   RO         4725    .constdata          calculate.o
    0x08007d90   0x00000088   Data   RO         4884    .constdata          m_wm.l(pow.o)
    0x08007e18   0x00000030   Data   RO         4943    .constdata          m_wm.l(cos_i.o)
    0x08007e48   0x00000008   Data   RO         4969    .constdata          m_wm.l(qnan.o)
    0x08007e50   0x000000c8   Data   RO         4972    .constdata          m_wm.l(rred.o)
    0x08007f18   0x00000028   Data   RO         4976    .constdata          m_wm.l(sin_i.o)
    0x08007f40   0x00000030   Data   RO          231    .conststring        freertos.o
    0x08007f70   0x00000020   Data   RO         5031    Region$$Table       anon$$obj.o


    Execution Region RW_IRAM1 (Base: 0x20000000, Size: 0x000061a8, Max: 0x00020000, ABSOLUTE)

    Base Addr    Size         Type   Attr      Idx    E Section Name        Object

    0x20000000   0x00000010   Data   RW          232    .data               freertos.o
    0x20000010   0x00000004   Data   RW          281    .data               can.o
    0x20000014   0x00000009   Data   RW         1661    .data               stm32f4xx_hal.o
    0x2000001d   0x00000003   PAD
    0x20000020   0x00000004   Data   RW         2879    .data               system_stm32f4xx.o
    0x20000024   0x0000003c   Data   RW         3555    .data               tasks.o
    0x20000060   0x00000014   Data   RW         3897    .data               timers.o
    0x20000074   0x00000004   Data   RW         4134    .data               cmsis_os2.o
    0x20000078   0x00000020   Data   RW         4596    .data               heap_4.o
    0x20000098   0x0000000c   Data   RW         4652    .data               port.o
    0x200000a4   0x00000002   Data   RW         4770    .data               tx.o
    0x200000a6   0x00000002   PAD
    0x200000a8   0x00000006   Data   RW         4828    .data               can_rec.o
    0x200000ae   0x00000002   PAD
    0x200000b0   0x00000004   Data   RW         5006    .data               mc_w.l(errno.o)
    0x200000b4   0x00000050   Zero   RW          280    .bss                can.o
    0x20000104   0x00000048   Zero   RW          440    .bss                stm32f4xx_hal_timebase_tim.o
    0x2000014c   0x00000040   Zero   RW         3120    .bss                queue.o
    0x2000018c   0x000004c4   Zero   RW         3554    .bss                tasks.o
    0x20000650   0x00000118   Zero   RW         3896    .bss                timers.o
    0x20000768   0x000006b8   Zero   RW         4133    .bss                cmsis_os2.o
    0x20000e20   0x00003c00   Zero   RW         4595    .bss                heap_4.o
    0x20004a20   0x00001384   Zero   RW         4827    .bss                can_rec.o
    0x20005da4   0x00000004   PAD
    0x20005da8   0x00000400   Zero   RW            1    STACK               startup_stm32f407xx.o


==============================================================================

Image component sizes


      Code (inc. data)   RO Data    RW Data    ZI Data      Debug   Object Name

      6622        114         24          0          0       2882   calculate.o
       524         40          0          4         80       2454   can.o
       838         62          0          6       4996       4979   can_rec.o
       430         38          0          4       1720      64943   cmsis_os2.o
         0          0          0          0          0      19448   event_groups.o
       128         48        192         16          0       2512   freertos.o
       100          4          0          0          0        851   gpio.o
       724         74          0         32      15360       4863   heap_4.o
       148          0          0          0          0       3562   list.o
       298         24          0          0          0     706946   main.o
       236          0          0          0          0        861   pid.o
      1014         92          0         12          0      11689   port.o
      1922         20          0          0         64      17404   queue.o
        36          8        392          0       1024        836   startup_stm32f407xx.o
        96         20          0          9          0       8086   stm32f4xx_hal.o
      2188          6          0          0          0      15037   stm32f4xx_hal_can.o
       252         22          0          0          0      33678   stm32f4xx_hal_cortex.o
       500         46          0          0          0       1452   stm32f4xx_hal_gpio.o
        84          6          0          0          0        862   stm32f4xx_hal_msp.o
      1856         84          0          0          0       5698   stm32f4xx_hal_rcc.o
       902         76          0          0          0       6462   stm32f4xx_hal_tim.o
         4          0          0          0          0       1569   stm32f4xx_hal_tim_ex.o
       160         20          0          0         72       1431   stm32f4xx_hal_timebase_tim.o
       102         30          0          0          0       5322   stm32f4xx_it.o
         0          0          0          0          0        384   stream_buffer.o
        20          6         24          4          0       1127   system_stm32f4xx.o
      3020        358          0         60       1220      28712   tasks.o
      1318        124          0         20        280      32867   timers.o
        88         12          0          2          0        730   tx.o

    ----------------------------------------------------------------------
     23634       1334        668        176      24820     987647   Object Totals
         0          0         32          0          0          0   (incl. Generated)
        24          0          4          7          4          0   (incl. Padding)

    ----------------------------------------------------------------------

      Code (inc. data)   RO Data    RW Data    ZI Data      Debug   Library Member Name

       200         20          0          0          0        164   cos.o
       368         46         48          0          0        200   cos_i.o
       184         44          0          0          0        744   dunder.o
        24          0          0          0          0        124   fabs.o
        48          0          0          0          0        124   fpclassify.o
       248          0          0          0          0        152   poly.o
      3152        296        136          0          0        352   pow.o
         0          0          8          0          0          0   qnan.o
      1080        142        200          0          0        188   rred.o
       200         20          0          0          0        164   sin.o
       304         24         40          0          0        208   sin_i.o
       232          0          0          0          0        296   sqrt.o
         0          0          0          0          0          0   entry.o
         0          0          0          0          0          0   entry10a.o
         0          0          0          0          0          0   entry11a.o
         4          0          0          0          0          0   entry12b.o
         8          4          0          0          0          0   entry2.o
         4          0          0          0          0          0   entry5.o
         0          0          0          0          0          0   entry7b.o
         0          0          0          0          0          0   entry8b.o
         8          4          0          0          0          0   entry9a.o
        12          6          0          4          0         68   errno.o
        30          0          0          0          0          0   handlers.o
        36          8          0          0          0         68   init.o
         0          0          0          0          0          0   iusefp.o
        30          0          0          0          0         68   llshl.o
        36          0          0          0          0         68   llsshr.o
        32          0          0          0          0         68   llushr.o
        36          0          0          0          0         68   memcpya.o
        36          0          0          0          0        108   memseta.o
        98          0          0          0          0         92   uldiv.o
        48          0          0          0          0         68   cdrcmple.o
       334          0          0          0          0        148   dadd.o
       222          0          0          0          0        100   ddiv.o
       186          0          0          0          0        176   depilogue.o
        62          0          0          0          0         80   dfixi.o
        34          0          0          0          0         76   dflti.o
        26          0          0          0          0         76   dfltui.o
       228          0          0          0          0         96   dmul.o
        46          0          0          0          0         80   dscalb.o
       162          0          0          0          0        100   dsqrt.o
       110          0          0          0          0        168   fepilogue.o
        44          0          0          0          0         92   ffltl.o

    ----------------------------------------------------------------------
      7922        614        432          4          0       4584   Library Totals
        10          0          0          0          0          0   (incl. Padding)

    ----------------------------------------------------------------------

      Code (inc. data)   RO Data    RW Data    ZI Data      Debug   Library Name

      6040        592        432          0          0       2716   m_wm.l
       370         22          0          4          0        608   mc_w.l
      1502          0          0          0          0       1260   mf_w.l

    ----------------------------------------------------------------------
      7922        614        432          4          0       4584   Library Totals

    ----------------------------------------------------------------------

==============================================================================


      Code (inc. data)   RO Data    RW Data    ZI Data      Debug   

     31556       1948       1100        180      24820     975099   Grand Totals
     31556       1948       1100        180      24820     975099   ELF Image Totals
     31556       1948       1100        180          0          0   ROM Totals

==============================================================================

    Total RO  Size (Code + RO Data)                32656 (  31.89kB)
    Total RW  Size (RW Data + ZI Data)             25000 (  24.41kB)
    Total ROM Size (Code + RO Data + RW Data)      32836 (  32.07kB)

==============================================================================

