Component: ARM Compiler 5.06 update 7 (build 960) Tool: armlink [4d3601]

==============================================================================

Section Cross References

    startup_stm32f407xx.o(RESET) refers to startup_stm32f407xx.o(STACK) for __initial_sp
    startup_stm32f407xx.o(RESET) refers to startup_stm32f407xx.o(.text) for Reset_Handler
    startup_stm32f407xx.o(RESET) refers to stm32f4xx_it.o(i.NMI_Handler) for NMI_Handler
    startup_stm32f407xx.o(RESET) refers to stm32f4xx_it.o(i.HardFault_Handler) for HardFault_Handler
    startup_stm32f407xx.o(RESET) refers to stm32f4xx_it.o(i.MemManage_Handler) for MemManage_Handler
    startup_stm32f407xx.o(RESET) refers to stm32f4xx_it.o(i.BusFault_Handler) for BusFault_Handler
    startup_stm32f407xx.o(RESET) refers to stm32f4xx_it.o(i.UsageFault_Handler) for UsageFault_Handler
    startup_stm32f407xx.o(RESET) refers to port.o(.emb_text) for SVC_Handler
    startup_stm32f407xx.o(RESET) refers to stm32f4xx_it.o(i.DebugMon_Handler) for DebugMon_Handler
    startup_stm32f407xx.o(RESET) refers to cmsis_os2.o(i.SysTick_Handler) for SysTick_Handler
    startup_stm32f407xx.o(RESET) refers to stm32f4xx_it.o(i.CAN1_TX_IRQHandler) for CAN1_TX_IRQHandler
    startup_stm32f407xx.o(RESET) refers to stm32f4xx_it.o(i.CAN1_RX0_IRQHandler) for CAN1_RX0_IRQHandler
    startup_stm32f407xx.o(RESET) refers to stm32f4xx_it.o(i.TIM1_UP_TIM10_IRQHandler) for TIM1_UP_TIM10_IRQHandler
    startup_stm32f407xx.o(RESET) refers to stm32f4xx_it.o(i.CAN2_TX_IRQHandler) for CAN2_TX_IRQHandler
    startup_stm32f407xx.o(RESET) refers to stm32f4xx_it.o(i.CAN2_RX0_IRQHandler) for CAN2_RX0_IRQHandler
    startup_stm32f407xx.o(.text) refers to system_stm32f4xx.o(i.SystemInit) for SystemInit
    startup_stm32f407xx.o(.text) refers to entry.o(.ARM.Collect$$$$00000000) for __main
    main.o(i.HAL_TIM_PeriodElapsedCallback) refers to stm32f4xx_hal.o(i.HAL_IncTick) for HAL_IncTick
    main.o(i.SystemClock_Config) refers to memseta.o(.text) for __aeabi_memclr4
    main.o(i.SystemClock_Config) refers to stm32f4xx_hal_rcc.o(i.HAL_RCC_OscConfig) for HAL_RCC_OscConfig
    main.o(i.SystemClock_Config) refers to stm32f4xx_hal_rcc.o(i.HAL_RCC_ClockConfig) for HAL_RCC_ClockConfig
    main.o(i.main) refers to stm32f4xx_hal.o(i.HAL_Init) for HAL_Init
    main.o(i.main) refers to main.o(i.SystemClock_Config) for SystemClock_Config
    main.o(i.main) refers to gpio.o(i.MX_GPIO_Init) for MX_GPIO_Init
    main.o(i.main) refers to can.o(i.MX_CAN1_Init) for MX_CAN1_Init
    main.o(i.main) refers to can.o(i.MX_CAN2_Init) for MX_CAN2_Init
    main.o(i.main) refers to usart.o(i.MX_USART3_UART_Init) for MX_USART3_UART_Init
    main.o(i.main) refers to can_rec.o(i.my_can_filter_init_recv_all) for my_can_filter_init_recv_all
    main.o(i.main) refers to cmsis_os2.o(i.osKernelInitialize) for osKernelInitialize
    main.o(i.main) refers to freertos.o(i.MX_FREERTOS_Init) for MX_FREERTOS_Init
    main.o(i.main) refers to cmsis_os2.o(i.osKernelStart) for osKernelStart
    main.o(i.main) refers to can.o(.bss) for hcan1
    gpio.o(i.MX_GPIO_Init) refers to memseta.o(.text) for __aeabi_memclr4
    gpio.o(i.MX_GPIO_Init) refers to stm32f4xx_hal_gpio.o(i.HAL_GPIO_Init) for HAL_GPIO_Init
    freertos.o(i.MX_FREERTOS_Init) refers to cmsis_os2.o(i.osThreadNew) for osThreadNew
    freertos.o(i.MX_FREERTOS_Init) refers to freertos.o(.constdata) for .constdata
    freertos.o(i.MX_FREERTOS_Init) refers to freertos.o(i.StartDefaultTask) for StartDefaultTask
    freertos.o(i.MX_FREERTOS_Init) refers to freertos.o(.data) for .data
    freertos.o(i.MX_FREERTOS_Init) refers to tx.o(i.TX) for TX
    freertos.o(i.MX_FREERTOS_Init) refers to calculate.o(i.CALCULATE) for CALCULATE
    freertos.o(i.MX_FREERTOS_Init) refers to freertos.o(i.StartTask04) for StartTask04
    freertos.o(i.StartDefaultTask) refers to cmsis_os2.o(i.osDelay) for osDelay
    freertos.o(i.StartTask04) refers to cmsis_os2.o(i.osDelay) for osDelay
    freertos.o(.constdata) refers to freertos.o(.conststring) for .conststring
    can.o(i.HAL_CAN_MspDeInit) refers to stm32f4xx_hal_gpio.o(i.HAL_GPIO_DeInit) for HAL_GPIO_DeInit
    can.o(i.HAL_CAN_MspDeInit) refers to stm32f4xx_hal_cortex.o(i.HAL_NVIC_DisableIRQ) for HAL_NVIC_DisableIRQ
    can.o(i.HAL_CAN_MspDeInit) refers to can.o(.data) for .data
    can.o(i.HAL_CAN_MspInit) refers to memseta.o(.text) for __aeabi_memclr4
    can.o(i.HAL_CAN_MspInit) refers to stm32f4xx_hal_gpio.o(i.HAL_GPIO_Init) for HAL_GPIO_Init
    can.o(i.HAL_CAN_MspInit) refers to stm32f4xx_hal_cortex.o(i.HAL_NVIC_SetPriority) for HAL_NVIC_SetPriority
    can.o(i.HAL_CAN_MspInit) refers to stm32f4xx_hal_cortex.o(i.HAL_NVIC_EnableIRQ) for HAL_NVIC_EnableIRQ
    can.o(i.HAL_CAN_MspInit) refers to can.o(.data) for .data
    can.o(i.MX_CAN1_Init) refers to stm32f4xx_hal_can.o(i.HAL_CAN_Init) for HAL_CAN_Init
    can.o(i.MX_CAN1_Init) refers to main.o(i.Error_Handler) for Error_Handler
    can.o(i.MX_CAN1_Init) refers to can.o(.bss) for .bss
[...]
    tasks.o(i.xTaskGenericNotify) refers to list.o(i.uxListRemove) for uxListRemove
    tasks.o(i.xTaskGenericNotify) refers to list.o(i.vListInsertEnd) for vListInsertEnd
    tasks.o(i.xTaskGenericNotify) refers to port.o(i.vPortExitCritical) for vPortExitCritical
    tasks.o(i.xTaskGenericNotify) refers to tasks.o(.data) for .data
    tasks.o(i.xTaskGenericNotify) refers to tasks.o(.bss) for .bss
    tasks.o(i.xTaskGenericNotifyFromISR) refers to port.o(i.vPortValidateInterruptPriority) for vPortValidateInterruptPriority
    tasks.o(i.xTaskGenericNotifyFromISR) refers to list.o(i.uxListRemove) for uxListRemove
    tasks.o(i.xTaskGenericNotifyFromISR) refers to list.o(i.vListInsertEnd) for vListInsertEnd
    tasks.o(i.xTaskGenericNotifyFromISR) refers to tasks.o(.data) for .data
    tasks.o(i.xTaskGenericNotifyFromISR) refers to tasks.o(.bss) for .bss
    tasks.o(i.xTaskGetCurrentTaskHandle) refers to tasks.o(.data) for .data
    tasks.o(i.xTaskGetSchedulerState) refers to tasks.o(.data) for .data
    tasks.o(i.xTaskGetTickCount) refers to tasks.o(.data) for .data
    tasks.o(i.xTaskGetTickCountFromISR) refers to port.o(i.vPortValidateInterruptPriority) for vPortValidateInterruptPriority
    tasks.o(i.xTaskGetTickCountFromISR) refers to tasks.o(.data) for .data
    tasks.o(i.xTaskIncrementTick) refers to tasks.o(i.prvResetNextTaskUnblockTime) for prvResetNextTaskUnblockTime
    tasks.o(i.xTaskIncrementTick) refers to list.o(i.uxListRemove) for uxListRemove
    tasks.o(i.xTaskIncrementTick) refers to list.o(i.vListInsertEnd) for vListInsertEnd
    tasks.o(i.xTaskIncrementTick) refers to tasks.o(.data) for .data
    tasks.o(i.xTaskIncrementTick) refers to tasks.o(.bss) for .bss
    tasks.o(i.xTaskNotifyStateClear) refers to port.o(i.vPortEnterCritical) for vPortEnterCritical
    tasks.o(i.xTaskNotifyStateClear) refers to port.o(i.vPortExitCritical) for vPortExitCritical
    tasks.o(i.xTaskNotifyStateClear) refers to tasks.o(.data) for .data
    tasks.o(i.xTaskNotifyWait) refers to port.o(i.vPortEnterCritical) for vPortEnterCritical
    tasks.o(i.xTaskNotifyWait) refers to tasks.o(i.prvAddCurrentTaskToDelayedList) for prvAddCurrentTaskToDelayedList
    tasks.o(i.xTaskNotifyWait) refers to port.o(i.vPortExitCritical) for vPortExitCritical
    tasks.o(i.xTaskNotifyWait) refers to tasks.o(.data) for .data
    tasks.o(i.xTaskPriorityDisinherit) refers to list.o(i.uxListRemove) for uxListRemove
    tasks.o(i.xTaskPriorityDisinherit) refers to list.o(i.vListInsertEnd) for vListInsertEnd
    tasks.o(i.xTaskPriorityDisinherit) refers to tasks.o(.data) for .data
    tasks.o(i.xTaskPriorityDisinherit) refers to tasks.o(.bss) for .bss
    tasks.o(i.xTaskPriorityInherit) refers to list.o(i.uxListRemove) for uxListRemove
    tasks.o(i.xTaskPriorityInherit) refers to list.o(i.vListInsertEnd) for vListInsertEnd
    tasks.o(i.xTaskPriorityInherit) refers to tasks.o(.data) for .data
    tasks.o(i.xTaskPriorityInherit) refers to tasks.o(.bss) for .bss
    tasks.o(i.xTaskRemoveFromEventList) refers to list.o(i.uxListRemove) for uxListRemove
    tasks.o(i.xTaskRemoveFromEventList) refers to list.o(i.vListInsertEnd) for vListInsertEnd
    tasks.o(i.xTaskRemoveFromEventList) refers to tasks.o(.data) for .data
    tasks.o(i.xTaskRemoveFromEventList) refers to tasks.o(.bss) for .bss
    tasks.o(i.xTaskResumeAll) refers to port.o(i.vPortEnterCritical) for vPortEnterCritical
    tasks.o(i.xTaskResumeAll) refers to list.o(i.uxListRemove) for uxListRemove
    tasks.o(i.xTaskResumeAll) refers to list.o(i.vListInsertEnd) for vListInsertEnd
    tasks.o(i.xTaskResumeAll) refers to tasks.o(i.prvResetNextTaskUnblockTime) for prvResetNextTaskUnblockTime
    tasks.o(i.xTaskResumeAll) refers to tasks.o(i.xTaskIncrementTick) for xTaskIncrementTick
    tasks.o(i.xTaskResumeAll) refers to port.o(i.vPortExitCritical) for vPortExitCritical
    tasks.o(i.xTaskResumeAll) refers to tasks.o(.data) for .data
    tasks.o(i.xTaskResumeAll) refers to tasks.o(.bss) for .bss
    tasks.o(i.xTaskResumeFromISR) refers to port.o(i.vPortValidateInterruptPriority) for vPortValidateInterruptPriority
    tasks.o(i.xTaskResumeFromISR) refers to tasks.o(i.prvTaskIsTaskSuspended) for prvTaskIsTaskSuspended
    tasks.o(i.xTaskResumeFromISR) refers to list.o(i.uxListRemove) for uxListRemove
    tasks.o(i.xTaskResumeFromISR) refers to list.o(i.vListInsertEnd) for vListInsertEnd
    tasks.o(i.xTaskResumeFromISR) refers to tasks.o(.data) for .data
    tasks.o(i.xTaskResumeFromISR) refers to tasks.o(.bss) for .bss
    timers.o(i.prvCheckForValidListAndQueue) refers to port.o(i.vPortEnterCritical) for vPortEnterCritical
    timers.o(i.prvCheckForValidListAndQueue) refers to list.o(i.vListInitialise) for vListInitialise
    timers.o(i.prvCheckForValidListAndQueue) refers to queue.o(i.xQueueGenericCreateStatic) for xQueueGenericCreateStatic
    timers.o(i.prvCheckForValidListAndQueue) refers to queue.o(i.vQueueAddToRegistry) for vQueueAddToRegistry
    timers.o(i.prvCheckForValidListAndQueue) refers to port.o(i.vPortExitCritical) for vPortExitCritical
    timers.o(i.prvCheckForValidListAndQueue) refers to timers.o(.data) for .data
    timers.o(i.prvCheckForValidListAndQueue) refers to timers.o(.bss) for .bss
    timers.o(i.prvInitialiseNewTimer) refers to timers.o(i.prvCheckForValidListAndQueue) for prvCheckForValidListAndQueue
    timers.o(i.prvInitialiseNewTimer) refers to list.o(i.vListInitialiseItem) for vListInitialiseItem
    timers.o(i.prvInsertTimerInActiveList) refers to list.o(i.vListInsert) for vListInsert
    timers.o(i.prvInsertTimerInActiveList) refers to timers.o(.data) for .data
    timers.o(i.prvProcessReceivedCommands) refers to list.o(i.uxListRemove) for uxListRemove
    timers.o(i.prvProcessReceivedCommands) refers to timers.o(i.prvSampleTimeNow) for prvSampleTimeNow
    timers.o(i.prvProcessReceivedCommands) refers to timers.o(i.prvInsertTimerInActiveList) for prvInsertTimerInActiveList
    timers.o(i.prvProcessReceivedCommands) refers to timers.o(i.xTimerGenericCommand) for xTimerGenericCommand
    timers.o(i.prvProcessReceivedCommands) refers to heap_4.o(i.vPortFree) for vPortFree
    timers.o(i.prvProcessReceivedCommands) refers to queue.o(i.xQueueReceive) for xQueueReceive
    timers.o(i.prvProcessReceivedCommands) refers to timers.o(.data) for .data
    timers.o(i.prvProcessTimerOrBlockTask) refers to tasks.o(i.vTaskSuspendAll) for vTaskSuspendAll
    timers.o(i.prvProcessTimerOrBlockTask) refers to timers.o(i.prvSampleTimeNow) for prvSampleTimeNow
    timers.o(i.prvProcessTimerOrBlockTask) refers to tasks.o(i.xTaskResumeAll) for xTaskResumeAll
    timers.o(i.prvProcessTimerOrBlockTask) refers to queue.o(i.vQueueWaitForMessageRestricted) for vQueueWaitForMessageRestricted
    timers.o(i.prvProcessTimerOrBlockTask) refers to list.o(i.uxListRemove) for uxListRemove
    timers.o(i.prvProcessTimerOrBlockTask) refers to timers.o(i.prvInsertTimerInActiveList) for prvInsertTimerInActiveList
    timers.o(i.prvProcessTimerOrBlockTask) refers to timers.o(i.xTimerGenericCommand) for xTimerGenericCommand
    timers.o(i.prvProcessTimerOrBlockTask) refers to timers.o(.data) for .data
    timers.o(i.prvSampleTimeNow) refers to tasks.o(i.xTaskGetTickCount) for xTaskGetTickCount
    timers.o(i.prvSampleTimeNow) refers to timers.o(i.prvSwitchTimerLists) for prvSwitchTimerLists
    timers.o(i.prvSampleTimeNow) refers to timers.o(.data) for .data
    timers.o(i.prvSwitchTimerLists) refers to list.o(i.uxListRemove) for uxListRemove
    timers.o(i.prvSwitchTimerLists) refers to list.o(i.vListInsert) for vListInsert
    timers.o(i.prvSwitchTimerLists) refers to timers.o(i.xTimerGenericCommand) for xTimerGenericCommand
    timers.o(i.prvSwitchTimerLists) refers to timers.o(.data) for .data
    timers.o(i.prvTimerTask) refers to timers.o(i.prvProcessTimerOrBlockTask) for prvProcessTimerOrBlockTask
    timers.o(i.prvTimerTask) refers to timers.o(i.prvProcessReceivedCommands) for prvProcessReceivedCommands
    timers.o(i.prvTimerTask) refers to timers.o(.data) for .data
    timers.o(i.pvTimerGetTimerID) refers to port.o(i.vPortEnterCritical) for vPortEnterCritical
    timers.o(i.pvTimerGetTimerID) refers to port.o(i.vPortExitCritical) for vPortExitCritical
    timers.o(i.uxTimerGetReloadMode) refers to port.o(i.vPortEnterCritical) for vPortEnterCritical
    timers.o(i.uxTimerGetReloadMode) refers to port.o(i.vPortExitCritical) for vPortExitCritical
    timers.o(i.vTimerSetReloadMode) refers to port.o(i.vPortEnterCritical) for vPortEnterCritical
    timers.o(i.vTimerSetReloadMode) refers to port.o(i.vPortExitCritical) for vPortExitCritical
    timers.o(i.vTimerSetTimerID) refers to port.o(i.vPortEnterCritical) for vPortEnterCritical
    timers.o(i.vTimerSetTimerID) refers to port.o(i.vPortExitCritical) for vPortExitCritical
    timers.o(i.xTimerCreate) refers to heap_4.o(i.pvPortMalloc) for pvPortMalloc
    timers.o(i.xTimerCreate) refers to timers.o(i.prvInitialiseNewTimer) for prvInitialiseNewTimer
    timers.o(i.xTimerCreateStatic) refers to timers.o(i.prvInitialiseNewTimer) for prvInitialiseNewTimer
    timers.o(i.xTimerCreateTimerTask) refers to timers.o(i.prvCheckForValidListAndQueue) for prvCheckForValidListAndQueue
    timers.o(i.xTimerCreateTimerTask) refers to cmsis_os2.o(i.vApplicationGetTimerTaskMemory) for vApplicationGetTimerTaskMemory
    timers.o(i.xTimerCreateTimerTask) refers to tasks.o(i.xTaskCreateStatic) for xTaskCreateStatic
    timers.o(i.xTimerCreateTimerTask) refers to timers.o(.data) for .data
    timers.o(i.xTimerCreateTimerTask) refers to timers.o(i.prvTimerTask) for prvTimerTask
    timers.o(i.xTimerGenericCommand) refers to tasks.o(i.xTaskGetSchedulerState) for xTaskGetSchedulerState
    timers.o(i.xTimerGenericCommand) refers to queue.o(i.xQueueGenericSend) for xQueueGenericSend
    timers.o(i.xTimerGenericCommand) refers to queue.o(i.xQueueGenericSendFromISR) for xQueueGenericSendFromISR
    timers.o(i.xTimerGenericCommand) refers to timers.o(.data) for .data
    timers.o(i.xTimerGetTimerDaemonTaskHandle) refers to timers.o(.data) for .data
    timers.o(i.xTimerIsTimerActive) refers to port.o(i.vPortEnterCritical) for vPortEnterCritical
    timers.o(i.xTimerIsTimerActive) refers to port.o(i.vPortExitCritical) for vPortExitCritical
    timers.o(i.xTimerPendFunctionCall) refers to queue.o(i.xQueueGenericSend) for xQueueGenericSend
    timers.o(i.xTimerPendFunctionCall) refers to timers.o(.data) for .data
    timers.o(i.xTimerPendFunctionCallFromISR) refers to queue.o(i.xQueueGenericSendFromISR) for xQueueGenericSendFromISR
    timers.o(i.xTimerPendFunctionCallFromISR) refers to timers.o(.data) for .data
    cmsis_os2.o(i.SysTick_Handler) refers to tasks.o(i.xTaskGetSchedulerState) for xTaskGetSchedulerState
    cmsis_os2.o(i.SysTick_Handler) refers to port.o(i.xPortSysTickHandler) for xPortSysTickHandler
    cmsis_os2.o(i.TimerCallback) refers to timers.o(i.pvTimerGetTimerID) for pvTimerGetTimerID
    cmsis_os2.o(i.osDelay) refers to tasks.o(i.vTaskDelay) for vTaskDelay
    cmsis_os2.o(i.osDelayUntil) refers to tasks.o(i.xTaskGetTickCount) for xTaskGetTickCount
    cmsis_os2.o(i.osDelayUntil) refers to tasks.o(i.vTaskDelayUntil) for vTaskDelayUntil
    cmsis_os2.o(i.osEventFlagsClear) refers to event_groups.o(i.xEventGroupGetBitsFromISR) for xEventGroupGetBitsFromISR
    cmsis_os2.o(i.osEventFlagsClear) refers to event_groups.o(i.xEventGroupClearBitsFromISR) for xEventGroupClearBitsFromISR
    cmsis_os2.o(i.osEventFlagsClear) refers to event_groups.o(i.xEventGroupClearBits) for xEventGroupClearBits
    cmsis_os2.o(i.osEventFlagsDelete) refers to event_groups.o(i.vEventGroupDelete) for vEventGroupDelete
    cmsis_os2.o(i.osEventFlagsGet) refers to event_groups.o(i.xEventGroupGetBitsFromISR) for xEventGroupGetBitsFromISR
    cmsis_os2.o(i.osEventFlagsGet) refers to event_groups.o(i.xEventGroupClearBits) for xEventGroupClearBits
    cmsis_os2.o(i.osEventFlagsNew) refers to event_groups.o(i.xEventGroupCreateStatic) for xEventGroupCreateStatic
    cmsis_os2.o(i.osEventFlagsNew) refers to event_groups.o(i.xEventGroupCreate) for xEventGroupCreate
    cmsis_os2.o(i.osEventFlagsSet) refers to event_groups.o(i.xEventGroupSetBitsFromISR) for xEventGroupSetBitsFromISR
    cmsis_os2.o(i.osEventFlagsSet) refers to event_groups.o(i.xEventGroupSetBits) for xEventGroupSetBits
    cmsis_os2.o(i.osEventFlagsWait) refers to event_groups.o(i.xEventGroupWaitBits) for xEventGroupWaitBits
    cmsis_os2.o(i.osKernelGetInfo) refers to memcpya.o(.text) for __aeabi_memcpy
    cmsis_os2.o(i.osKernelGetState) refers to tasks.o(i.xTaskGetSchedulerState) for xTaskGetSchedulerState
    cmsis_os2.o(i.osKernelGetState) refers to cmsis_os2.o(.data) for .data
    cmsis_os2.o(i.osKernelGetSysTimerCount) refers to tasks.o(i.xTaskGetTickCount) for xTaskGetTickCount
    cmsis_os2.o(i.osKernelGetSysTimerCount) refers to cmsis_os2.o(i.OS_Tick_GetCount) for OS_Tick_GetCount
    cmsis_os2.o(i.osKernelGetSysTimerFreq) refers to system_stm32f4xx.o(.data) for SystemCoreClock
    cmsis_os2.o(i.osKernelGetTickCount) refers to tasks.o(i.xTaskGetTickCountFromISR) for xTaskGetTickCountFromISR
    cmsis_os2.o(i.osKernelGetTickCount) refers to tasks.o(i.xTaskGetTickCount) for xTaskGetTickCount
    cmsis_os2.o(i.osKernelInitialize) refers to cmsis_os2.o(.data) for .data
    cmsis_os2.o(i.osKernelLock) refers to tasks.o(i.xTaskGetSchedulerState) for xTaskGetSchedulerState
    cmsis_os2.o(i.osKernelLock) refers to tasks.o(i.vTaskSuspendAll) for vTaskSuspendAll
    cmsis_os2.o(i.osKernelRestoreLock) refers to tasks.o(i.xTaskGetSchedulerState) for xTaskGetSchedulerState
    cmsis_os2.o(i.osKernelRestoreLock) refers to tasks.o(i.vTaskSuspendAll) for vTaskSuspendAll
    cmsis_os2.o(i.osKernelRestoreLock) refers to tasks.o(i.xTaskResumeAll) for xTaskResumeAll
    cmsis_os2.o(i.osKernelStart) refers to tasks.o(i.vTaskStartScheduler) for vTaskStartScheduler
    cmsis_os2.o(i.osKernelStart) refers to cmsis_os2.o(.data) for .data
    cmsis_os2.o(i.osKernelUnlock) refers to tasks.o(i.xTaskGetSchedulerState) for xTaskGetSchedulerState
    cmsis_os2.o(i.osKernelUnlock) refers to tasks.o(i.xTaskResumeAll) for xTaskResumeAll
    cmsis_os2.o(i.osMemoryPoolAlloc) refers to queue.o(i.xQueueReceiveFromISR) for xQueueReceiveFromISR
    cmsis_os2.o(i.osMemoryPoolAlloc) refers to cmsis_os2.o(i.AllocBlock) for AllocBlock
    cmsis_os2.o(i.osMemoryPoolAlloc) refers to cmsis_os2.o(i.CreateBlock) for CreateBlock
    cmsis_os2.o(i.osMemoryPoolAlloc) refers to queue.o(i.xQueueSemaphoreTake) for xQueueSemaphoreTake
    cmsis_os2.o(i.osMemoryPoolAlloc) refers to port.o(i.vPortEnterCritical) for vPortEnterCritical
    cmsis_os2.o(i.osMemoryPoolAlloc) refers to port.o(i.vPortExitCritical) for vPortExitCritical
    cmsis_os2.o(i.osMemoryPoolDelete) refers to port.o(i.vPortEnterCritical) for vPortEnterCritical
    cmsis_os2.o(i.osMemoryPoolDelete) refers to queue.o(i.xQueueGenericSend) for xQueueGenericSend
    cmsis_os2.o(i.osMemoryPoolDelete) refers to heap_4.o(i.vPortFree) for vPortFree
    cmsis_os2.o(i.osMemoryPoolDelete) refers to port.o(i.vPortExitCritical) for vPortExitCritical
    cmsis_os2.o(i.osMemoryPoolFree) refers to queue.o(i.uxQueueMessagesWaitingFromISR) for uxQueueMessagesWaitingFromISR
    cmsis_os2.o(i.osMemoryPoolFree) refers to queue.o(i.xQueueGiveFromISR) for xQueueGiveFromISR
    cmsis_os2.o(i.osMemoryPoolFree) refers to queue.o(i.uxQueueMessagesWaiting) for uxQueueMessagesWaiting
    cmsis_os2.o(i.osMemoryPoolFree) refers to port.o(i.vPortEnterCritical) for vPortEnterCritical
    cmsis_os2.o(i.osMemoryPoolFree) refers to port.o(i.vPortExitCritical) for vPortExitCritical
    cmsis_os2.o(i.osMemoryPoolFree) refers to queue.o(i.xQueueGenericSend) for xQueueGenericSend
    cmsis_os2.o(i.osMemoryPoolGetCount) refers to queue.o(i.uxQueueMessagesWaitingFromISR) for uxQueueMessagesWaitingFromISR
    cmsis_os2.o(i.osMemoryPoolGetCount) refers to queue.o(i.uxQueueMessagesWaiting) for uxQueueMessagesWaiting
    cmsis_os2.o(i.osMemoryPoolGetSpace) refers to queue.o(i.uxQueueMessagesWaitingFromISR) for uxQueueMessagesWaitingFromISR
    cmsis_os2.o(i.osMemoryPoolGetSpace) refers to queue.o(i.uxQueueMessagesWaiting) for uxQueueMessagesWaiting
    cmsis_os2.o(i.osMemoryPoolNew) refers to heap_4.o(i.pvPortMalloc) for pvPortMalloc
    cmsis_os2.o(i.osMemoryPoolNew) refers to queue.o(i.xQueueCreateCountingSemaphoreStatic) for xQueueCreateCountingSemaphoreStatic
    cmsis_os2.o(i.osMemoryPoolNew) refers to heap_4.o(i.vPortFree) for vPortFree
    cmsis_os2.o(i.osMessageQueueDelete) refers to queue.o(i.vQueueUnregisterQueue) for vQueueUnregisterQueue
    cmsis_os2.o(i.osMessageQueueDelete) refers to queue.o(i.vQueueDelete) for vQueueDelete
    cmsis_os2.o(i.osMessageQueueGet) refers to queue.o(i.xQueueReceiveFromISR) for xQueueReceiveFromISR
    cmsis_os2.o(i.osMessageQueueGet) refers to queue.o(i.xQueueReceive) for xQueueReceive
    cmsis_os2.o(i.osMessageQueueGetCount) refers to queue.o(i.uxQueueMessagesWaitingFromISR) for uxQueueMessagesWaitingFromISR
    cmsis_os2.o(i.osMessageQueueGetCount) refers to queue.o(i.uxQueueMessagesWaiting) for uxQueueMessagesWaiting
    cmsis_os2.o(i.osMessageQueueGetSpace) refers to queue.o(i.uxQueueSpacesAvailable) for uxQueueSpacesAvailable
    cmsis_os2.o(i.osMessageQueueNew) refers to queue.o(i.xQueueGenericCreateStatic) for xQueueGenericCreateStatic
    cmsis_os2.o(i.osMessageQueueNew) refers to queue.o(i.xQueueGenericCreate) for xQueueGenericCreate
    cmsis_os2.o(i.osMessageQueueNew) refers to queue.o(i.vQueueAddToRegistry) for vQueueAddToRegistry
    cmsis_os2.o(i.osMessageQueuePut) refers to queue.o(i.xQueueGenericSendFromISR) for xQueueGenericSendFromISR
    cmsis_os2.o(i.osMessageQueuePut) refers to queue.o(i.xQueueGenericSend) for xQueueGenericSend
    cmsis_os2.o(i.osMessageQueueReset) refers to queue.o(i.xQueueGenericReset) for xQueueGenericReset
    cmsis_os2.o(i.osMutexAcquire) refers to queue.o(i.xQueueTakeMutexRecursive) for xQueueTakeMutexRecursive
    cmsis_os2.o(i.osMutexAcquire) refers to queue.o(i.xQueueSemaphoreTake) for xQueueSemaphoreTake
    cmsis_os2.o(i.osMutexDelete) refers to queue.o(i.vQueueUnregisterQueue) for vQueueUnregisterQueue
    cmsis_os2.o(i.osMutexDelete) refers to queue.o(i.vQueueDelete) for vQueueDelete
    cmsis_os2.o(i.osMutexGetOwner) refers to queue.o(i.xQueueGetMutexHolder) for xQueueGetMutexHolder
    cmsis_os2.o(i.osMutexNew) refers to queue.o(i.xQueueCreateMutexStatic) for xQueueCreateMutexStatic
    cmsis_os2.o(i.osMutexNew) refers to queue.o(i.xQueueCreateMutex) for xQueueCreateMutex
    cmsis_os2.o(i.osMutexNew) refers to queue.o(i.vQueueAddToRegistry) for vQueueAddToRegistry
    cmsis_os2.o(i.osMutexRelease) refers to queue.o(i.xQueueGiveMutexRecursive) for xQueueGiveMutexRecursive
    cmsis_os2.o(i.osMutexRelease) refers to queue.o(i.xQueueGenericSend) for xQueueGenericSend
    cmsis_os2.o(i.osSemaphoreAcquire) refers to queue.o(i.xQueueReceiveFromISR) for xQueueReceiveFromISR
    cmsis_os2.o(i.osSemaphoreAcquire) refers to queue.o(i.xQueueSemaphoreTake) for xQueueSemaphoreTake
    cmsis_os2.o(i.osSemaphoreDelete) refers to queue.o(i.vQueueUnregisterQueue) for vQueueUnregisterQueue
    cmsis_os2.o(i.osSemaphoreDelete) refers to queue.o(i.vQueueDelete) for vQueueDelete
    cmsis_os2.o(i.osSemaphoreGetCount) refers to queue.o(i.uxQueueMessagesWaitingFromISR) for uxQueueMessagesWaitingFromISR
    cmsis_os2.o(i.osSemaphoreGetCount) refers to queue.o(i.uxQueueMessagesWaiting) for uxQueueMessagesWaiting
    cmsis_os2.o(i.osSemaphoreNew) refers to queue.o(i.xQueueCreateCountingSemaphoreStatic) for xQueueCreateCountingSemaphoreStatic
    cmsis_os2.o(i.osSemaphoreNew) refers to queue.o(i.xQueueGenericCreateStatic) for xQueueGenericCreateStatic
    cmsis_os2.o(i.osSemaphoreNew) refers to queue.o(i.xQueueGenericCreate) for xQueueGenericCreate
    cmsis_os2.o(i.osSemaphoreNew) refers to queue.o(i.xQueueGenericSend) for xQueueGenericSend
    cmsis_os2.o(i.osSemaphoreNew) refers to queue.o(i.vQueueDelete) for vQueueDelete
    cmsis_os2.o(i.osSemaphoreNew) refers to queue.o(i.xQueueCreateCountingSemaphore) for xQueueCreateCountingSemaphore
    cmsis_os2.o(i.osSemaphoreNew) refers to queue.o(i.vQueueAddToRegistry) for vQueueAddToRegistry
    cmsis_os2.o(i.osSemaphoreRelease) refers to queue.o(i.xQueueGiveFromISR) for xQueueGiveFromISR
    cmsis_os2.o(i.osSemaphoreRelease) refers to queue.o(i.xQueueGenericSend) for xQueueGenericSend
    cmsis_os2.o(i.osThreadEnumerate) refers to tasks.o(i.vTaskSuspendAll) for vTaskSuspendAll
    cmsis_os2.o(i.osThreadEnumerate) refers to tasks.o(i.uxTaskGetNumberOfTasks) for uxTaskGetNumberOfTasks
    cmsis_os2.o(i.osThreadEnumerate) refers to heap_4.o(i.pvPortMalloc) for pvPortMalloc
    cmsis_os2.o(i.osThreadEnumerate) refers to tasks.o(i.uxTaskGetSystemState) for uxTaskGetSystemState
    cmsis_os2.o(i.osThreadEnumerate) refers to tasks.o(i.xTaskResumeAll) for xTaskResumeAll
    cmsis_os2.o(i.osThreadEnumerate) refers to heap_4.o(i.vPortFree) for vPortFree
    cmsis_os2.o(i.osThreadExit) refers to tasks.o(i.vTaskDelete) for vTaskDelete
    cmsis_os2.o(i.osThreadFlagsClear) refers to tasks.o(i.xTaskGetCurrentTaskHandle) for xTaskGetCurrentTaskHandle
    cmsis_os2.o(i.osThreadFlagsClear) refers to tasks.o(i.xTaskGenericNotify) for xTaskGenericNotify
    cmsis_os2.o(i.osThreadFlagsGet) refers to tasks.o(i.xTaskGetCurrentTaskHandle) for xTaskGetCurrentTaskHandle
    cmsis_os2.o(i.osThreadFlagsGet) refers to tasks.o(i.xTaskGenericNotify) for xTaskGenericNotify
    cmsis_os2.o(i.osThreadFlagsSet) refers to tasks.o(i.xTaskGenericNotifyFromISR) for xTaskGenericNotifyFromISR
    cmsis_os2.o(i.osThreadFlagsSet) refers to tasks.o(i.xTaskGenericNotify) for xTaskGenericNotify
    cmsis_os2.o(i.osThreadFlagsWait) refers to tasks.o(i.xTaskGetTickCount) for xTaskGetTickCount
    cmsis_os2.o(i.osThreadFlagsWait) refers to tasks.o(i.xTaskNotifyWait) for xTaskNotifyWait
    cmsis_os2.o(i.osThreadGetCount) refers to tasks.o(i.uxTaskGetNumberOfTasks) for uxTaskGetNumberOfTasks
    cmsis_os2.o(i.osThreadGetId) refers to tasks.o(i.xTaskGetCurrentTaskHandle) for xTaskGetCurrentTaskHandle
    cmsis_os2.o(i.osThreadGetName) refers to tasks.o(i.pcTaskGetName) for pcTaskGetName
    cmsis_os2.o(i.osThreadGetPriority) refers to tasks.o(i.uxTaskPriorityGet) for uxTaskPriorityGet
    cmsis_os2.o(i.osThreadGetStackSpace) refers to tasks.o(i.uxTaskGetStackHighWaterMark) for uxTaskGetStackHighWaterMark
    cmsis_os2.o(i.osThreadGetState) refers to tasks.o(i.eTaskGetState) for eTaskGetState
    cmsis_os2.o(i.osThreadNew) refers to tasks.o(i.xTaskCreateStatic) for xTaskCreateStatic
    cmsis_os2.o(i.osThreadNew) refers to tasks.o(i.xTaskCreate) for xTaskCreate
    cmsis_os2.o(i.osThreadResume) refers to tasks.o(i.vTaskResume) for vTaskResume
    cmsis_os2.o(i.osThreadSetPriority) refers to tasks.o(i.vTaskPrioritySet) for vTaskPrioritySet
    cmsis_os2.o(i.osThreadSuspend) refers to tasks.o(i.vTaskSuspend) for vTaskSuspend
    cmsis_os2.o(i.osThreadTerminate) refers to tasks.o(i.eTaskGetState) for eTaskGetState
    cmsis_os2.o(i.osThreadTerminate) refers to tasks.o(i.vTaskDelete) for vTaskDelete
    cmsis_os2.o(i.osTimerDelete) refers to timers.o(i.pvTimerGetTimerID) for pvTimerGetTimerID
    cmsis_os2.o(i.osTimerDelete) refers to timers.o(i.xTimerGenericCommand) for xTimerGenericCommand
    cmsis_os2.o(i.osTimerDelete) refers to heap_4.o(i.vPortFree) for vPortFree
    cmsis_os2.o(i.osTimerGetName) refers to timers.o(i.pcTimerGetName) for pcTimerGetName
    cmsis_os2.o(i.osTimerIsRunning) refers to timers.o(i.xTimerIsTimerActive) for xTimerIsTimerActive
    cmsis_os2.o(i.osTimerNew) refers to heap_4.o(i.pvPortMalloc) for pvPortMalloc
    cmsis_os2.o(i.osTimerNew) refers to timers.o(i.xTimerCreateStatic) for xTimerCreateStatic
    cmsis_os2.o(i.osTimerNew) refers to timers.o(i.xTimerCreate) for xTimerCreate
    cmsis_os2.o(i.osTimerNew) refers to heap_4.o(i.vPortFree) for vPortFree
    cmsis_os2.o(i.osTimerNew) refers to cmsis_os2.o(i.TimerCallback) for TimerCallback
    cmsis_os2.o(i.osTimerStart) refers to timers.o(i.xTimerGenericCommand) for xTimerGenericCommand
    cmsis_os2.o(i.osTimerStop) refers to timers.o(i.xTimerIsTimerActive) for xTimerIsTimerActive
    cmsis_os2.o(i.osTimerStop) refers to timers.o(i.xTimerGenericCommand) for xTimerGenericCommand
    cmsis_os2.o(i.vApplicationGetIdleTaskMemory) refers to cmsis_os2.o(.bss) for .bss
    cmsis_os2.o(i.vApplicationGetTimerTaskMemory) refers to cmsis_os2.o(.bss) for .bss
    heap_4.o(i.prvHeapInit) refers to heap_4.o(.bss) for .bss
    heap_4.o(i.prvHeapInit) refers to heap_4.o(.data) for .data
    heap_4.o(i.prvInsertBlockIntoFreeList) refers to heap_4.o(.data) for .data
    heap_4.o(i.pvPortMalloc) refers to tasks.o(i.vTaskSuspendAll) for vTaskSuspendAll
    heap_4.o(i.pvPortMalloc) refers to heap_4.o(i.prvHeapInit) for prvHeapInit
    heap_4.o(i.pvPortMalloc) refers to heap_4.o(i.prvInsertBlockIntoFreeList) for prvInsertBlockIntoFreeList
    heap_4.o(i.pvPortMalloc) refers to tasks.o(i.xTaskResumeAll) for xTaskResumeAll
    heap_4.o(i.pvPortMalloc) refers to heap_4.o(.data) for .data
    heap_4.o(i.vPortFree) refers to tasks.o(i.vTaskSuspendAll) for vTaskSuspendAll
    heap_4.o(i.vPortFree) refers to heap_4.o(i.prvInsertBlockIntoFreeList) for prvInsertBlockIntoFreeList
    heap_4.o(i.vPortFree) refers to tasks.o(i.xTaskResumeAll) for xTaskResumeAll
    heap_4.o(i.vPortFree) refers to heap_4.o(.data) for .data
    heap_4.o(i.vPortGetHeapStats) refers to tasks.o(i.vTaskSuspendAll) for vTaskSuspendAll
    heap_4.o(i.vPortGetHeapStats) refers to tasks.o(i.xTaskResumeAll) for xTaskResumeAll
    heap_4.o(i.vPortGetHeapStats) refers to port.o(i.vPortEnterCritical) for vPortEnterCritical
    heap_4.o(i.vPortGetHeapStats) refers to port.o(i.vPortExitCritical) for vPortExitCritical
    heap_4.o(i.vPortGetHeapStats) refers to heap_4.o(.data) for .data
    heap_4.o(i.xPortGetFreeHeapSize) refers to heap_4.o(.data) for .data
    heap_4.o(i.xPortGetMinimumEverFreeHeapSize) refers to heap_4.o(.data) for .data
    port.o(.emb_text) refers to tasks.o(i.vTaskSwitchContext) for vTaskSwitchContext
    port.o(.emb_text) refers to tasks.o(.data) for pxCurrentTCB
    port.o(i.prvTaskExitError) refers to port.o(.data) for .data
    port.o(i.pxPortInitialiseStack) refers to port.o(i.prvTaskExitError) for prvTaskExitError
    port.o(i.vPortEndScheduler) refers to port.o(.data) for .data
    port.o(i.vPortEnterCritical) refers to port.o(.data) for .data
    port.o(i.vPortExitCritical) refers to port.o(.data) for .data
    port.o(i.vPortSetupTimerInterrupt) refers to system_stm32f4xx.o(.data) for SystemCoreClock
    port.o(i.vPortValidateInterruptPriority) refers to port.o(.emb_text) for vPortGetIPSR
    port.o(i.vPortValidateInterruptPriority) refers to port.o(.data) for .data
    port.o(i.xPortStartScheduler) refers to port.o(i.vPortSetupTimerInterrupt) for vPortSetupTimerInterrupt
    port.o(i.xPortStartScheduler) refers to port.o(.emb_text) for __asm___6_port_c_39a90d8d__prvEnableVFP
    port.o(i.xPortStartScheduler) refers to port.o(.data) for .data
    port.o(i.xPortSysTickHandler) refers to tasks.o(i.xTaskIncrementTick) for xTaskIncrementTick
    calculate.o(i.CALCULATE) refers to calculate.o(i.pid_init) for pid_init
    calculate.o(i.CALCULATE) refers to cmsis_os2.o(i.osDelay) for osDelay
    calculate.o(i.CALCULATE) refers to can_rec.o(.bss) for moto_base1
    calculate.o(i.moto_set) refers to ffltl.o(.text) for __aeabi_l2f
    calculate.o(i.moto_set) refers to pid.o(i.pid_culate) for pid_culate
    calculate.o(i.moto_set) refers to can_rec.o(.bss) for moto_base1
    tx.o(i.TX) refers to tasks.o(i.xTaskGetTickCount) for xTaskGetTickCount
    tx.o(i.TX) refers to calculate.o(i.moto_set) for moto_set
    tx.o(i.TX) refers to can_rec.o(i.set_moto_current_all) for set_moto_current_all
    tx.o(i.TX) refers to tasks.o(i.vTaskDelayUntil) for vTaskDelayUntil
    tx.o(i.TX) refers to can_rec.o(.bss) for moto_base1
    tx.o(i.TX) refers to can.o(.bss) for hcan1
    can_rec.o(i.HAL_CAN_RxFifo0MsgPendingCallback) refers to stm32f4xx_hal_can.o(i.HAL_CAN_GetRxMessage) for HAL_CAN_GetRxMessage
    can_rec.o(i.HAL_CAN_RxFifo0MsgPendingCallback) refers to can_rec.o(i.get_moto_measure) for get_moto_measure
    can_rec.o(i.HAL_CAN_RxFifo0MsgPendingCallback) refers to can.o(.bss) for hcan1
    can_rec.o(i.HAL_CAN_RxFifo0MsgPendingCallback) refers to can_rec.o(.data) for .data
    can_rec.o(i.HAL_CAN_RxFifo0MsgPendingCallback) refers to can_rec.o(.bss) for .bss
    can_rec.o(i.my_can_filter_init_recv_all) refers to stm32f4xx_hal_can.o(i.HAL_CAN_ConfigFilter) for HAL_CAN_ConfigFilter
    can_rec.o(i.my_can_filter_init_recv_all) refers to main.o(i.Error_Handler) for Error_Handler
    can_rec.o(i.my_can_filter_init_recv_all) refers to stm32f4xx_hal_can.o(i.HAL_CAN_Start) for HAL_CAN_Start
    can_rec.o(i.my_can_filter_init_recv_all) refers to stm32f4xx_hal_can.o(i.HAL_CAN_ActivateNotification) for HAL_CAN_ActivateNotification
    can_rec.o(i.my_can_filter_init_recv_all) refers to can.o(.bss) for hcan1
    can_rec.o(i.set_moto_current_all) refers to stm32f4xx_hal_can.o(i.HAL_CAN_AddTxMessage) for HAL_CAN_AddTxMessage
    can_rec.o(i.set_moto_current_all) refers to stm32f4xx_hal_can.o(i.HAL_CAN_GetTxMailboxesFreeLevel) for HAL_CAN_GetTxMailboxesFreeLevel
    my_uart.o(i.Data_Analyse) refers to my_uart.o(.data) for .data
    my_uart.o(i.Data_Analyse) refers to my_uart.o(.bss) for .bss
    entry.o(.ARM.Collect$$$$00000000) refers (Special) to entry10a.o(.ARM.Collect$$$$0000000F) for __rt_final_cpp
    entry.o(.ARM.Collect$$$$00000000) refers (Special) to entry11a.o(.ARM.Collect$$$$00000011) for __rt_final_exit
    entry.o(.ARM.Collect$$$$00000000) refers (Special) to entry12b.o(.ARM.Collect$$$$0000000E) for __rt_lib_shutdown_fini
    entry.o(.ARM.Collect$$$$00000000) refers (Special) to entry7b.o(.ARM.Collect$$$$00000008) for _main_clock
    entry.o(.ARM.Collect$$$$00000000) refers (Special) to entry8b.o(.ARM.Collect$$$$0000000A) for _main_cpp_init
    entry.o(.ARM.Collect$$$$00000000) refers (Special) to entry9a.o(.ARM.Collect$$$$0000000B) for _main_init
    entry.o(.ARM.Collect$$$$00000000) refers (Special) to entry5.o(.ARM.Collect$$$$00000004) for _main_scatterload
    entry.o(.ARM.Collect$$$$00000000) refers (Special) to entry2.o(.ARM.Collect$$$$00000001) for _main_stk
    uldiv.o(.text) refers to llushr.o(.text) for __aeabi_llsr
    uldiv.o(.text) refers to llshl.o(.text) for __aeabi_llsl
    ffltl.o(.text) refers (Special) to iusefp.o(.text) for __I$use$fp
    ffltl.o(.text) refers to fepilogue.o(.text) for _float_epilogue
    entry2.o(.ARM.Collect$$$$00000001) refers to entry2.o(.ARM.Collect$$$$00002712) for __lit__00000000
    entry2.o(.ARM.Collect$$$$00002712) refers to startup_stm32f407xx.o(STACK) for __initial_sp
    entry2.o(__vectab_stack_and_reset_area) refers to startup_stm32f407xx.o(STACK) for __initial_sp
    entry2.o(__vectab_stack_and_reset_area) refers to entry.o(.ARM.Collect$$$$00000000) for __main
    entry5.o(.ARM.Collect$$$$00000004) refers to init.o(.text) for __scatterload
    entry9a.o(.ARM.Collect$$$$0000000B) refers to main.o(i.main) for main
    entry9b.o(.ARM.Collect$$$$0000000C) refers to main.o(i.main) for main
    init.o(.text) refers to entry5.o(.ARM.Collect$$$$00000004) for __main_after_scatterload


==============================================================================

Removing Unused input sections from the image.

    Removing startup_stm32f407xx.o(HEAP), (512 bytes).
    Removing main.o(.rev16_text), (4 bytes).
    Removing main.o(.revsh_text), (4 bytes).
    Removing main.o(.rrx_text), (6 bytes).
    Removing gpio.o(.rev16_text), (4 bytes).
    Removing gpio.o(.revsh_text), (4 bytes).
    Removing gpio.o(.rrx_text), (6 bytes).
    Removing freertos.o(.rev16_text), (4 bytes).
    Removing freertos.o(.revsh_text), (4 bytes).
    Removing freertos.o(.rrx_text), (6 bytes).
    Removing can.o(.rev16_text), (4 bytes).
    Removing can.o(.revsh_text), (4 bytes).
    Removing can.o(.rrx_text), (6 bytes).
    Removing can.o(i.HAL_CAN_MspDeInit), (128 bytes).
    Removing usart.o(.rev16_text), (4 bytes).
    Removing usart.o(.revsh_text), (4 bytes).
    Removing usart.o(.rrx_text), (6 bytes).
    Removing usart.o(i.HAL_UART_MspDeInit), (44 bytes).
    Removing stm32f4xx_it.o(.rev16_text), (4 bytes).
    Removing stm32f4xx_it.o(.revsh_text), (4 bytes).
    Removing stm32f4xx_it.o(.rrx_text), (6 bytes).
    Removing stm32f4xx_hal_msp.o(.rev16_text), (4 bytes).
    Removing stm32f4xx_hal_msp.o(.revsh_text), (4 bytes).
    Removing stm32f4xx_hal_msp.o(.rrx_text), (6 bytes).
    Removing stm32f4xx_hal_timebase_tim.o(.rev16_text), (4 bytes).
    Removing stm32f4xx_hal_timebase_tim.o(.revsh_text), (4 bytes).
    Removing stm32f4xx_hal_timebase_tim.o(.rrx_text), (6 bytes).
    Removing stm32f4xx_hal_timebase_tim.o(i.HAL_ResumeTick), (20 bytes).
    Removing stm32f4xx_hal_timebase_tim.o(i.HAL_SuspendTick), (20 bytes).
    Removing stm32f4xx_hal_can.o(.rev16_text), (4 bytes).
    Removing stm32f4xx_hal_can.o(.revsh_text), (4 bytes).
    Removing stm32f4xx_hal_can.o(.rrx_text), (6 bytes).
    Removing stm32f4xx_hal_can.o(i.HAL_CAN_AbortTxRequest), (70 bytes).
    Removing stm32f4xx_hal_can.o(i.HAL_CAN_DeInit), (40 bytes).
    Removing stm32f4xx_hal_can.o(i.HAL_CAN_DeactivateNotification), (36 bytes).
    Removing stm32f4xx_hal_can.o(i.HAL_CAN_GetError), (4 bytes).
    Removing stm32f4xx_hal_can.o(i.HAL_CAN_GetRxFifoFillLevel), (34 bytes).
    Removing stm32f4xx_hal_can.o(i.HAL_CAN_GetState), (36 bytes).
    Removing stm32f4xx_hal_can.o(i.HAL_CAN_GetTxTimestamp), (40 bytes).
    Removing stm32f4xx_hal_can.o(i.HAL_CAN_IsSleepActive), (28 bytes).
    Removing stm32f4xx_hal_can.o(i.HAL_CAN_IsTxMessagePending), (30 bytes).
    Removing stm32f4xx_hal_can.o(i.HAL_CAN_MspDeInit), (2 bytes).
    Removing stm32f4xx_hal_can.o(i.HAL_CAN_MspInit), (2 bytes).
    Removing stm32f4xx_hal_can.o(i.HAL_CAN_RequestSleep), (38 bytes).
    Removing stm32f4xx_hal_can.o(i.HAL_CAN_ResetError), (34 bytes).
    Removing stm32f4xx_hal_can.o(i.HAL_CAN_RxFifo0MsgPendingCallback), (2 bytes).
    Removing stm32f4xx_hal_can.o(i.HAL_CAN_Stop), (96 bytes).
    Removing stm32f4xx_hal_can.o(i.HAL_CAN_WakeUp), (76 bytes).
    Removing stm32f4xx_hal_rcc.o(.rev16_text), (4 bytes).
    Removing stm32f4xx_hal_rcc.o(.revsh_text), (4 bytes).
    Removing stm32f4xx_hal_rcc.o(.rrx_text), (6 bytes).
    Removing stm32f4xx_hal_rcc.o(i.HAL_RCC_CSSCallback), (2 bytes).
    Removing stm32f4xx_hal_rcc.o(i.HAL_RCC_DeInit), (4 bytes).
    Removing stm32f4xx_hal_rcc.o(i.HAL_RCC_DisableCSS), (12 bytes).
    Removing stm32f4xx_hal_rcc.o(i.HAL_RCC_EnableCSS), (12 bytes).
    Removing stm32f4xx_hal_rcc.o(i.HAL_RCC_GetHCLKFreq), (12 bytes).
    Removing stm32f4xx_hal_rcc.o(i.HAL_RCC_GetOscConfig), (180 bytes).
    Removing stm32f4xx_hal_rcc.o(i.HAL_RCC_MCOConfig), (140 bytes).
    Removing stm32f4xx_hal_rcc.o(i.HAL_RCC_NMI_IRQHandler), (28 bytes).
    Removing stm32f4xx_hal_rcc_ex.o(.rev16_text), (4 bytes).
    Removing stm32f4xx_hal_rcc_ex.o(.revsh_text), (4 bytes).
    Removing stm32f4xx_hal_rcc_ex.o(.rrx_text), (6 bytes).
    Removing stm32f4xx_hal_rcc_ex.o(i.HAL_RCCEx_DisablePLLI2S), (52 bytes).
    Removing stm32f4xx_hal_rcc_ex.o(i.HAL_RCCEx_EnablePLLI2S), (104 bytes).
    Removing stm32f4xx_hal_rcc_ex.o(i.HAL_RCCEx_GetPeriphCLKConfig), (52 bytes).
    Removing stm32f4xx_hal_rcc_ex.o(i.HAL_RCCEx_GetPeriphCLKFreq), (92 bytes).
    Removing stm32f4xx_hal_rcc_ex.o(i.HAL_RCCEx_PeriphCLKConfig), (316 bytes).
    Removing stm32f4xx_hal_rcc_ex.o(i.HAL_RCC_DeInit), (308 bytes).
    Removing stm32f4xx_hal_flash.o(.rev16_text), (4 bytes).
    Removing stm32f4xx_hal_flash.o(.revsh_text), (4 bytes).
    Removing stm32f4xx_hal_flash.o(.rrx_text), (6 bytes).
    Removing stm32f4xx_hal_flash.o(i.FLASH_Program_Byte), (32 bytes).
    Removing stm32f4xx_hal_flash.o(i.FLASH_Program_DoubleWord), (44 bytes).
    Removing stm32f4xx_hal_flash.o(i.FLASH_Program_HalfWord), (36 bytes).
    Removing stm32f4xx_hal_flash.o(i.FLASH_Program_Word), (36 bytes).
    Removing stm32f4xx_hal_flash.o(i.FLASH_SetErrorCode), (104 bytes).
    Removing stm32f4xx_hal_flash.o(i.FLASH_WaitForLastOperation), (80 bytes).
    Removing stm32f4xx_hal_flash.o(i.HAL_FLASH_EndOfOperationCallback), (2 bytes).
    Removing stm32f4xx_hal_flash.o(i.HAL_FLASH_GetError), (12 bytes).
    Removing stm32f4xx_hal_flash.o(i.HAL_FLASH_IRQHandler), (204 bytes).
    Removing stm32f4xx_hal_flash.o(i.HAL_FLASH_Lock), (20 bytes).
    Removing stm32f4xx_hal_flash.o(i.HAL_FLASH_OB_Launch), (24 bytes).
    Removing stm32f4xx_hal_flash.o(i.HAL_FLASH_OB_Lock), (20 bytes).
    Removing stm32f4xx_hal_flash.o(i.HAL_FLASH_OB_Unlock), (40 bytes).
    Removing stm32f4xx_hal_flash.o(i.HAL_FLASH_OperationErrorCallback), (2 bytes).
    Removing stm32f4xx_hal_flash.o(i.HAL_FLASH_Program), (124 bytes).
    Removing stm32f4xx_hal_flash.o(i.HAL_FLASH_Program_IT), (108 bytes).
    Removing stm32f4xx_hal_flash.o(i.HAL_FLASH_Unlock), (44 bytes).
    Removing stm32f4xx_hal_flash.o(.bss), (32 bytes).
    Removing stm32f4xx_hal_flash_ex.o(.rev16_text), (4 bytes).
    Removing stm32f4xx_hal_flash_ex.o(.revsh_text), (4 bytes).
    Removing stm32f4xx_hal_flash_ex.o(.rrx_text), (6 bytes).
    Removing stm32f4xx_hal_flash_ex.o(i.FLASH_Erase_Sector), (80 bytes).
    Removing stm32f4xx_hal_flash_ex.o(i.FLASH_FlushCaches), (84 bytes).
    Removing stm32f4xx_hal_flash_ex.o(i.FLASH_MassErase), (40 bytes).
    Removing stm32f4xx_hal_flash_ex.o(i.HAL_FLASHEx_Erase), (152 bytes).
    Removing stm32f4xx_hal_flash_ex.o(i.HAL_FLASHEx_Erase_IT), (104 bytes).
    Removing stm32f4xx_hal_flash_ex.o(i.HAL_FLASHEx_OBGetConfig), (64 bytes).
    Removing stm32f4xx_hal_flash_ex.o(i.HAL_FLASHEx_OBProgram), (204 bytes).
    Removing stm32f4xx_hal_flash_ramfunc.o(.rev16_text), (4 bytes).
    Removing stm32f4xx_hal_flash_ramfunc.o(.revsh_text), (4 bytes).
    Removing stm32f4xx_hal_flash_ramfunc.o(.rrx_text), (6 bytes).
    Removing stm32f4xx_hal_gpio.o(.rev16_text), (4 bytes).
    Removing stm32f4xx_hal_gpio.o(.revsh_text), (4 bytes).
    Removing stm32f4xx_hal_gpio.o(.rrx_text), (6 bytes).
    Removing stm32f4xx_hal_gpio.o(i.HAL_GPIO_DeInit), (360 bytes).
    Removing stm32f4xx_hal_gpio.o(i.HAL_GPIO_EXTI_Callback), (2 bytes).
    Removing stm32f4xx_hal_gpio.o(i.HAL_GPIO_EXTI_IRQHandler), (24 bytes).
    Removing stm32f4xx_hal_gpio.o(i.HAL_GPIO_LockPin), (34 bytes).
    Removing stm32f4xx_hal_gpio.o(i.HAL_GPIO_ReadPin), (10 bytes).
    Removing stm32f4xx_hal_gpio.o(i.HAL_GPIO_TogglePin), (16 bytes).
    Removing stm32f4xx_hal_gpio.o(i.HAL_GPIO_WritePin), (10 bytes).
    Removing stm32f4xx_hal_dma_ex.o(.rev16_text), (4 bytes).
    Removing stm32f4xx_hal_dma_ex.o(.revsh_text), (4 bytes).
    Removing stm32f4xx_hal_dma_ex.o(.rrx_text), (6 bytes).
    Removing stm32f4xx_hal_dma_ex.o(i.DMA_MultiBufferSetConfig), (30 bytes).
    Removing stm32f4xx_hal_dma_ex.o(i.HAL_DMAEx_ChangeMemory), (14 bytes).
    Removing stm32f4xx_hal_dma_ex.o(i.HAL_DMAEx_MultiBufferStart), (100 bytes).
    Removing stm32f4xx_hal_dma_ex.o(i.HAL_DMAEx_MultiBufferStart_IT), (2432 bytes).
    Removing stm32f4xx_hal_dma.o(.rev16_text), (4 bytes).
    Removing stm32f4xx_hal_dma.o(.revsh_text), (4 bytes).
    Removing stm32f4xx_hal_dma.o(.rrx_text), (6 bytes).
    Removing stm32f4xx_hal_dma.o(i.DMA_CalcBaseAndBitshift), (40 bytes).
    Removing stm32f4xx_hal_dma.o(i.DMA_CheckFifoParam), (84 bytes).
    Removing stm32f4xx_hal_dma.o(i.DMA_SetConfig), (40 bytes).
    Removing stm32f4xx_hal_dma.o(i.HAL_DMA_Abort), (146 bytes).
    Removing stm32f4xx_hal_dma.o(i.HAL_DMA_Abort_IT), (36 bytes).
    Removing stm32f4xx_hal_dma.o(i.HAL_DMA_DeInit), (98 bytes).
    Removing stm32f4xx_hal_dma.o(i.HAL_DMA_GetError), (4 bytes).
    Removing stm32f4xx_hal_dma.o(i.HAL_DMA_GetState), (6 bytes).
    Removing stm32f4xx_hal_dma.o(i.HAL_DMA_IRQHandler), (416 bytes).
    Removing stm32f4xx_hal_dma.o(i.HAL_DMA_Init), (212 bytes).
    Removing stm32f4xx_hal_dma.o(i.HAL_DMA_PollForTransfer), (288 bytes).
    Removing stm32f4xx_hal_dma.o(i.HAL_DMA_RegisterCallback), (82 bytes).
    Removing stm32f4xx_hal_dma.o(i.HAL_DMA_Start), (70 bytes).
    Removing stm32f4xx_hal_dma.o(i.HAL_DMA_Start_IT), (110 bytes).
    Removing stm32f4xx_hal_dma.o(i.HAL_DMA_UnRegisterCallback), (96 bytes).
    Removing stm32f4xx_hal_dma.o(.constdata), (8 bytes).
    Removing stm32f4xx_hal_pwr.o(.rev16_text), (4 bytes).
    Removing stm32f4xx_hal_pwr.o(.revsh_text), (4 bytes).
    Removing stm32f4xx_hal_pwr.o(.rrx_text), (6 bytes).
    Removing stm32f4xx_hal_pwr.o(i.HAL_PWR_ConfigPVD), (124 bytes).
    Removing stm32f4xx_hal_pwr.o(i.HAL_PWR_DeInit), (24 bytes).
    Removing stm32f4xx_hal_pwr.o(i.HAL_PWR_DisableBkUpAccess), (24 bytes).
    Removing stm32f4xx_hal_pwr.o(i.HAL_PWR_DisablePVD), (12 bytes).
    Removing stm32f4xx_hal_pwr.o(i.HAL_PWR_DisableSEVOnPend), (16 bytes).
    Removing stm32f4xx_hal_pwr.o(i.HAL_PWR_DisableSleepOnExit), (16 bytes).
    Removing stm32f4xx_hal_pwr.o(i.HAL_PWR_DisableWakeUpPin), (16 bytes).
    Removing stm32f4xx_hal_pwr.o(i.HAL_PWR_EnableBkUpAccess), (24 bytes).
    Removing stm32f4xx_hal_pwr.o(i.HAL_PWR_EnablePVD), (12 bytes).
    Removing stm32f4xx_hal_pwr.o(i.HAL_PWR_EnableSEVOnPend), (16 bytes).
    Removing stm32f4xx_hal_pwr.o(i.HAL_PWR_EnableSleepOnExit), (16 bytes).
    Removing stm32f4xx_hal_pwr.o(i.HAL_PWR_EnableWakeUpPin), (16 bytes).
    Removing stm32f4xx_hal_pwr.o(i.HAL_PWR_EnterSLEEPMode), (32 bytes).
    Removing stm32f4xx_hal_pwr.o(i.HAL_PWR_EnterSTANDBYMode), (32 bytes).
    Removing stm32f4xx_hal_pwr.o(i.HAL_PWR_EnterSTOPMode), (56 bytes).
    Removing stm32f4xx_hal_pwr.o(i.HAL_PWR_PVDCallback), (2 bytes).
    Removing stm32f4xx_hal_pwr.o(i.HAL_PWR_PVD_IRQHandler), (28 bytes).
    Removing stm32f4xx_hal_pwr_ex.o(.rev16_text), (4 bytes).
    Removing stm32f4xx_hal_pwr_ex.o(.revsh_text), (4 bytes).
    Removing stm32f4xx_hal_pwr_ex.o(.rrx_text), (6 bytes).
    Removing stm32f4xx_hal_pwr_ex.o(i.HAL_PWREx_ControlVoltageScaling), (88 bytes).
    Removing stm32f4xx_hal_pwr_ex.o(i.HAL_PWREx_DisableBkUpReg), (60 bytes).
    Removing stm32f4xx_hal_pwr_ex.o(i.HAL_PWREx_DisableFlashPowerDown), (12 bytes).
    Removing stm32f4xx_hal_pwr_ex.o(i.HAL_PWREx_EnableBkUpReg), (60 bytes).
    Removing stm32f4xx_hal_pwr_ex.o(i.HAL_PWREx_EnableFlashPowerDown), (12 bytes).
    Removing stm32f4xx_hal_pwr_ex.o(i.HAL_PWREx_GetVoltageRange), (16 bytes).
    Removing stm32f4xx_hal_cortex.o(.rev16_text), (4 bytes).
    Removing stm32f4xx_hal_cortex.o(.revsh_text), (4 bytes).
    Removing stm32f4xx_hal_cortex.o(.rrx_text), (6 bytes).
    Removing stm32f4xx_hal_cortex.o(i.HAL_MPU_ConfigRegion), (84 bytes).
    Removing stm32f4xx_hal_cortex.o(i.HAL_MPU_Disable), (28 bytes).
    Removing stm32f4xx_hal_cortex.o(i.HAL_MPU_Enable), (36 bytes).
    Removing stm32f4xx_hal_cortex.o(i.HAL_NVIC_ClearPendingIRQ), (26 bytes).
    Removing stm32f4xx_hal_cortex.o(i.HAL_NVIC_DisableIRQ), (34 bytes).
    Removing stm32f4xx_hal_cortex.o(i.HAL_NVIC_GetActive), (36 bytes).
    Removing stm32f4xx_hal_cortex.o(i.HAL_NVIC_GetPendingIRQ), (36 bytes).
    Removing stm32f4xx_hal_cortex.o(i.HAL_NVIC_GetPriority), (82 bytes).
    Removing stm32f4xx_hal_cortex.o(i.HAL_NVIC_GetPriorityGrouping), (16 bytes).
    Removing stm32f4xx_hal_cortex.o(i.HAL_NVIC_SetPendingIRQ), (26 bytes).
    Removing stm32f4xx_hal_cortex.o(i.HAL_NVIC_SystemReset), (36 bytes).
    Removing stm32f4xx_hal_cortex.o(i.HAL_SYSTICK_CLKSourceConfig), (24 bytes).
    Removing stm32f4xx_hal_cortex.o(i.HAL_SYSTICK_Callback), (2 bytes).
    Removing stm32f4xx_hal_cortex.o(i.HAL_SYSTICK_Config), (40 bytes).
    Removing stm32f4xx_hal_cortex.o(i.HAL_SYSTICK_IRQHandler), (8 bytes).
    Removing stm32f4xx_hal.o(.rev16_text), (4 bytes).
    Removing stm32f4xx_hal.o(.revsh_text), (4 bytes).
    Removing stm32f4xx_hal.o(.rrx_text), (6 bytes).
    Removing stm32f4xx_hal.o(i.HAL_DBGMCU_DisableDBGSleepMode), (16 bytes).
    Removing stm32f4xx_hal.o(i.HAL_DBGMCU_DisableDBGStandbyMode), (16 bytes).
    Removing stm32f4xx_hal.o(i.HAL_DBGMCU_DisableDBGStopMode), (16 bytes).
    Removing stm32f4xx_hal.o(i.HAL_DBGMCU_EnableDBGSleepMode), (16 bytes).
    Removing stm32f4xx_hal.o(i.HAL_DBGMCU_EnableDBGStandbyMode), (16 bytes).
    Removing stm32f4xx_hal.o(i.HAL_DBGMCU_EnableDBGStopMode), (16 bytes).
    Removing stm32f4xx_hal.o(i.HAL_DeInit), (52 bytes).
    Removing stm32f4xx_hal.o(i.HAL_Delay), (36 bytes).
    Removing stm32f4xx_hal.o(i.HAL_DisableCompensationCell), (12 bytes).
    Removing stm32f4xx_hal.o(i.HAL_EnableCompensationCell), (12 bytes).
    Removing stm32f4xx_hal.o(i.HAL_GetDEVID), (16 bytes).
    Removing stm32f4xx_hal.o(i.HAL_GetHalVersion), (8 bytes).
    Removing stm32f4xx_hal.o(i.HAL_GetREVID), (12 bytes).
    Removing stm32f4xx_hal.o(i.HAL_GetTickFreq), (12 bytes).
    Removing stm32f4xx_hal.o(i.HAL_GetTickPrio), (12 bytes).
    Removing stm32f4xx_hal.o(i.HAL_GetUIDw0), (12 bytes).
    Removing stm32f4xx_hal.o(i.HAL_GetUIDw1), (12 bytes).
    Removing stm32f4xx_hal.o(i.HAL_GetUIDw2), (12 bytes).
    Removing stm32f4xx_hal.o(i.HAL_InitTick), (64 bytes).
    Removing stm32f4xx_hal.o(i.HAL_MspDeInit), (2 bytes).
    Removing stm32f4xx_hal.o(i.HAL_MspInit), (2 bytes).
    Removing stm32f4xx_hal.o(i.HAL_ResumeTick), (14 bytes).
    Removing stm32f4xx_hal.o(i.HAL_SetTickFreq), (36 bytes).
    Removing stm32f4xx_hal.o(i.HAL_SuspendTick), (14 bytes).
    Removing stm32f4xx_hal_exti.o(.rev16_text), (4 bytes).
    Removing stm32f4xx_hal_exti.o(.revsh_text), (4 bytes).
    Removing stm32f4xx_hal_exti.o(.rrx_text), (6 bytes).
    Removing stm32f4xx_hal_exti.o(i.HAL_EXTI_ClearConfigLine), (108 bytes).
    Removing stm32f4xx_hal_exti.o(i.HAL_EXTI_ClearPending), (20 bytes).
    Removing stm32f4xx_hal_exti.o(i.HAL_EXTI_GenerateSWI), (20 bytes).
    Removing stm32f4xx_hal_exti.o(i.HAL_EXTI_GetConfigLine), (148 bytes).
    Removing stm32f4xx_hal_exti.o(i.HAL_EXTI_GetHandle), (12 bytes).
    Removing stm32f4xx_hal_exti.o(i.HAL_EXTI_GetPending), (24 bytes).
    Removing stm32f4xx_hal_exti.o(i.HAL_EXTI_IRQHandler), (36 bytes).
    Removing stm32f4xx_hal_exti.o(i.HAL_EXTI_RegisterCallback), (14 bytes).
    Removing stm32f4xx_hal_exti.o(i.HAL_EXTI_SetConfigLine), (168 bytes).
    Removing stm32f4xx_hal_tim.o(.rev16_text), (4 bytes).
    Removing stm32f4xx_hal_tim.o(.revsh_text), (4 bytes).
    Removing stm32f4xx_hal_tim.o(.rrx_text), (6 bytes).
    Removing stm32f4xx_hal_tim.o(i.HAL_TIM_Base_DeInit), (92 bytes).
    Removing stm32f4xx_hal_tim.o(i.HAL_TIM_Base_GetState), (6 bytes).
    Removing stm32f4xx_hal_tim.o(i.HAL_TIM_Base_MspDeInit), (2 bytes).
    Removing stm32f4xx_hal_tim.o(i.HAL_TIM_Base_Start), (120 bytes).
    Removing stm32f4xx_hal_tim.o(i.HAL_TIM_Base_Start_DMA), (192 bytes).
    Removing stm32f4xx_hal_tim.o(i.HAL_TIM_Base_Stop), (38 bytes).
    Removing stm32f4xx_hal_tim.o(i.HAL_TIM_Base_Stop_DMA), (58 bytes).
    Removing stm32f4xx_hal_tim.o(i.HAL_TIM_Base_Stop_IT), (48 bytes).
    Removing stm32f4xx_hal_tim.o(i.HAL_TIM_ConfigClockSource), (220 bytes).
    Removing stm32f4xx_hal_tim.o(i.HAL_TIM_ConfigOCrefClear), (216 bytes).
    Removing stm32f4xx_hal_tim.o(i.HAL_TIM_ConfigTI1Input), (16 bytes).
    Removing stm32f4xx_hal_tim.o(i.HAL_TIM_DMABurstState), (6 bytes).
    Removing stm32f4xx_hal_tim.o(i.HAL_TIM_DMABurst_MultiReadStart), (332 bytes).
    Removing stm32f4xx_hal_tim.o(i.HAL_TIM_DMABurst_MultiWriteStart), (332 bytes).
    Removing stm32f4xx_hal_tim.o(i.HAL_TIM_DMABurst_ReadStart), (18 bytes).
    Removing stm32f4xx_hal_tim.o(i.HAL_TIM_DMABurst_ReadStop), (106 bytes).
    Removing stm32f4xx_hal_tim.o(i.HAL_TIM_DMABurst_WriteStart), (18 bytes).
    Removing stm32f4xx_hal_tim.o(i.HAL_TIM_DMABurst_WriteStop), (106 bytes).
    Removing stm32f4xx_hal_tim.o(i.HAL_TIM_Encoder_DeInit), (76 bytes).
    Removing stm32f4xx_hal_tim.o(i.HAL_TIM_Encoder_GetState), (6 bytes).
    Removing stm32f4xx_hal_tim.o(i.HAL_TIM_Encoder_Init), (164 bytes).
    Removing stm32f4xx_hal_tim.o(i.HAL_TIM_Encoder_MspDeInit), (2 bytes).
    Removing stm32f4xx_hal_tim.o(i.HAL_TIM_Encoder_MspInit), (2 bytes).
    Removing stm32f4xx_hal_tim.o(i.HAL_TIM_Encoder_Start), (142 bytes).
    Removing stm32f4xx_hal_tim.o(i.HAL_TIM_Encoder_Start_DMA), (428 bytes).
    Removing stm32f4xx_hal_tim.o(i.HAL_TIM_Encoder_Start_IT), (182 bytes).
    Removing stm32f4xx_hal_tim.o(i.HAL_TIM_Encoder_Stop), (102 bytes).
    Removing stm32f4xx_hal_tim.o(i.HAL_TIM_Encoder_Stop_DMA), (172 bytes).
    Removing stm32f4xx_hal_tim.o(i.HAL_TIM_Encoder_Stop_IT), (144 bytes).
    Removing stm32f4xx_hal_tim.o(i.HAL_TIM_ErrorCallback), (2 bytes).
    Removing stm32f4xx_hal_tim.o(i.HAL_TIM_GenerateEvent), (38 bytes).
    Removing stm32f4xx_hal_tim.o(i.HAL_TIM_GetActiveChannel), (4 bytes).
    Removing stm32f4xx_hal_tim.o(i.HAL_TIM_GetChannelState), (34 bytes).
    Removing stm32f4xx_hal_tim.o(i.HAL_TIM_IC_CaptureHalfCpltCallback), (2 bytes).
    Removing stm32f4xx_hal_tim.o(i.HAL_TIM_IC_ConfigChannel), (286 bytes).
    Removing stm32f4xx_hal_tim.o(i.HAL_TIM_IC_DeInit), (92 bytes).
    Removing stm32f4xx_hal_tim.o(i.HAL_TIM_IC_GetState), (6 bytes).
    Removing stm32f4xx_hal_tim.o(i.HAL_TIM_IC_Init), (90 bytes).
    Removing stm32f4xx_hal_tim.o(i.HAL_TIM_IC_MspDeInit), (2 bytes).
    Removing stm32f4xx_hal_tim.o(i.HAL_TIM_IC_MspInit), (2 bytes).
    Removing stm32f4xx_hal_tim.o(i.HAL_TIM_IC_Start), (228 bytes).
    Removing stm32f4xx_hal_tim.o(i.HAL_TIM_IC_Start_DMA), (460 bytes).
    Removing stm32f4xx_hal_tim.o(i.HAL_TIM_IC_Start_IT), (268 bytes).
    Removing stm32f4xx_hal_tim.o(i.HAL_TIM_IC_Stop), (82 bytes).
    Removing stm32f4xx_hal_tim.o(i.HAL_TIM_IC_Stop_DMA), (160 bytes).
    Removing stm32f4xx_hal_tim.o(i.HAL_TIM_IC_Stop_IT), (146 bytes).
    Removing stm32f4xx_hal_tim.o(i.HAL_TIM_OC_ConfigChannel), (82 bytes).
    Removing stm32f4xx_hal_tim.o(i.HAL_TIM_OC_DeInit), (92 bytes).
    Removing stm32f4xx_hal_tim.o(i.HAL_TIM_OC_GetState), (6 bytes).
    Removing stm32f4xx_hal_tim.o(i.HAL_TIM_OC_Init), (90 bytes).
    Removing stm32f4xx_hal_tim.o(i.HAL_TIM_OC_MspDeInit), (2 bytes).
    Removing stm32f4xx_hal_tim.o(i.HAL_TIM_OC_MspInit), (2 bytes).
    Removing stm32f4xx_hal_tim.o(i.HAL_TIM_OC_Start), (200 bytes).
    Removing stm32f4xx_hal_tim.o(i.HAL_TIM_OC_Start_DMA), (444 bytes).
    Removing stm32f4xx_hal_tim.o(i.HAL_TIM_OC_Start_IT), (244 bytes).
    Removing stm32f4xx_hal_tim.o(i.HAL_TIM_OC_Stop), (124 bytes).
    Removing stm32f4xx_hal_tim.o(i.HAL_TIM_OC_Stop_DMA), (204 bytes).
    Removing stm32f4xx_hal_tim.o(i.HAL_TIM_OC_Stop_IT), (188 bytes).
    Removing stm32f4xx_hal_tim.o(i.HAL_TIM_OnePulse_ConfigChannel), (230 bytes).
    Removing stm32f4xx_hal_tim.o(i.HAL_TIM_OnePulse_DeInit), (76 bytes).
    Removing stm32f4xx_hal_tim.o(i.HAL_TIM_OnePulse_GetState), (6 bytes).
    Removing stm32f4xx_hal_tim.o(i.HAL_TIM_OnePulse_Init), (86 bytes).
    Removing stm32f4xx_hal_tim.o(i.HAL_TIM_OnePulse_MspDeInit), (2 bytes).
    Removing stm32f4xx_hal_tim.o(i.HAL_TIM_OnePulse_MspInit), (2 bytes).
    Removing stm32f4xx_hal_tim.o(i.HAL_TIM_OnePulse_Start), (112 bytes).
    Removing stm32f4xx_hal_tim.o(i.HAL_TIM_OnePulse_Start_IT), (132 bytes).
    Removing stm32f4xx_hal_tim.o(i.HAL_TIM_OnePulse_Stop), (112 bytes).
    Removing stm32f4xx_hal_tim.o(i.HAL_TIM_OnePulse_Stop_IT), (132 bytes).
    Removing stm32f4xx_hal_tim.o(i.HAL_TIM_PWM_ConfigChannel), (204 bytes).
    Removing stm32f4xx_hal_tim.o(i.HAL_TIM_PWM_DeInit), (92 bytes).
    Removing stm32f4xx_hal_tim.o(i.HAL_TIM_PWM_GetState), (6 bytes).
    Removing stm32f4xx_hal_tim.o(i.HAL_TIM_PWM_Init), (90 bytes).
    Removing stm32f4xx_hal_tim.o(i.HAL_TIM_PWM_MspDeInit), (2 bytes).
    Removing stm32f4xx_hal_tim.o(i.HAL_TIM_PWM_MspInit), (2 bytes).
    Removing stm32f4xx_hal_tim.o(i.HAL_TIM_PWM_PulseFinishedHalfCpltCallback), (2 bytes).
    Removing stm32f4xx_hal_tim.o(i.HAL_TIM_PWM_Start), (200 bytes).
    Removing stm32f4xx_hal_tim.o(i.HAL_TIM_PWM_Start_DMA), (444 bytes).
    Removing stm32f4xx_hal_tim.o(i.HAL_TIM_PWM_Start_IT), (244 bytes).
    Removing stm32f4xx_hal_tim.o(i.HAL_TIM_PWM_Stop), (124 bytes).
    Removing stm32f4xx_hal_tim.o(i.HAL_TIM_PWM_Stop_DMA), (204 bytes).
    Removing stm32f4xx_hal_tim.o(i.HAL_TIM_PWM_Stop_IT), (188 bytes).
    Removing stm32f4xx_hal_tim.o(i.HAL_TIM_PeriodElapsedCallback), (2 bytes).
    Removing stm32f4xx_hal_tim.o(i.HAL_TIM_PeriodElapsedHalfCpltCallback), (2 bytes).
    Removing stm32f4xx_hal_tim.o(i.HAL_TIM_ReadCapturedValue), (42 bytes).
    Removing stm32f4xx_hal_tim.o(i.HAL_TIM_SlaveConfigSynchro), (86 bytes).
    Removing stm32f4xx_hal_tim.o(i.HAL_TIM_SlaveConfigSynchro_IT), (86 bytes).
    Removing stm32f4xx_hal_tim.o(i.HAL_TIM_TriggerHalfCpltCallback), (2 bytes).
    Removing stm32f4xx_hal_tim.o(i.TIM_CCxChannelCmd), (26 bytes).
    Removing stm32f4xx_hal_tim.o(i.TIM_DMACaptureCplt), (110 bytes).
    Removing stm32f4xx_hal_tim.o(i.TIM_DMACaptureHalfCplt), (56 bytes).
    Removing stm32f4xx_hal_tim.o(i.TIM_DMADelayPulseCplt), (94 bytes).
    Removing stm32f4xx_hal_tim.o(i.TIM_DMADelayPulseHalfCplt), (56 bytes).
    Removing stm32f4xx_hal_tim.o(i.TIM_DMAError), (84 bytes).
    Removing stm32f4xx_hal_tim.o(i.TIM_DMAPeriodElapsedCplt), (22 bytes).
    Removing stm32f4xx_hal_tim.o(i.TIM_DMAPeriodElapsedHalfCplt), (10 bytes).
    Removing stm32f4xx_hal_tim.o(i.TIM_DMATriggerCplt), (22 bytes).
    Removing stm32f4xx_hal_tim.o(i.TIM_DMATriggerHalfCplt), (10 bytes).
    Removing stm32f4xx_hal_tim.o(i.TIM_ETR_SetConfig), (20 bytes).
    Removing stm32f4xx_hal_tim.o(i.TIM_ITRx_SetConfig), (16 bytes).
    Removing stm32f4xx_hal_tim.o(i.TIM_OC1_SetConfig), (96 bytes).
    Removing stm32f4xx_hal_tim.o(i.TIM_OC2_SetConfig), (108 bytes).
    Removing stm32f4xx_hal_tim.o(i.TIM_OC3_SetConfig), (104 bytes).
    Removing stm32f4xx_hal_tim.o(i.TIM_OC4_SetConfig), (80 bytes).
    Removing stm32f4xx_hal_tim.o(i.TIM_SlaveTimer_SetConfig), (140 bytes).
    Removing stm32f4xx_hal_tim.o(i.TIM_TI1_ConfigInputStage), (34 bytes).
    Removing stm32f4xx_hal_tim.o(i.TIM_TI1_SetConfig), (128 bytes).
    Removing stm32f4xx_hal_tim.o(i.TIM_TI2_ConfigInputStage), (36 bytes).
    Removing stm32f4xx_hal_tim.o(i.TIM_TI2_SetConfig), (54 bytes).
    Removing stm32f4xx_hal_tim_ex.o(.rev16_text), (4 bytes).
    Removing stm32f4xx_hal_tim_ex.o(.revsh_text), (4 bytes).
    Removing stm32f4xx_hal_tim_ex.o(.rrx_text), (6 bytes).
    Removing stm32f4xx_hal_tim_ex.o(i.HAL_TIMEx_CommutHalfCpltCallback), (2 bytes).
    Removing stm32f4xx_hal_tim_ex.o(i.HAL_TIMEx_ConfigBreakDeadTime), (84 bytes).
    Removing stm32f4xx_hal_tim_ex.o(i.HAL_TIMEx_ConfigCommutEvent), (112 bytes).
    Removing stm32f4xx_hal_tim_ex.o(i.HAL_TIMEx_ConfigCommutEvent_DMA), (144 bytes).
    Removing stm32f4xx_hal_tim_ex.o(i.HAL_TIMEx_ConfigCommutEvent_IT), (112 bytes).
    Removing stm32f4xx_hal_tim_ex.o(i.HAL_TIMEx_GetChannelNState), (34 bytes).
    Removing stm32f4xx_hal_tim_ex.o(i.HAL_TIMEx_HallSensor_DeInit), (76 bytes).
    Removing stm32f4xx_hal_tim_ex.o(i.HAL_TIMEx_HallSensor_GetState), (6 bytes).
    Removing stm32f4xx_hal_tim_ex.o(i.HAL_TIMEx_HallSensor_Init), (208 bytes).
    Removing stm32f4xx_hal_tim_ex.o(i.HAL_TIMEx_HallSensor_MspDeInit), (2 bytes).
    Removing stm32f4xx_hal_tim_ex.o(i.HAL_TIMEx_HallSensor_MspInit), (2 bytes).
    Removing stm32f4xx_hal_tim_ex.o(i.HAL_TIMEx_HallSensor_Start), (168 bytes).
    Removing stm32f4xx_hal_tim_ex.o(i.HAL_TIMEx_HallSensor_Start_DMA), (224 bytes).
    Removing stm32f4xx_hal_tim_ex.o(i.HAL_TIMEx_HallSensor_Start_IT), (180 bytes).
    Removing stm32f4xx_hal_tim_ex.o(i.HAL_TIMEx_HallSensor_Stop), (58 bytes).
    Removing stm32f4xx_hal_tim_ex.o(i.HAL_TIMEx_HallSensor_Stop_DMA), (70 bytes).
    Removing stm32f4xx_hal_tim_ex.o(i.HAL_TIMEx_HallSensor_Stop_IT), (68 bytes).
    Removing stm32f4xx_hal_tim_ex.o(i.HAL_TIMEx_MasterConfigSynchronization), (144 bytes).
    Removing stm32f4xx_hal_tim_ex.o(i.HAL_TIMEx_OCN_Start), (192 bytes).
    Removing stm32f4xx_hal_tim_ex.o(i.HAL_TIMEx_OCN_Start_DMA), (392 bytes).
    Removing stm32f4xx_hal_tim_ex.o(i.HAL_TIMEx_OCN_Start_IT), (232 bytes).
    Removing stm32f4xx_hal_tim_ex.o(i.HAL_TIMEx_OCN_Stop), (104 bytes).
    Removing stm32f4xx_hal_tim_ex.o(i.HAL_TIMEx_OCN_Stop_DMA), (168 bytes).
    Removing stm32f4xx_hal_tim_ex.o(i.HAL_TIMEx_OCN_Stop_IT), (170 bytes).
    Removing stm32f4xx_hal_tim_ex.o(i.HAL_TIMEx_OnePulseN_Start), (100 bytes).
    Removing stm32f4xx_hal_tim_ex.o(i.HAL_TIMEx_OnePulseN_Start_IT), (120 bytes).
    Removing stm32f4xx_hal_tim_ex.o(i.HAL_TIMEx_OnePulseN_Stop), (98 bytes).
    Removing stm32f4xx_hal_tim_ex.o(i.HAL_TIMEx_OnePulseN_Stop_IT), (120 bytes).
    Removing stm32f4xx_hal_tim_ex.o(i.HAL_TIMEx_PWMN_Start), (192 bytes).
    Removing stm32f4xx_hal_tim_ex.o(i.HAL_TIMEx_PWMN_Start_DMA), (392 bytes).
    Removing stm32f4xx_hal_tim_ex.o(i.HAL_TIMEx_PWMN_Start_IT), (232 bytes).
    Removing stm32f4xx_hal_tim_ex.o(i.HAL_TIMEx_PWMN_Stop), (104 bytes).
    Removing stm32f4xx_hal_tim_ex.o(i.HAL_TIMEx_PWMN_Stop_DMA), (168 bytes).
    Removing stm32f4xx_hal_tim_ex.o(i.HAL_TIMEx_PWMN_Stop_IT), (170 bytes).
    Removing stm32f4xx_hal_tim_ex.o(i.HAL_TIMEx_RemapConfig), (28 bytes).
    Removing stm32f4xx_hal_tim_ex.o(i.TIMEx_DMACommutationCplt), (16 bytes).
    Removing stm32f4xx_hal_tim_ex.o(i.TIMEx_DMACommutationHalfCplt), (16 bytes).
    Removing stm32f4xx_hal_tim_ex.o(i.TIM_CCxNChannelCmd), (26 bytes).
    Removing stm32f4xx_hal_tim_ex.o(i.TIM_DMADelayPulseNCplt), (94 bytes).
    Removing stm32f4xx_hal_tim_ex.o(i.TIM_DMAErrorCCxN), (62 bytes).
    Removing stm32f4xx_hal_uart.o(.rev16_text), (4 bytes).
    Removing stm32f4xx_hal_uart.o(.revsh_text), (4 bytes).
    Removing stm32f4xx_hal_uart.o(.rrx_text), (6 bytes).
    Removing stm32f4xx_hal_uart.o(i.HAL_HalfDuplex_EnableReceiver), (50 bytes).
    Removing stm32f4xx_hal_uart.o(i.HAL_HalfDuplex_EnableTransmitter), (50 bytes).
    Removing stm32f4xx_hal_uart.o(i.HAL_HalfDuplex_Init), (108 bytes).
    Removing stm32f4xx_hal_uart.o(i.HAL_LIN_Init), (128 bytes).
    Removing stm32f4xx_hal_uart.o(i.HAL_LIN_SendBreak), (60 bytes).
    Removing stm32f4xx_hal_uart.o(i.HAL_MultiProcessor_EnterMuteMode), (60 bytes).
    Removing stm32f4xx_hal_uart.o(i.HAL_MultiProcessor_ExitMuteMode), (60 bytes).
    Removing stm32f4xx_hal_uart.o(i.HAL_MultiProcessor_Init), (142 bytes).
    Removing stm32f4xx_hal_uart.o(i.HAL_UARTEx_ReceiveToIdle), (254 bytes).
    Removing stm32f4xx_hal_uart.o(i.HAL_UARTEx_ReceiveToIdle_DMA), (86 bytes).
    Removing stm32f4xx_hal_uart.o(i.HAL_UARTEx_ReceiveToIdle_IT), (86 bytes).
    Removing stm32f4xx_hal_uart.o(i.HAL_UARTEx_RxEventCallback), (2 bytes).
    Removing stm32f4xx_hal_uart.o(i.HAL_UART_Abort), (210 bytes).
    Removing stm32f4xx_hal_uart.o(i.HAL_UART_AbortCpltCallback), (2 bytes).
    Removing stm32f4xx_hal_uart.o(i.HAL_UART_AbortReceive), (148 bytes).
    Removing stm32f4xx_hal_uart.o(i.HAL_UART_AbortReceiveCpltCallback), (2 bytes).
    Removing stm32f4xx_hal_uart.o(i.HAL_UART_AbortReceive_IT), (152 bytes).
    Removing stm32f4xx_hal_uart.o(i.HAL_UART_AbortTransmit), (98 bytes).
    Removing stm32f4xx_hal_uart.o(i.HAL_UART_AbortTransmitCpltCallback), (2 bytes).
    Removing stm32f4xx_hal_uart.o(i.HAL_UART_AbortTransmit_IT), (104 bytes).
    Removing stm32f4xx_hal_uart.o(i.HAL_UART_Abort_IT), (244 bytes).
    Removing stm32f4xx_hal_uart.o(i.HAL_UART_DMAPause), (146 bytes).
    Removing stm32f4xx_hal_uart.o(i.HAL_UART_DMAResume), (140 bytes).
    Removing stm32f4xx_hal_uart.o(i.HAL_UART_DMAStop), (112 bytes).
    Removing stm32f4xx_hal_uart.o(i.HAL_UART_DeInit), (52 bytes).
    Removing stm32f4xx_hal_uart.o(i.HAL_UART_ErrorCallback), (2 bytes).
    Removing stm32f4xx_hal_uart.o(i.HAL_UART_GetError), (4 bytes).
    Removing stm32f4xx_hal_uart.o(i.HAL_UART_GetState), (10 bytes).
    Removing stm32f4xx_hal_uart.o(i.HAL_UART_IRQHandler), (616 bytes).
    Removing stm32f4xx_hal_uart.o(i.HAL_UART_MspDeInit), (2 bytes).
    Removing stm32f4xx_hal_uart.o(i.HAL_UART_MspInit), (2 bytes).
    Removing stm32f4xx_hal_uart.o(i.HAL_UART_Receive), (192 bytes).
    Removing stm32f4xx_hal_uart.o(i.HAL_UART_Receive_DMA), (42 bytes).
    Removing stm32f4xx_hal_uart.o(i.HAL_UART_Receive_IT), (42 bytes).
    Removing stm32f4xx_hal_uart.o(i.HAL_UART_RxCpltCallback), (2 bytes).
    Removing stm32f4xx_hal_uart.o(i.HAL_UART_RxHalfCpltCallback), (2 bytes).
    Removing stm32f4xx_hal_uart.o(i.HAL_UART_Transmit), (178 bytes).
    Removing stm32f4xx_hal_uart.o(i.HAL_UART_Transmit_DMA), (140 bytes).
    Removing stm32f4xx_hal_uart.o(i.HAL_UART_Transmit_IT), (62 bytes).
    Removing stm32f4xx_hal_uart.o(i.HAL_UART_TxCpltCallback), (2 bytes).
    Removing stm32f4xx_hal_uart.o(i.HAL_UART_TxHalfCpltCallback), (2 bytes).
    Removing stm32f4xx_hal_uart.o(i.UART_DMAAbortOnError), (16 bytes).
    Removing stm32f4xx_hal_uart.o(i.UART_DMAError), (74 bytes).
    Removing stm32f4xx_hal_uart.o(i.UART_DMAReceiveCplt), (130 bytes).
    Removing stm32f4xx_hal_uart.o(i.UART_DMARxAbortCallback), (44 bytes).
    Removing stm32f4xx_hal_uart.o(i.UART_DMARxHalfCplt), (26 bytes).
    Removing stm32f4xx_hal_uart.o(i.UART_DMARxOnlyAbortCallback), (22 bytes).
    Removing stm32f4xx_hal_uart.o(i.UART_DMATransmitCplt), (66 bytes).
    Removing stm32f4xx_hal_uart.o(i.UART_DMATxAbortCallback), (44 bytes).
    Removing stm32f4xx_hal_uart.o(i.UART_DMATxHalfCplt), (10 bytes).
    Removing stm32f4xx_hal_uart.o(i.UART_DMATxOnlyAbortCallback), (20 bytes).
    Removing stm32f4xx_hal_uart.o(i.UART_EndRxTransfer), (78 bytes).
    Removing stm32f4xx_hal_uart.o(i.UART_EndTxTransfer), (28 bytes).
    Removing stm32f4xx_hal_uart.o(i.UART_Receive_IT), (192 bytes).
    Removing stm32f4xx_hal_uart.o(i.UART_Start_Receive_DMA), (148 bytes).
    Removing stm32f4xx_hal_uart.o(i.UART_Start_Receive_IT), (58 bytes).
    Removing stm32f4xx_hal_uart.o(i.UART_WaitOnFlagUntilTimeout), (120 bytes).
    Removing system_stm32f4xx.o(.rev16_text), (4 bytes).
    Removing system_stm32f4xx.o(.revsh_text), (4 bytes).
    Removing system_stm32f4xx.o(.rrx_text), (6 bytes).
    Removing system_stm32f4xx.o(i.SystemCoreClockUpdate), (120 bytes).
    Removing event_groups.o(i.prvTestWaitCondition), (20 bytes).
    Removing event_groups.o(i.uxEventGroupGetNumber), (8 bytes).
    Removing event_groups.o(i.vEventGroupClearBitsCallback), (4 bytes).
    Removing event_groups.o(i.vEventGroupDelete), (74 bytes).
    Removing event_groups.o(i.vEventGroupSetBitsCallback), (4 bytes).
    Removing event_groups.o(i.vEventGroupSetNumber), (4 bytes).
    Removing event_groups.o(i.xEventGroupClearBits), (64 bytes).
    Removing event_groups.o(i.xEventGroupClearBitsFromISR), (16 bytes).
    Removing event_groups.o(i.xEventGroupCreate), (28 bytes).
    Removing event_groups.o(i.xEventGroupCreateStatic), (44 bytes).
    Removing event_groups.o(i.xEventGroupGetBitsFromISR), (26 bytes).
    Removing event_groups.o(i.xEventGroupSetBits), (140 bytes).
    Removing event_groups.o(i.xEventGroupSetBitsFromISR), (16 bytes).
    Removing event_groups.o(i.xEventGroupSync), (204 bytes).
    Removing event_groups.o(i.xEventGroupWaitBits), (264 bytes).
    Removing queue.o(i.pcQueueGetName), (40 bytes).
    Removing queue.o(i.prvInitialiseMutex), (22 bytes).
    Removing queue.o(i.ucQueueGetQueueType), (6 bytes).
    Removing queue.o(i.uxQueueGetQueueNumber), (4 bytes).
    Removing queue.o(i.uxQueueMessagesWaiting), (36 bytes).
    Removing queue.o(i.uxQueueMessagesWaitingFromISR), (22 bytes).
    Removing queue.o(i.uxQueueSpacesAvailable), (40 bytes).
    Removing queue.o(i.vQueueDelete), (46 bytes).
    Removing queue.o(i.vQueueSetQueueNumber), (4 bytes).
    Removing queue.o(i.vQueueUnregisterQueue), (40 bytes).
    Removing queue.o(i.xQueueCreateCountingSemaphore), (58 bytes).
    Removing queue.o(i.xQueueCreateCountingSemaphoreStatic), (64 bytes).
    Removing queue.o(i.xQueueCreateMutex), (22 bytes).
    Removing queue.o(i.xQueueCreateMutexStatic), (26 bytes).
    Removing queue.o(i.xQueueGenericCreate), (66 bytes).
    Removing queue.o(i.xQueueGetMutexHolder), (28 bytes).
    Removing queue.o(i.xQueueGetMutexHolderFromISR), (30 bytes).
    Removing queue.o(i.xQueueGiveFromISR), (156 bytes).
    Removing queue.o(i.xQueueGiveMutexRecursive), (62 bytes).
    Removing queue.o(i.xQueueIsQueueEmptyFromISR), (30 bytes).
    Removing queue.o(i.xQueueIsQueueFullFromISR), (34 bytes).
    Removing queue.o(i.xQueuePeek), (308 bytes).
    Removing queue.o(i.xQueuePeekFromISR), (116 bytes).
    Removing queue.o(i.xQueueReceiveFromISR), (154 bytes).
    Removing queue.o(i.xQueueSemaphoreTake), (376 bytes).
    Removing queue.o(i.xQueueTakeMutexRecursive), (64 bytes).
    Removing stream_buffer.o(i.prvBytesInBuffer), (18 bytes).
    Removing stream_buffer.o(i.prvInitialiseNewStreamBuffer), (66 bytes).
    Removing stream_buffer.o(i.prvReadBytesFromBuffer), (140 bytes).
    Removing stream_buffer.o(i.prvReadMessageFromBuffer), (58 bytes).
    Removing stream_buffer.o(i.prvWriteBytesToBuffer), (130 bytes).
    Removing stream_buffer.o(i.prvWriteMessageToBuffer), (60 bytes).
    Removing stream_buffer.o(i.ucStreamBufferGetStreamBufferType), (8 bytes).
    Removing stream_buffer.o(i.uxStreamBufferGetStreamBufferNumber), (4 bytes).
    Removing stream_buffer.o(i.vStreamBufferDelete), (34 bytes).
    Removing stream_buffer.o(i.vStreamBufferSetStreamBufferNumber), (4 bytes).
    Removing stream_buffer.o(i.xStreamBufferBytesAvailable), (22 bytes).
    Removing stream_buffer.o(i.xStreamBufferGenericCreate), (108 bytes).
    Removing stream_buffer.o(i.xStreamBufferGenericCreateStatic), (122 bytes).
    Removing stream_buffer.o(i.xStreamBufferIsEmpty), (34 bytes).
    Removing stream_buffer.o(i.xStreamBufferIsFull), (48 bytes).
    Removing stream_buffer.o(i.xStreamBufferNextMessageLengthBytes), (78 bytes).
    Removing stream_buffer.o(i.xStreamBufferReceive), (212 bytes).
    Removing stream_buffer.o(i.xStreamBufferReceiveCompletedFromISR), (70 bytes).
    Removing stream_buffer.o(i.xStreamBufferReceiveFromISR), (144 bytes).
    Removing stream_buffer.o(i.xStreamBufferReset), (70 bytes).
    Removing stream_buffer.o(i.xStreamBufferSend), (258 bytes).
    Removing stream_buffer.o(i.xStreamBufferSendCompletedFromISR), (70 bytes).
    Removing stream_buffer.o(i.xStreamBufferSendFromISR), (142 bytes).
    Removing stream_buffer.o(i.xStreamBufferSetTriggerLevel), (40 bytes).
    Removing stream_buffer.o(i.xStreamBufferSpacesAvailable), (38 bytes).
    Removing tasks.o(i.eTaskGetState), (116 bytes).
    Removing tasks.o(i.pcTaskGetName), (32 bytes).
    Removing tasks.o(i.prvListTasksWithinSingleList), (88 bytes).
    Removing tasks.o(i.prvTaskCheckFreeStackSpace), (20 bytes).
    Removing tasks.o(i.prvTaskIsTaskSuspended), (52 bytes).
    Removing tasks.o(i.pvTaskIncrementMutexHeldCount), (24 bytes).
    Removing tasks.o(i.ulTaskNotifyTake), (104 bytes).
    Removing tasks.o(i.ulTaskNotifyValueClear), (44 bytes).
    Removing tasks.o(i.uxTaskGetNumberOfTasks), (12 bytes).
    Removing tasks.o(i.uxTaskGetStackHighWaterMark), (16 bytes).
    Removing tasks.o(i.uxTaskGetSystemState), (172 bytes).
    Removing tasks.o(i.uxTaskGetTaskNumber), (8 bytes).
    Removing tasks.o(i.uxTaskPriorityGet), (28 bytes).
    Removing tasks.o(i.uxTaskPriorityGetFromISR), (44 bytes).
    Removing tasks.o(i.uxTaskResetEventItemValue), (24 bytes).
    Removing tasks.o(i.vTaskDelete), (144 bytes).
    Removing tasks.o(i.vTaskEndScheduler), (28 bytes).
    Removing tasks.o(i.vTaskGetInfo), (116 bytes).
    Removing tasks.o(i.vTaskNotifyGiveFromISR), (176 bytes).
    Removing tasks.o(i.vTaskPlaceOnUnorderedEventList), (80 bytes).
    Removing tasks.o(i.vTaskPriorityDisinheritAfterTimeout), (144 bytes).
    Removing tasks.o(i.vTaskPrioritySet), (180 bytes).
    Removing tasks.o(i.vTaskRemoveFromUnorderedEventList), (112 bytes).
    Removing tasks.o(i.vTaskResume), (124 bytes).
    Removing tasks.o(i.vTaskSetTaskNumber), (8 bytes).
    Removing tasks.o(i.vTaskSetTimeOutState), (48 bytes).
    Removing tasks.o(i.vTaskSuspend), (156 bytes).
    Removing tasks.o(i.xTaskCatchUpTicks), (48 bytes).
    Removing tasks.o(i.xTaskGenericNotify), (224 bytes).
    Removing tasks.o(i.xTaskGenericNotifyFromISR), (260 bytes).
    Removing tasks.o(i.xTaskGetCurrentTaskHandle), (12 bytes).
    Removing tasks.o(i.xTaskGetTickCountFromISR), (16 bytes).
    Removing tasks.o(i.xTaskNotifyStateClear), (52 bytes).
    Removing tasks.o(i.xTaskNotifyWait), (140 bytes).
    Removing tasks.o(i.xTaskPriorityInherit), (120 bytes).
    Removing tasks.o(i.xTaskResumeFromISR), (136 bytes).
    Removing timers.o(i.pcTimerGetName), (22 bytes).
    Removing timers.o(i.prvInitialiseNewTimer), (78 bytes).
    Removing timers.o(i.pvTimerGetTimerID), (36 bytes).
    Removing timers.o(i.uxTimerGetReloadMode), (48 bytes).
    Removing timers.o(i.uxTimerGetTimerNumber), (4 bytes).
    Removing timers.o(i.vTimerSetReloadMode), (54 bytes).
    Removing timers.o(i.vTimerSetTimerID), (38 bytes).
    Removing timers.o(i.vTimerSetTimerNumber), (4 bytes).
    Removing timers.o(i.xTimerCreate), (52 bytes).
    Removing timers.o(i.xTimerCreateStatic), (46 bytes).
    Removing timers.o(i.xTimerGetExpiryTime), (22 bytes).
    Removing timers.o(i.xTimerGetPeriod), (22 bytes).
    Removing timers.o(i.xTimerGetTimerDaemonTaskHandle), (32 bytes).
    Removing timers.o(i.xTimerIsTimerActive), (48 bytes).
    Removing timers.o(i.xTimerPendFunctionCall), (60 bytes).
    Removing timers.o(i.xTimerPendFunctionCallFromISR), (40 bytes).
    Removing cmsis_os2.o(.rev16_text), (4 bytes).
    Removing cmsis_os2.o(.revsh_text), (4 bytes).
    Removing cmsis_os2.o(.rrx_text), (6 bytes).
    Removing cmsis_os2.o(i.AllocBlock), (18 bytes).
    Removing cmsis_os2.o(i.CreateBlock), (26 bytes).
    Removing cmsis_os2.o(i.OS_Tick_GetCount), (12 bytes).
    Removing cmsis_os2.o(i.TimerCallback), (24 bytes).
    Removing cmsis_os2.o(i.osDelayUntil), (46 bytes).
    Removing cmsis_os2.o(i.osEventFlagsClear), (62 bytes).
    Removing cmsis_os2.o(i.osEventFlagsDelete), (32 bytes).
    Removing cmsis_os2.o(i.osEventFlagsGet), (22 bytes).
    Removing cmsis_os2.o(i.osEventFlagsNew), (44 bytes).
    Removing cmsis_os2.o(i.osEventFlagsSet), (84 bytes).
    Removing cmsis_os2.o(i.osEventFlagsWait), (98 bytes).
    Removing cmsis_os2.o(i.osKernelGetInfo), (60 bytes).
    Removing cmsis_os2.o(i.osKernelGetState), (32 bytes).
    Removing cmsis_os2.o(i.osKernelGetSysTimerCount), (66 bytes).
    Removing cmsis_os2.o(i.osKernelGetSysTimerFreq), (12 bytes).
    Removing cmsis_os2.o(i.osKernelGetTickCount), (14 bytes).
    Removing cmsis_os2.o(i.osKernelGetTickFreq), (6 bytes).
    Removing cmsis_os2.o(i.osKernelLock), (42 bytes).
    Removing cmsis_os2.o(i.osKernelRestoreLock), (66 bytes).
    Removing cmsis_os2.o(i.osKernelUnlock), (58 bytes).
    Removing cmsis_os2.o(i.osMemoryPoolAlloc), (144 bytes).
    Removing cmsis_os2.o(i.osMemoryPoolDelete), (96 bytes).
    Removing cmsis_os2.o(i.osMemoryPoolFree), (184 bytes).
    Removing cmsis_os2.o(i.osMemoryPoolGetBlockSize), (24 bytes).
    Removing cmsis_os2.o(i.osMemoryPoolGetCapacity), (24 bytes).
    Removing cmsis_os2.o(i.osMemoryPoolGetCount), (52 bytes).
    Removing cmsis_os2.o(i.osMemoryPoolGetName), (18 bytes).
    Removing cmsis_os2.o(i.osMemoryPoolGetSpace), (40 bytes).
    Removing cmsis_os2.o(i.osMemoryPoolNew), (228 bytes).
    Removing cmsis_os2.o(i.osMessageQueueDelete), (42 bytes).
    Removing cmsis_os2.o(i.osMessageQueueGet), (100 bytes).
    Removing cmsis_os2.o(i.osMessageQueueGetCapacity), (8 bytes).
    Removing cmsis_os2.o(i.osMessageQueueGetCount), (20 bytes).
    Removing cmsis_os2.o(i.osMessageQueueGetMsgSize), (8 bytes).
    Removing cmsis_os2.o(i.osMessageQueueGetSpace), (44 bytes).
    Removing cmsis_os2.o(i.osMessageQueueNew), (88 bytes).
    Removing cmsis_os2.o(i.osMessageQueuePut), (104 bytes).
    Removing cmsis_os2.o(i.osMessageQueueReset), (34 bytes).
    Removing cmsis_os2.o(i.osMutexAcquire), (82 bytes).
    Removing cmsis_os2.o(i.osMutexDelete), (44 bytes).
    Removing cmsis_os2.o(i.osMutexGetOwner), (20 bytes).
    Removing cmsis_os2.o(i.osMutexNew), (104 bytes).
    Removing cmsis_os2.o(i.osMutexRelease), (66 bytes).
    Removing cmsis_os2.o(i.osSemaphoreAcquire), (92 bytes).
    Removing cmsis_os2.o(i.osSemaphoreDelete), (42 bytes).
    Removing cmsis_os2.o(i.osSemaphoreGetCount), (20 bytes).
    Removing cmsis_os2.o(i.osSemaphoreNew), (152 bytes).
    Removing cmsis_os2.o(i.osSemaphoreRelease), (88 bytes).
    Removing cmsis_os2.o(i.osThreadEnumerate), (98 bytes).
    Removing cmsis_os2.o(i.osThreadExit), (8 bytes).
    Removing cmsis_os2.o(i.osThreadFlagsClear), (78 bytes).
    Removing cmsis_os2.o(i.osThreadFlagsGet), (44 bytes).
    Removing cmsis_os2.o(i.osThreadFlagsSet), (116 bytes).
    Removing cmsis_os2.o(i.osThreadFlagsWait), (150 bytes).
    Removing cmsis_os2.o(i.osThreadGetCount), (14 bytes).
    Removing cmsis_os2.o(i.osThreadGetId), (4 bytes).
    Removing cmsis_os2.o(i.osThreadGetName), (16 bytes).
    Removing cmsis_os2.o(i.osThreadGetPriority), (18 bytes).
    Removing cmsis_os2.o(i.osThreadGetStackSpace), (22 bytes).
    Removing cmsis_os2.o(i.osThreadGetState), (54 bytes).
    Removing cmsis_os2.o(i.osThreadResume), (32 bytes).
    Removing cmsis_os2.o(i.osThreadSetPriority), (40 bytes).
    Removing cmsis_os2.o(i.osThreadSuspend), (32 bytes).
    Removing cmsis_os2.o(i.osThreadTerminate), (52 bytes).
    Removing cmsis_os2.o(i.osThreadYield), (36 bytes).
    Removing cmsis_os2.o(i.osTimerDelete), (68 bytes).
    Removing cmsis_os2.o(i.osTimerGetName), (16 bytes).
    Removing cmsis_os2.o(i.osTimerIsRunning), (16 bytes).
    Removing cmsis_os2.o(i.osTimerNew), (120 bytes).
    Removing cmsis_os2.o(i.osTimerStart), (50 bytes).
    Removing cmsis_os2.o(i.osTimerStop), (68 bytes).
    Removing heap_4.o(i.vPortGetHeapStats), (108 bytes).
    Removing heap_4.o(i.vPortInitialiseBlocks), (2 bytes).
    Removing heap_4.o(i.xPortGetFreeHeapSize), (12 bytes).
    Removing heap_4.o(i.xPortGetMinimumEverFreeHeapSize), (12 bytes).
    Removing port.o(i.vPortEndScheduler), (32 bytes).
    Removing calculate.o(.rev16_text), (4 bytes).
    Removing calculate.o(.revsh_text), (4 bytes).
    Removing calculate.o(.rrx_text), (6 bytes).
    Removing tx.o(.rev16_text), (4 bytes).
    Removing tx.o(.revsh_text), (4 bytes).
    Removing tx.o(.rrx_text), (6 bytes).
    Removing pid.o(.rev16_text), (4 bytes).
    Removing pid.o(.revsh_text), (4 bytes).
    Removing pid.o(.rrx_text), (6 bytes).
    Removing can_rec.o(.rev16_text), (4 bytes).
    Removing can_rec.o(.revsh_text), (4 bytes).
    Removing can_rec.o(.rrx_text), (6 bytes).
    Removing can_rec.o(.bss), (216 bytes).
    Removing can_rec.o(.data), (4 bytes).
    Removing my_uart.o(.rev16_text), (4 bytes).
    Removing my_uart.o(.revsh_text), (4 bytes).
    Removing my_uart.o(.rrx_text), (6 bytes).
    Removing my_uart.o(i.Data_Analyse), (144 bytes).
    Removing my_uart.o(i.Stract), (30 bytes).
    Removing my_uart.o(.bss), (24 bytes).
    Removing my_uart.o(.data), (28 bytes).

660 unused section(s) (total 45774 bytes) removed from the image.

==============================================================================

Memory Map of the image

  Image Entry point : 0x00000000

  Load Region LR_IROM1 (Base: 0x08000000, Size: 0x0000416c, Max: 0x00100000, ABSOLUTE)

    Execution Region ER_IROM1 (Base: 0x08000000, Size: 0x000040c4, Max: 0x00100000, ABSOLUTE)

    Base Addr    Size         Type   Attr      Idx    E Section Name        Object

    0x08000000   0x00000188   Data   RO            3    RESET               startup_stm32f407xx.o
    0x08000188   0x00000000   Code   RO         5211  * .ARM.Collect$$$$00000000  mc_w.l(entry.o)
    0x08000188   0x00000004   Code   RO         5226    .ARM.Collect$$$$00000001  mc_w.l(entry2.o)
    0x0800018c   0x00000004   Code   RO         5229    .ARM.Collect$$$$00000004  mc_w.l(entry5.o)
    0x08000190   0x00000000   Code   RO         5231    .ARM.Collect$$$$00000008  mc_w.l(entry7b.o)
    0x08000190   0x00000000   Code   RO         5233    .ARM.Collect$$$$0000000A  mc_w.l(entry8b.o)
    0x08000190   0x00000008   Code   RO         5234    .ARM.Collect$$$$0000000B  mc_w.l(entry9a.o)
    0x08000198   0x00000004   Code   RO         5241    .ARM.Collect$$$$0000000E  mc_w.l(entry12b.o)
    0x0800019c   0x00000000   Code   RO         5236    .ARM.Collect$$$$0000000F  mc_w.l(entry10a.o)
    0x0800019c   0x00000000   Code   RO         5238    .ARM.Collect$$$$00000011  mc_w.l(entry11a.o)
    0x0800019c   0x00000004   Code   RO         5227    .ARM.Collect$$$$00002712  mc_w.l(entry2.o)
    0x080001a0   0x000000be   Code   RO         4937    .emb_text           port.o
    0x0800025e   0x00000002   PAD
    0x08000260   0x00000024   Code   RO            4    .text               startup_stm32f407xx.o
    0x08000284   0x00000062   Code   RO         5214    .text               mc_w.l(uldiv.o)
    0x080002e6   0x00000024   Code   RO         5216    .text               mc_w.l(memcpya.o)
    0x0800030a   0x00000024   Code   RO         5220    .text               mc_w.l(memseta.o)
    0x0800032e   0x0000002c   Code   RO         5224    .text               mf_w.l(ffltl.o)
    0x0800035a   0x0000001e   Code   RO         5242    .text               mc_w.l(llshl.o)
    0x08000378   0x00000020   Code   RO         5244    .text               mc_w.l(llushr.o)
    0x08000398   0x00000000   Code   RO         5246    .text               mc_w.l(iusefp.o)
    0x08000398   0x0000006e   Code   RO         5247    .text               mf_w.l(fepilogue.o)
    0x08000406   0x00000002   PAD
    0x08000408   0x00000024   Code   RO         5249    .text               mc_w.l(init.o)
    0x0800042c   0x00000002   Code   RO          374    i.BusFault_Handler  stm32f4xx_it.o
    0x0800042e   0x00000002   PAD
    0x08000430   0x0000006c   Code   RO         5017    i.CALCULATE         calculate.o
    0x0800049c   0x0000000c   Code   RO          375    i.CAN1_RX0_IRQHandler  stm32f4xx_it.o
    0x080004a8   0x0000000c   Code   RO          376    i.CAN1_TX_IRQHandler  stm32f4xx_it.o
    0x080004b4   0x0000000c   Code   RO          377    i.CAN2_RX0_IRQHandler  stm32f4xx_it.o
    0x080004c0   0x0000000c   Code   RO          378    i.CAN2_TX_IRQHandler  stm32f4xx_it.o
    0x080004cc   0x00000002   Code   RO          379    i.DebugMon_Handler  stm32f4xx_it.o
    0x080004ce   0x00000004   Code   RO           13    i.Error_Handler     main.o
    0x080004d2   0x00000024   Code   RO          526    i.HAL_CAN_ActivateNotification  stm32f4xx_hal_can.o
    0x080004f6   0x000000dc   Code   RO          527    i.HAL_CAN_AddTxMessage  stm32f4xx_hal_can.o
    0x080005d2   0x00000002   PAD
    0x080005d4   0x0000010c   Code   RO          528    i.HAL_CAN_ConfigFilter  stm32f4xx_hal_can.o
    0x080006e0   0x00000002   Code   RO          531    i.HAL_CAN_ErrorCallback  stm32f4xx_hal_can.o
    0x080006e2   0x000000e8   Code   RO          534    i.HAL_CAN_GetRxMessage  stm32f4xx_hal_can.o
    0x080007ca   0x0000002c   Code   RO          536    i.HAL_CAN_GetTxMailboxesFreeLevel  stm32f4xx_hal_can.o
    0x080007f6   0x000001fc   Code   RO          538    i.HAL_CAN_IRQHandler  stm32f4xx_hal_can.o
    0x080009f2   0x0000011a   Code   RO          539    i.HAL_CAN_Init      stm32f4xx_hal_can.o
    0x08000b0c   0x00000120   Code   RO          284    i.HAL_CAN_MspInit   can.o
    0x08000c2c   0x00000002   Code   RO          546    i.HAL_CAN_RxFifo0FullCallback  stm32f4xx_hal_can.o
    0x08000c2e   0x00000002   PAD
    0x08000c30   0x00000098   Code   RO         5119    i.HAL_CAN_RxFifo0MsgPendingCallback  can_rec.o
    0x08000cc8   0x00000002   Code   RO          548    i.HAL_CAN_RxFifo1FullCallback  stm32f4xx_hal_can.o
    0x08000cca   0x00000002   Code   RO          549    i.HAL_CAN_RxFifo1MsgPendingCallback  stm32f4xx_hal_can.o
    0x08000ccc   0x00000002   Code   RO          550    i.HAL_CAN_SleepCallback  stm32f4xx_hal_can.o
    0x08000cce   0x00000002   PAD
    0x08000cd0   0x00000058   Code   RO          551    i.HAL_CAN_Start     stm32f4xx_hal_can.o
    0x08000d28   0x00000002   Code   RO          553    i.HAL_CAN_TxMailbox0AbortCallback  stm32f4xx_hal_can.o
    0x08000d2a   0x00000002   Code   RO          554    i.HAL_CAN_TxMailbox0CompleteCallback  stm32f4xx_hal_can.o
    0x08000d2c   0x00000002   Code   RO          555    i.HAL_CAN_TxMailbox1AbortCallback  stm32f4xx_hal_can.o
    0x08000d2e   0x00000002   Code   RO          556    i.HAL_CAN_TxMailbox1CompleteCallback  stm32f4xx_hal_can.o
    0x08000d30   0x00000002   Code   RO          557    i.HAL_CAN_TxMailbox2AbortCallback  stm32f4xx_hal_can.o
    0x08000d32   0x00000002   Code   RO          558    i.HAL_CAN_TxMailbox2CompleteCallback  stm32f4xx_hal_can.o
    0x08000d34   0x00000002   Code   RO          560    i.HAL_CAN_WakeUpFromRxMsgCallback  stm32f4xx_hal_can.o
    0x08000d36   0x00000002   PAD
    0x08000d38   0x000001f0   Code   RO         1114    i.HAL_GPIO_Init     stm32f4xx_hal_gpio.o
    0x08000f28   0x0000000c   Code   RO         1646    i.HAL_GetTick       stm32f4xx_hal.o
    0x08000f34   0x00000010   Code   RO         1652    i.HAL_IncTick       stm32f4xx_hal.o
    0x08000f44   0x00000034   Code   RO         1653    i.HAL_Init          stm32f4xx_hal.o
    0x08000f78   0x0000008c   Code   RO          486    i.HAL_InitTick      stm32f4xx_hal_timebase_tim.o
    0x08001004   0x00000038   Code   RO          462    i.HAL_MspInit       stm32f4xx_hal_msp.o
    0x0800103c   0x0000001a   Code   RO         1503    i.HAL_NVIC_EnableIRQ  stm32f4xx_hal_cortex.o
    0x08001056   0x00000002   PAD
    0x08001058   0x00000040   Code   RO         1509    i.HAL_NVIC_SetPriority  stm32f4xx_hal_cortex.o
    0x08001098   0x00000024   Code   RO         1510    i.HAL_NVIC_SetPriorityGrouping  stm32f4xx_hal_cortex.o
    0x080010bc   0x00000134   Code   RO          760    i.HAL_RCC_ClockConfig  stm32f4xx_hal_rcc.o
    0x080011f0   0x00000040   Code   RO          764    i.HAL_RCC_GetClockConfig  stm32f4xx_hal_rcc.o
    0x08001230   0x00000020   Code   RO          767    i.HAL_RCC_GetPCLK1Freq  stm32f4xx_hal_rcc.o
    0x08001250   0x00000020   Code   RO          768    i.HAL_RCC_GetPCLK2Freq  stm32f4xx_hal_rcc.o
    0x08001270   0x00000060   Code   RO          769    i.HAL_RCC_GetSysClockFreq  stm32f4xx_hal_rcc.o
    0x080012d0   0x0000036c   Code   RO          772    i.HAL_RCC_OscConfig  stm32f4xx_hal_rcc.o
    0x0800163c   0x00000002   Code   RO         2597    i.HAL_TIMEx_BreakCallback  stm32f4xx_hal_tim_ex.o
    0x0800163e   0x00000002   Code   RO         2598    i.HAL_TIMEx_CommutCallback  stm32f4xx_hal_tim_ex.o
    0x08001640   0x0000005a   Code   RO         1893    i.HAL_TIM_Base_Init  stm32f4xx_hal_tim.o
    0x0800169a   0x00000002   Code   RO         1895    i.HAL_TIM_Base_MspInit  stm32f4xx_hal_tim.o
    0x0800169c   0x00000080   Code   RO         1898    i.HAL_TIM_Base_Start_IT  stm32f4xx_hal_tim.o
    0x0800171c   0x00000002   Code   RO         1927    i.HAL_TIM_IC_CaptureCallback  stm32f4xx_hal_tim.o
    0x0800171e   0x00000166   Code   RO         1941    i.HAL_TIM_IRQHandler  stm32f4xx_hal_tim.o
    0x08001884   0x00000002   Code   RO         1944    i.HAL_TIM_OC_DelayElapsedCallback  stm32f4xx_hal_tim.o
    0x08001886   0x00000002   Code   RO         1971    i.HAL_TIM_PWM_PulseFinishedCallback  stm32f4xx_hal_tim.o
    0x08001888   0x00000014   Code   RO           14    i.HAL_TIM_PeriodElapsedCallback  main.o
    0x0800189c   0x00000002   Code   RO         1984    i.HAL_TIM_TriggerCallback  stm32f4xx_hal_tim.o
    0x0800189e   0x00000062   Code   RO         2893    i.HAL_UART_Init     stm32f4xx_hal_uart.o
    0x08001900   0x0000006c   Code   RO          333    i.HAL_UART_MspInit  usart.o
    0x0800196c   0x00000002   Code   RO          380    i.HardFault_Handler  stm32f4xx_it.o
    0x0800196e   0x00000002   PAD
    0x08001970   0x00000048   Code   RO          285    i.MX_CAN1_Init      can.o
    0x080019b8   0x00000048   Code   RO          286    i.MX_CAN2_Init      can.o
    0x08001a00   0x00000054   Code   RO          234    i.MX_FREERTOS_Init  freertos.o
    0x08001a54   0x0000007c   Code   RO          210    i.MX_GPIO_Init      gpio.o
    0x08001ad0   0x00000038   Code   RO          334    i.MX_USART3_UART_Init  usart.o
    0x08001b08   0x00000002   Code   RO          381    i.MemManage_Handler  stm32f4xx_it.o
    0x08001b0a   0x00000002   Code   RO          382    i.NMI_Handler       stm32f4xx_it.o
    0x08001b0c   0x00000008   Code   RO          235    i.StartDefaultTask  freertos.o
    0x08001b14   0x00000008   Code   RO          236    i.StartTask04       freertos.o
    0x08001b1c   0x0000001a   Code   RO         4369    i.SysTick_Handler   cmsis_os2.o
    0x08001b36   0x00000002   PAD
    0x08001b38   0x00000094   Code   RO           15    i.SystemClock_Config  main.o
    0x08001bcc   0x00000010   Code   RO         3222    i.SystemInit        system_stm32f4xx.o
    0x08001bdc   0x0000000c   Code   RO          383    i.TIM1_UP_TIM10_IRQHandler  stm32f4xx_it.o
    0x08001be8   0x000000c8   Code   RO         1986    i.TIM_Base_SetConfig  stm32f4xx_hal_tim.o
    0x08001cb0   0x0000006c   Code   RO         5064    i.TX                tx.o
    0x08001d1c   0x0000010c   Code   RO         2919    i.UART_SetConfig    stm32f4xx_hal_uart.o
    0x08001e28   0x00000002   Code   RO          384    i.UsageFault_Handler  stm32f4xx_it.o
    0x08001e2a   0x00000020   Code   RO         1516    i.__NVIC_SetPriority  stm32f4xx_hal_cortex.o
    0x08001e4a   0x000000a2   Code   RO         5120    i.get_moto_measure  can_rec.o
    0x08001eec   0x0000003c   Code   RO           16    i.main              main.o
    0x08001f28   0x0000067e   Code   RO         5018    i.moto_set          calculate.o
    0x080025a6   0x00000002   PAD
    0x080025a8   0x00000074   Code   RO         5121    i.my_can_filter_init_recv_all  can_rec.o
    0x0800261c   0x0000001a   Code   RO         4371    i.osDelay           cmsis_os2.o
    0x08002636   0x00000002   PAD
    0x08002638   0x00000024   Code   RO         4385    i.osKernelInitialize  cmsis_os2.o
    0x0800265c   0x00000038   Code   RO         4388    i.osKernelStart     cmsis_os2.o
    0x08002694   0x0000008a   Code   RO         4430    i.osThreadNew       cmsis_os2.o
    0x0800271e   0x000000de   Code   RO         5091    i.pid_culate        pid.o
    0x080027fc   0x00000016   Code   RO         5019    i.pid_init          calculate.o
    0x08002812   0x00000002   PAD
    0x08002814   0x0000005c   Code   RO         3830    i.prvAddCurrentTaskToDelayedList  tasks.o
    0x08002870   0x000000d0   Code   RO         3831    i.prvAddNewTaskToReadyList  tasks.o
    0x08002940   0x00000058   Code   RO         4195    i.prvCheckForValidListAndQueue  timers.o
    0x08002998   0x00000026   Code   RO         3427    i.prvCopyDataFromQueue  queue.o
    0x080029be   0x0000006c   Code   RO         3428    i.prvCopyDataToQueue  queue.o
    0x08002a2a   0x00000034   Code   RO         3832    i.prvDeleteTCB      tasks.o
    0x08002a5e   0x00000002   PAD
    0x08002a60   0x0000004c   Code   RO         4882    i.prvHeapInit       heap_4.o
    0x08002aac   0x00000060   Code   RO         3833    i.prvIdleTask       tasks.o
    0x08002b0c   0x00000022   Code   RO         3430    i.prvInitialiseNewQueue  queue.o
    0x08002b2e   0x00000002   PAD
    0x08002b30   0x000000b0   Code   RO         3834    i.prvInitialiseNewTask  tasks.o
    0x08002be0   0x0000004c   Code   RO         4883    i.prvInsertBlockIntoFreeList  heap_4.o
    0x08002c2c   0x00000038   Code   RO         4197    i.prvInsertTimerInActiveList  timers.o
    0x08002c64   0x0000001c   Code   RO         3431    i.prvIsQueueEmpty   queue.o
    0x08002c80   0x000000fc   Code   RO         4198    i.prvProcessReceivedCommands  timers.o
    0x08002d7c   0x000000c0   Code   RO         4199    i.prvProcessTimerOrBlockTask  timers.o
    0x08002e3c   0x00000020   Code   RO         3836    i.prvResetNextTaskUnblockTime  tasks.o
    0x08002e5c   0x00000028   Code   RO         4200    i.prvSampleTimeNow  timers.o
    0x08002e84   0x0000006c   Code   RO         4201    i.prvSwitchTimerLists  timers.o
    0x08002ef0   0x00000028   Code   RO         4938    i.prvTaskExitError  port.o
    0x08002f18   0x00000024   Code   RO         4202    i.prvTimerTask      timers.o
    0x08002f3c   0x0000006a   Code   RO         3432    i.prvUnlockQueue    queue.o
    0x08002fa6   0x00000002   PAD
    0x08002fa8   0x000000dc   Code   RO         4884    i.pvPortMalloc      heap_4.o
    0x08003084   0x0000002c   Code   RO         4939    i.pxPortInitialiseStack  port.o
    0x080030b0   0x00000086   Code   RO         5122    i.set_moto_current_all  can_rec.o
    0x08003136   0x00000026   Code   RO         3387    i.uxListRemove      list.o
    0x0800315c   0x00000014   Code   RO         4442    i.vApplicationGetIdleTaskMemory  cmsis_os2.o
    0x08003170   0x00000018   Code   RO         4443    i.vApplicationGetTimerTaskMemory  cmsis_os2.o
    0x08003188   0x00000016   Code   RO         3388    i.vListInitialise   list.o
    0x0800319e   0x00000006   Code   RO         3389    i.vListInitialiseItem  list.o
    0x080031a4   0x00000030   Code   RO         3390    i.vListInsert       list.o
    0x080031d4   0x00000018   Code   RO         3391    i.vListInsertEnd    list.o
    0x080031ec   0x00000040   Code   RO         4941    i.vPortEnterCritical  port.o
    0x0800322c   0x00000028   Code   RO         4942    i.vPortExitCritical  port.o
    0x08003254   0x00000064   Code   RO         4885    i.vPortFree         heap_4.o
    0x080032b8   0x00000024   Code   RO         4943    i.vPortSetupTimerInterrupt  port.o
    0x080032dc   0x00000054   Code   RO         4944    i.vPortValidateInterruptPriority  port.o
    0x08003330   0x00000028   Code   RO         3438    i.vQueueAddToRegistry  queue.o
    0x08003358   0x00000044   Code   RO         3442    i.vQueueWaitForMessageRestricted  queue.o
    0x0800339c   0x0000004c   Code   RO         3849    i.vTaskDelay        tasks.o
    0x080033e8   0x0000008c   Code   RO         3850    i.vTaskDelayUntil   tasks.o
    0x08003474   0x00000010   Code   RO         3854    i.vTaskInternalSetTimeOutState  tasks.o
    0x08003484   0x0000000c   Code   RO         3855    i.vTaskMissedYield  tasks.o
    0x08003490   0x00000030   Code   RO         3857    i.vTaskPlaceOnEventList  tasks.o
    0x080034c0   0x00000038   Code   RO         3858    i.vTaskPlaceOnEventListRestricted  tasks.o
    0x080034f8   0x00000088   Code   RO         3866    i.vTaskStartScheduler  tasks.o
    0x08003580   0x00000010   Code   RO         3868    i.vTaskSuspendAll   tasks.o
    0x08003590   0x00000064   Code   RO         3869    i.vTaskSwitchContext  tasks.o
    0x080035f4   0x000000f4   Code   RO         4945    i.xPortStartScheduler  port.o
    0x080036e8   0x0000002c   Code   RO         4946    i.xPortSysTickHandler  port.o
    0x08003714   0x00000066   Code   RO         3448    i.xQueueGenericCreateStatic  queue.o
    0x0800377a   0x00000002   PAD
    0x0800377c   0x00000088   Code   RO         3449    i.xQueueGenericReset  queue.o
    0x08003804   0x00000160   Code   RO         3450    i.xQueueGenericSend  queue.o
    0x08003964   0x000000be   Code   RO         3451    i.xQueueGenericSendFromISR  queue.o
    0x08003a22   0x00000002   PAD
    0x08003a24   0x00000138   Code   RO         3460    i.xQueueReceive     queue.o
    0x08003b5c   0x00000074   Code   RO         3871    i.xTaskCheckForTimeOut  tasks.o
    0x08003bd0   0x0000005a   Code   RO         3872    i.xTaskCreate       tasks.o
    0x08003c2a   0x00000056   Code   RO         3873    i.xTaskCreateStatic  tasks.o
    0x08003c80   0x0000001c   Code   RO         3877    i.xTaskGetSchedulerState  tasks.o
    0x08003c9c   0x0000000c   Code   RO         3878    i.xTaskGetTickCount  tasks.o
    0x08003ca8   0x000000c8   Code   RO         3880    i.xTaskIncrementTick  tasks.o
    0x08003d70   0x00000080   Code   RO         3883    i.xTaskPriorityDisinherit  tasks.o
    0x08003df0   0x00000070   Code   RO         3885    i.xTaskRemoveFromEventList  tasks.o
    0x08003e60   0x000000c4   Code   RO         3886    i.xTaskResumeAll    tasks.o
    0x08003f24   0x00000060   Code   RO         4211    i.xTimerCreateTimerTask  timers.o
    0x08003f84   0x00000068   Code   RO         4212    i.xTimerGenericCommand  timers.o
    0x08003fec   0x00000090   Data   RO          237    .constdata          freertos.o
    0x0800407c   0x00000010   Data   RO         3223    .constdata          system_stm32f4xx.o
    0x0800408c   0x00000008   Data   RO         3224    .constdata          system_stm32f4xx.o
    0x08004094   0x00000030   Data   RO          238    .conststring        freertos.o
    0x080040c4   0x00000000   Data   RO         5251    Region$$Table       anon$$obj.o


    Execution Region RW_IRAM1 (Base: 0x20000000, Size: 0x00006108, Max: 0x00020000, ABSOLUTE)

    Base Addr    Size         Type   Attr      Idx    E Section Name        Object

    0x20000000   0x00000010   Data   RW          239    .data               freertos.o
    0x20000010   0x00000004   Data   RW          288    .data               can.o
    0x20000014   0x0000000c   Data   RW         1660    .data               stm32f4xx_hal.o
    0x20000020   0x00000004   Data   RW         3225    .data               system_stm32f4xx.o
    0x20000024   0x0000003c   Data   RW         3889    .data               tasks.o
    0x20000060   0x00000014   Data   RW         4220    .data               timers.o
    0x20000074   0x00000004   Data   RW         4445    .data               cmsis_os2.o
    0x20000078   0x00000020   Data   RW         4891    .data               heap_4.o
    0x20000098   0x0000000c   Data   RW         4947    .data               port.o
    0x200000a4   0x00000002   Data   RW         5125    .data               can_rec.o
    0x200000a6   0x00000002   PAD
    0x200000a8   0x00000050   Zero   RW          287    .bss                can.o
    0x200000f8   0x00000044   Zero   RW          335    .bss                usart.o
    0x2000013c   0x00000048   Zero   RW          489    .bss                stm32f4xx_hal_timebase_tim.o
    0x20000184   0x00000040   Zero   RW         3464    .bss                queue.o
    0x200001c4   0x000004c4   Zero   RW         3888    .bss                tasks.o
    0x20000688   0x00000118   Zero   RW         4219    .bss                timers.o
    0x200007a0   0x000006b8   Zero   RW         4444    .bss                cmsis_os2.o
    0x20000e58   0x00003c00   Zero   RW         4890    .bss                heap_4.o
    0x20004a58   0x000012ac   Zero   RW         5123    .bss                can_rec.o
    0x20005d04   0x00000004   PAD
    0x20005d08   0x00000400   Zero   RW            1    STACK               startup_stm32f407xx.o

